{
  "success": true,
  "tool": "amarisoft.set_band",
  "human_summary": "PASS｜LTE Band 設定完成\n\n【Band】\nCell：N/A\nBand：BN/A\n頻寬：N/A MHz\nDL EARFCN：N/A\n\n【Connection】\nLTE Service：Stable\nUE 連線：已連線\n判定依據：phy_rate\nUE Data IP：192.168.3.2\nIP 來源：apn:internet\nPHY DL：12.758 Mbps\nPHY UL：5.202 Mbps\n\n【Timing】\nLTE Service 穩定：2.1 秒\nUE/PHY/Data IP：115.1 秒\n\n結果：PASS",
  "machine_result": {
    "success": true,
    "mode": "LTE",
    "band_config": "5A",
    "bandwidth_config": "10",
    "carriers": [
      {
        "success": true,
        "input_cfg": "D:\\NetworkAutomation\\plugins\\amarisoft\\AutoConfig.cfg",
        "output_cfg": "D:\\NetworkAutomation\\generated\\LTE_combo_stage_1.tmp.cfg",
        "cell": 1,
        "band": 5,
        "mode": "FDD",
        "dl_earfcn": 2525,
        "bandwidth_mhz": 10.0,
        "rb_dl": 50,
        "mimo_dl": null,
        "mimo_ul": null,
        "modulation_dl": null,
        "modulation_ul": null,
        "mcs_dl": null,
        "mcs_ul": null,
        "changes": [
          {
            "key": "LTE_Cell_1_EARFCN_DL",
            "old": "2525",
            "new": "2525"
          },
          {
            "key": "LTE_Cell_1_RB_DL",
            "old": "50",
            "new": "50"
          },
          {
            "key": "LTE_TDD_Cell_1",
            "old": "0",
            "new": "0"
          },
          {
            "key": "SDR_Count",
            "old": "2",
            "new": "2"
          },
          {
            "key": "SDR_Card",
            "old": "\"dev0=/dev/sdr0,dev1=/dev/sdr1,\"",
            "new": "\"dev0=/dev/sdr0,dev1=/dev/sdr1,\""
          }
        ],
        "sdr_allocation": {
          "model": "100M",
          "lte_cells": 1,
          "nr_cells": 0,
          "lte_sdr_count": 2,
          "nr_sdr_count": 0,
          "total_sdr_count": 2,
          "max_sdr_count": 8,
          "sdr_card": "dev0=/dev/sdr0,dev1=/dev/sdr1,",
          "per_cell": [
            {
              "rat": "LTE",
              "cell": 1,
              "mimo_dl": 4,
              "sdr_count": 2
            }
          ]
        }
      }
    ],
    "generated_cfg": "D:\\NetworkAutomation\\generated\\AutoConfig_LTE_5A.cfg",
    "local_config_verify": {
      "success": true,
      "defines": {
        "LTE_Cell_1_EARFCN_DL": "2525",
        "LTE_Cell_1_RB_DL": "50"
      }
    },
    "dry_run": false,
    "stage_success": {
      "config_generated": true,
      "uploaded": true,
      "lte_service_stable": true,
      "remote_config_verified": true,
      "ue_connected": true
    },
    "backup": {
      "success": true,
      "stdout": "",
      "stderr": ""
    },
    "upload": {
      "success": true,
      "local_path": "D:\\NetworkAutomation\\generated\\AutoConfig_LTE_5A.cfg",
      "remote_path": "/root/enb/config/AutoConfig.cfg"
    },
    "restart": {
      "success": true,
      "commands": [
        {
          "success": true,
          "command": "cd /root/enb/config && ln -sfn AutoConfig.cfg enb.cfg",
          "exit_code": 0,
          "stdout": "",
          "stderr": ""
        },
        {
          "success": true,
          "command": "service lte restart",
          "exit_code": 0,
          "stdout": "",
          "stderr": "Redirecting to /bin/systemctl restart lte.service\n"
        }
      ]
    },
    "lte_service": {
      "success": true,
      "elapsed_sec": 2.1,
      "attempts": [
        {
          "elapsed_sec": 0.0,
          "running": true,
          "consecutive_success": 1
        },
        {
          "elapsed_sec": 2.1,
          "running": true,
          "consecutive_success": 2
        }
      ]
    },
    "config_verify": {
      "success": true,
      "stdout": "#define LTE_Cell_1_RB_DL 50\r\n#define LTE_Cell_1_EARFCN_DL 2525\r\n",
      "stderr": ""
    },
    "ue_wait_timeout_sec": 300,
    "connection": {
      "success": true,
      "connected": true,
      "connection_basis": "phy_rate",
      "elapsed_sec": 115.1,
      "phy_connected_at_sec": 115.1,
      "data_ip_wait_sec": 0.0,
      "phy_rate": {
        "success": true,
        "cells": [
          {
            "cell_id": "1",
            "dl_bitrate_bps": 12758320,
            "ul_bitrate_bps": 5201620,
            "dl_bitrate_mbps": 12.758,
            "ul_bitrate_mbps": 5.202,
            "active": true
          }
        ],
        "total_dl_bitrate_bps": 12758320,
        "total_ul_bitrate_bps": 5201620,
        "total_dl_bitrate_mbps": 12.758,
        "total_ul_bitrate_mbps": 5.202,
        "active_cell_count": 1,
        "command": "cd /root/enb && ./ws.js 192.168.1.80:9001 '{\"message\":\"stats\"}'",
        "payload": {
          "message": "stats",
          "message_id": "id#1",
          "instance_id": "6a715e91",
          "cpu": {},
          "cells": {
            "1": {
              "dl_bitrate": 12758320,
              "ul_bitrate": 5201620,
              "dl_tx": 548,
              "ul_tx": 356,
              "dl_err": 0,
              "ul_err": 0,
              "dl_retx": 238,
              "ul_retx": 42,
              "dl_use_min": 0.08,
              "dl_use_max": 1,
              "dl_use_avg": 0.979,
              "dl_data_use_min": 0,
              "dl_data_use_max": 1,
              "dl_data_use_avg": 0.971,
              "ul_use_min": 0.24,
              "ul_use_max": 0.96,
              "ul_use_avg": 0.88,
              "ul_data_use_min": 0,
              "ul_data_use_max": 0.8,
              "ul_data_use_avg": 0.668,
              "ctrl_use_min": 0.111,
              "ctrl_use_max": 0.421,
              "ctrl_use_avg": 0.391,
              "dl_sched_users_min": 0,
              "dl_sched_users_max": 1,
              "dl_sched_users_avg": 0.983,
              "ul_sched_users_min": 0,
              "ul_sched_users_max": 1,
              "ul_sched_users_avg": 0.895,
              "ue_count_min": 2,
              "ue_count_max": 2,
              "ue_count_avg": 2,
              "ue_active_count_min": 2,
              "ue_active_count_max": 2,
              "ue_active_count_avg": 2,
              "ue_inactive_count_min": 0,
              "ue_inactive_count_max": 0,
              "ue_inactive_count_avg": 0,
              "erab_count_min": 2,
              "erab_count_max": 2,
              "erab_count_avg": 2,
              "dl_gbr_use_min": 0,
              "dl_gbr_use_max": 0,
              "dl_gbr_use_avg": 0,
              "ul_gbr_use_min": 0,
              "ul_gbr_use_max": 0,
              "ul_gbr_use_avg": 0,
              "counters": {
                "messages": {
                  "prach": 13,
                  "rrc_connection_request": 3,
                  "rrc_connection_setup": 3,
                  "rrc_connection_setup_complete": 2,
                  "rrc_ul_information_transfer": 5,
                  "rrc_dl_information_transfer": 4,
                  "rrc_security_mode_command": 1,
                  "rrc_security_mode_complete": 1,
                  "rrc_ue_capability_enquiry": 1,
                  "rrc_ue_capability_information": 1,
                  "rrc_connection_reconfiguration": 10,
                  "rrc_connection_reconfiguration_complete": 2,
                  "rrc_connection_release": 1
                },
                "errors": {}
              }
            }
          },
          "rf_ports": {
            "0": {
              "rxtx_delay": {
                "min": 2.199,
                "max": 3.461,
                "avg": 2.978,
                "sd": 0.27
              }
            }
          },
          "counters": {
            "messages": {
              "s1_erab_setup_request": 1,
              "s1_erab_setup_response": 1,
              "s1_initial_context_setup_request": 1,
              "s1_initial_context_setup_response": 1,
              "s1_downlink_nas_transport": 4,
              "s1_initial_ue_message": 2,
              "s1_uplink_nas_transport": 5,
              "s1_setup_request": 1,
              "s1_setup_response": 1,
              "s1_ue_capability_info_indication": 1,
              "s1_ue_context_release_command": 1,
              "s1_ue_context_release_complete": 1,
              "s1_nas_delivery_indication": 1
            },
            "errors": {}
          },
          "duration": 0.4,
          "time": 91.603,
          "utc": 1785814786.931
        }
      },
      "ues": [
        {
          "ip": null,
          "imsi": "001010123888888",
          "imei": "8668870400991701",
          "apn": null,
          "enb_ue_id": 13,
          "mme_ue_id": 101,
          "rnti": null
        },
        {
          "ip": "192.168.2.2",
          "imsi": null,
          "imei": null,
          "apn": "TestPLMN",
          "enb_ue_id": null,
          "mme_ue_id": null,
          "rnti": null
        },
        {
          "ip": "192.168.3.2",
          "imsi": null,
          "imei": null,
          "apn": "internet",
          "enb_ue_id": null,
          "mme_ue_id": null,
          "rnti": null
        }
      ],
      "ue": {
        "ip": "192.168.3.2",
        "imsi": null,
        "imei": null,
        "apn": "internet",
        "enb_ue_id": null,
        "mme_ue_id": null,
        "rnti": null
      },
      "data_ue": {
        "ip": "192.168.3.2",
        "imsi": null,
        "imei": null,
        "apn": "internet",
        "enb_ue_id": null,
        "mme_ue_id": null,
        "rnti": null
      },
      "data_ue_ip": "192.168.3.2",
      "data_ip_source": "apn:internet",
      "ping": {
        "success": true,
        "ip": "192.168.3.2",
        "command": "ping -c 1 -W 2 192.168.3.2",
        "stdout": "PING 192.168.3.2 (192.168.3.2) 56(84) bytes of data.\n64 bytes from 192.168.3.2: icmp_seq=1 ttl=64 time=14.9 ms\n\n--- 192.168.3.2 ping statistics ---\n1 packets transmitted, 1 received, 0% packet loss, time 0ms\nrtt min/avg/max/mdev = 14.901/14.901/14.901/0.000 ms\n",
        "stderr": "",
        "exit_code": 0
      },
      "ip_status": "reachable",
      "attempt_count": 26,
      "attempts": [
        {
          "elapsed_sec": 42.9,
          "phy_connected": false,
          "phy_rate": {
            "success": true,
            "cells": [
              {
                "cell_id": "1",
                "dl_bitrate_bps": 0,
                "ul_bitrate_bps": 0,
                "dl_bitrate_mbps": 0.0,
                "ul_bitrate_mbps": 0.0,
                "active": false
              }
            ],
            "total_dl_bitrate_bps": 0,
            "total_ul_bitrate_bps": 0,
            "total_dl_bitrate_mbps": 0.0,
            "total_ul_bitrate_mbps": 0.0,
            "active_cell_count": 0,
            "command": "cd /root/enb && ./ws.js 192.168.1.80:9001 '{\"message\":\"stats\"}'",
            "payload": {
              "message": "stats",
              "message_id": "id#1",
              "instance_id": "6a715e91",
              "cpu": {},
              "cells": {
                "1": {
                  "dl_bitrate": 0,
                  "ul_bitrate": 0,
                  "dl_tx": 0,
                  "ul_tx": 0,
                  "dl_err": 0,
                  "ul_err": 0,
                  "dl_retx": 0,
                  "ul_retx": 0,
                  "dl_use_min": 0,
                  "dl_use_max": 0.14,
                  "dl_use_avg": 0.008,
                  "dl_data_use_min": 0,
                  "dl_data_use_max": 0,
                  "dl_data_use_avg": 0,
                  "ul_use_min": 0.12,
                  "ul_use_max": 0.24,
                  "ul_use_avg": 0.132,
                  "ul_data_use_min": 0,
                  "ul_data_use_max": 0,
                  "ul_data_use_avg": 0,
                  "ctrl_use_min": 0,
                  "ctrl_use_max": 0.5,
                  "ctrl_use_avg": 0.04,
                  "dl_sched_users_min": 0,
                  "dl_sched_users_max": 0,
                  "dl_sched_users_avg": 0,
                  "ul_sched_users_min": 0,
                  "ul_sched_users_max": 0,
                  "ul_sched_users_avg": 0,
                  "ue_count_min": 0,
                  "ue_count_max": 0,
                  "ue_count_avg": 0,
                  "ue_active_count_min": 0,
                  "ue_active_count_max": 0,
                  "ue_active_count_avg": 0,
                  "ue_inactive_count_min": 0,
                  "ue_inactive_count_max": 0,
                  "ue_inactive_count_avg": 0,
                  "erab_count_min": 0,
                  "erab_count_max": 0,
                  "erab_count_avg": 0,
                  "dl_gbr_use_min": 0,
                  "dl_gbr_use_max": 0,
                  "dl_gbr_use_avg": 0,
                  "ul_gbr_use_min": 0,
                  "ul_gbr_use_max": 0,
                  "ul_gbr_use_avg": 0,
                  "counters": {
                    "messages": {},
                    "errors": {}
                  }
                }
              },
              "rf_ports": {
                "0": {
                  "rxtx_delay": {
                    "min": 2.532,
                    "max": 3.594,
                    "avg": 3.071,
                    "sd": 0.264
                  }
                }
              },
              "counters": {
                "messages": {
                  "s1_setup_request": 1,
                  "s1_setup_response": 1
                },
                "errors": {}
              },
              "duration": 0.4,
              "time": 19.407,
              "utc": 1785814714.73
            }
          },
          "ue_get_success": true,
          "matched_ues": [],
          "data_ue": null,
          "data_ip_source": "not_available",
          "data_ip_wait_sec": 0.0,
          "ping": null
        },
        {
          "elapsed_sec": 46.7,
          "phy_connected": false,
          "phy_rate": {
            "success": true,
            "cells": [
              {
                "cell_id": "1",
                "dl_bitrate_bps": 0,
                "ul_bitrate_bps": 0,
                "dl_bitrate_mbps": 0.0,
                "ul_bitrate_mbps": 0.0,
                "active": false
              }
            ],
            "total_dl_bitrate_bps": 0,
            "total_ul_bitrate_bps": 0,
            "total_dl_bitrate_mbps": 0.0,
            "total_ul_bitrate_mbps": 0.0,
            "active_cell_count": 0,
            "command": "cd /root/enb && ./ws.js 192.168.1.80:9001 '{\"message\":\"stats\"}'",
            "payload": {
              "message": "stats",
              "message_id": "id#1",
              "instance_id": "6a715e91",
              "cpu": {},
              "cells": {
                "1": {
                  "dl_bitrate": 0,
                  "ul_bitrate": 0,
                  "dl_tx": 0,
                  "ul_tx": 0,
                  "dl_err": 0,
                  "ul_err": 0,
                  "dl_retx": 0,
                  "ul_retx": 0,
                  "dl_use_min": 0,
                  "dl_use_max": 0.14,
                  "dl_use_avg": 0.008,
                  "dl_data_use_min": 0,
                  "dl_data_use_max": 0,
                  "dl_data_use_avg": 0,
                  "ul_use_min": 0.12,
                  "ul_use_max": 0.24,
                  "ul_use_avg": 0.132,
                  "ul_data_use_min": 0,
                  "ul_data_use_max": 0,
                  "ul_data_use_avg": 0,
                  "ctrl_use_min": 0,
                  "ctrl_use_max": 0.5,
                  "ctrl_use_avg": 0.04,
                  "dl_sched_users_min": 0,
                  "dl_sched_users_max": 0,
                  "dl_sched_users_avg": 0,
                  "ul_sched_users_min": 0,
                  "ul_sched_users_max": 0,
                  "ul_sched_users_avg": 0,
                  "ue_count_min": 0,
                  "ue_count_max": 0,
                  "ue_count_avg": 0,
                  "ue_active_count_min": 0,
                  "ue_active_count_max": 0,
                  "ue_active_count_avg": 0,
                  "ue_inactive_count_min": 0,
                  "ue_inactive_count_max": 0,
                  "ue_inactive_count_avg": 0,
                  "erab_count_min": 0,
                  "erab_count_max": 0,
                  "erab_count_avg": 0,
                  "dl_gbr_use_min": 0,
                  "dl_gbr_use_max": 0,
                  "dl_gbr_use_avg": 0,
                  "ul_gbr_use_min": 0,
                  "ul_gbr_use_max": 0,
                  "ul_gbr_use_avg": 0,
                  "counters": {
                    "messages": {},
                    "errors": {}
                  }
                }
              },
              "rf_ports": {
                "0": {
                  "rxtx_delay": {
                    "min": 2.532,
                    "max": 3.594,
                    "avg": 3.075,
                    "sd": 0.264
                  }
                }
              },
              "counters": {
                "messages": {
                  "s1_setup_request": 1,
                  "s1_setup_response": 1
                },
                "errors": {}
              },
              "duration": 0.4,
              "time": 23.243,
              "utc": 1785814718.571
            }
          },
          "ue_get_success": true,
          "matched_ues": [],
          "data_ue": null,
          "data_ip_source": "not_available",
          "data_ip_wait_sec": 0.0,
          "ping": null
        },
        {
          "elapsed_sec": 50.5,
          "phy_connected": false,
          "phy_rate": {
            "success": true,
            "cells": [
              {
                "cell_id": "1",
                "dl_bitrate_bps": 0,
                "ul_bitrate_bps": 0,
                "dl_bitrate_mbps": 0.0,
                "ul_bitrate_mbps": 0.0,
                "active": false
              }
            ],
            "total_dl_bitrate_bps": 0,
            "total_ul_bitrate_bps": 0,
            "total_dl_bitrate_mbps": 0.0,
            "total_ul_bitrate_mbps": 0.0,
            "active_cell_count": 0,
            "command": "cd /root/enb && ./ws.js 192.168.1.80:9001 '{\"message\":\"stats\"}'",
            "payload": {
              "message": "stats",
              "message_id": "id#1",
              "instance_id": "6a715e91",
              "cpu": {},
              "cells": {
                "1": {
                  "dl_bitrate": 0,
                  "ul_bitrate": 0,
                  "dl_tx": 0,
                  "ul_tx": 0,
                  "dl_err": 0,
                  "ul_err": 0,
                  "dl_retx": 0,
                  "ul_retx": 0,
                  "dl_use_min": 0,
                  "dl_use_max": 0.14,
                  "dl_use_avg": 0.007,
                  "dl_data_use_min": 0,
                  "dl_data_use_max": 0,
                  "dl_data_use_avg": 0,
                  "ul_use_min": 0.12,
                  "ul_use_max": 0.24,
                  "ul_use_avg": 0.132,
                  "ul_data_use_min": 0,
                  "ul_data_use_max": 0,
                  "ul_data_use_avg": 0,
                  "ctrl_use_min": 0,
                  "ctrl_use_max": 0.5,
                  "ctrl_use_avg": 0.035,
                  "dl_sched_users_min": 0,
                  "dl_sched_users_max": 0,
                  "dl_sched_users_avg": 0,
                  "ul_sched_users_min": 0,
                  "ul_sched_users_max": 0,
                  "ul_sched_users_avg": 0,
                  "ue_count_min": 0,
                  "ue_count_max": 0,
                  "ue_count_avg": 0,
                  "ue_active_count_min": 0,
                  "ue_active_count_max": 0,
                  "ue_active_count_avg": 0,
                  "ue_inactive_count_min": 0,
                  "ue_inactive_count_max": 0,
                  "ue_inactive_count_avg": 0,
                  "erab_count_min": 0,
                  "erab_count_max": 0,
                  "erab_count_avg": 0,
                  "dl_gbr_use_min": 0,
                  "dl_gbr_use_max": 0,
                  "dl_gbr_use_avg": 0,
                  "ul_gbr_use_min": 0,
                  "ul_gbr_use_max": 0,
                  "ul_gbr_use_avg": 0,
                  "counters": {
                    "messages": {},
                    "errors": {}
                  }
                }
              },
              "rf_ports": {
                "0": {
                  "rxtx_delay": {
                    "min": 2.532,
                    "max": 3.527,
                    "avg": 3.073,
                    "sd": 0.263
                  }
                }
              },
              "counters": {
                "messages": {
                  "s1_setup_request": 1,
                  "s1_setup_response": 1
                },
                "errors": {}
              },
              "duration": 0.4,
              "time": 27.015,
              "utc": 1785814722.339
            }
          },
          "ue_get_success": true,
          "matched_ues": [],
          "data_ue": null,
          "data_ip_source": "not_available",
          "data_ip_wait_sec": 0.0,
          "ping": null
        },
        {
          "elapsed_sec": 54.2,
          "phy_connected": false,
          "phy_rate": {
            "success": true,
            "cells": [
              {
                "cell_id": "1",
                "dl_bitrate_bps": 0,
                "ul_bitrate_bps": 0,
                "dl_bitrate_mbps": 0.0,
                "ul_bitrate_mbps": 0.0,
                "active": false
              }
            ],
            "total_dl_bitrate_bps": 0,
            "total_ul_bitrate_bps": 0,
            "total_dl_bitrate_mbps": 0.0,
            "total_ul_bitrate_mbps": 0.0,
            "active_cell_count": 0,
            "command": "cd /root/enb && ./ws.js 192.168.1.80:9001 '{\"message\":\"stats\"}'",
            "payload": {
              "message": "stats",
              "message_id": "id#1",
              "instance_id": "6a715e91",
              "cpu": {},
              "cells": {
                "1": {
                  "dl_bitrate": 0,
                  "ul_bitrate": 0,
                  "dl_tx": 0,
                  "ul_tx": 0,
                  "dl_err": 0,
                  "ul_err": 0,
                  "dl_retx": 0,
                  "ul_retx": 0,
                  "dl_use_min": 0,
                  "dl_use_max": 0.14,
                  "dl_use_avg": 0.008,
                  "dl_data_use_min": 0,
                  "dl_data_use_max": 0,
                  "dl_data_use_avg": 0,
                  "ul_use_min": 0.12,
                  "ul_use_max": 0.24,
                  "ul_use_avg": 0.132,
                  "ul_data_use_min": 0,
                  "ul_data_use_max": 0,
                  "ul_data_use_avg": 0,
                  "ctrl_use_min": 0,
                  "ctrl_use_max": 0.5,
                  "ctrl_use_avg": 0.04,
                  "dl_sched_users_min": 0,
                  "dl_sched_users_max": 0,
                  "dl_sched_users_avg": 0,
                  "ul_sched_users_min": 0,
                  "ul_sched_users_max": 0,
                  "ul_sched_users_avg": 0,
                  "ue_count_min": 0,
                  "ue_count_max": 0,
                  "ue_count_avg": 0,
                  "ue_active_count_min": 0,
                  "ue_active_count_max": 0,
                  "ue_active_count_avg": 0,
                  "ue_inactive_count_min": 0,
                  "ue_inactive_count_max": 0,
                  "ue_inactive_count_avg": 0,
                  "erab_count_min": 0,
                  "erab_count_max": 0,
                  "erab_count_avg": 0,
                  "dl_gbr_use_min": 0,
                  "dl_gbr_use_max": 0,
                  "dl_gbr_use_avg": 0,
                  "ul_gbr_use_min": 0,
                  "ul_gbr_use_max": 0,
                  "ul_gbr_use_avg": 0,
                  "counters": {
                    "messages": {},
                    "errors": {}
                  }
                }
              },
              "rf_ports": {
                "0": {
                  "rxtx_delay": {
                    "min": 2.532,
                    "max": 3.594,
                    "avg": 3.071,
                    "sd": 0.264
                  }
                }
              },
              "counters": {
                "messages": {
                  "s1_setup_request": 1,
                  "s1_setup_response": 1
                },
                "errors": {}
              },
              "duration": 0.4,
              "time": 30.768,
              "utc": 1785814726.093
            }
          },
          "ue_get_success": true,
          "matched_ues": [],
          "data_ue": null,
          "data_ip_source": "not_available",
          "data_ip_wait_sec": 0.0,
          "ping": null
        },
        {
          "elapsed_sec": 58.0,
          "phy_connected": false,
          "phy_rate": {
            "success": true,
            "cells": [
              {
                "cell_id": "1",
                "dl_bitrate_bps": 0,
                "ul_bitrate_bps": 0,
                "dl_bitrate_mbps": 0.0,
                "ul_bitrate_mbps": 0.0,
                "active": false
              }
            ],
            "total_dl_bitrate_bps": 0,
            "total_ul_bitrate_bps": 0,
            "total_dl_bitrate_mbps": 0.0,
            "total_ul_bitrate_mbps": 0.0,
            "active_cell_count": 0,
            "command": "cd /root/enb && ./ws.js 192.168.1.80:9001 '{\"message\":\"stats\"}'",
            "payload": {
              "message": "stats",
              "message_id": "id#1",
              "instance_id": "6a715e91",
              "cpu": {},
              "cells": {
                "1": {
                  "dl_bitrate": 0,
                  "ul_bitrate": 0,
                  "dl_tx": 0,
                  "ul_tx": 0,
                  "dl_err": 0,
                  "ul_err": 0,
                  "dl_retx": 0,
                  "ul_retx": 0,
                  "dl_use_min": 0,
                  "dl_use_max": 0.14,
                  "dl_use_avg": 0.007,
                  "dl_data_use_min": 0,
                  "dl_data_use_max": 0,
                  "dl_data_use_avg": 0,
                  "ul_use_min": 0.12,
                  "ul_use_max": 0.24,
                  "ul_use_avg": 0.132,
                  "ul_data_use_min": 0,
                  "ul_data_use_max": 0,
                  "ul_data_use_avg": 0,
                  "ctrl_use_min": 0,
                  "ctrl_use_max": 0.5,
                  "ctrl_use_avg": 0.035,
                  "dl_sched_users_min": 0,
                  "dl_sched_users_max": 0,
                  "dl_sched_users_avg": 0,
                  "ul_sched_users_min": 0,
                  "ul_sched_users_max": 0,
                  "ul_sched_users_avg": 0,
                  "ue_count_min": 1,
                  "ue_count_max": 1,
                  "ue_count_avg": 1,
                  "ue_active_count_min": 1,
                  "ue_active_count_max": 1,
                  "ue_active_count_avg": 1,
                  "ue_inactive_count_min": 0,
                  "ue_inactive_count_max": 0,
                  "ue_inactive_count_avg": 0,
                  "erab_count_min": 0,
                  "erab_count_max": 0,
                  "erab_count_avg": 0,
                  "dl_gbr_use_min": 0,
                  "dl_gbr_use_max": 0,
                  "dl_gbr_use_avg": 0,
                  "ul_gbr_use_min": 0,
                  "ul_gbr_use_max": 0,
                  "ul_gbr_use_avg": 0,
                  "counters": {
                    "messages": {
                      "prach": 2,
                      "rrc_connection_request": 1,
                      "rrc_connection_setup": 1,
                      "rrc_connection_reconfiguration": 1
                    },
                    "errors": {}
                  }
                }
              },
              "rf_ports": {
                "0": {
                  "rxtx_delay": {
                    "min": 2.532,
                    "max": 3.594,
                    "avg": 3.073,
                    "sd": 0.264
                  }
                }
              },
              "counters": {
                "messages": {
                  "s1_setup_request": 1,
                  "s1_setup_response": 1
                },
                "errors": {}
              },
              "duration": 0.4,
              "time": 34.553,
              "utc": 1785814729.882
            }
          },
          "ue_get_success": true,
          "matched_ues": [],
          "data_ue": null,
          "data_ip_source": "not_available",
          "data_ip_wait_sec": 0.0,
          "ping": null
        },
        {
          "elapsed_sec": 61.8,
          "phy_connected": false,
          "phy_rate": {
            "success": true,
            "cells": [
              {
                "cell_id": "1",
                "dl_bitrate_bps": 0,
                "ul_bitrate_bps": 0,
                "dl_bitrate_mbps": 0.0,
                "ul_bitrate_mbps": 0.0,
                "active": false
              }
            ],
            "total_dl_bitrate_bps": 0,
            "total_ul_bitrate_bps": 0,
            "total_dl_bitrate_mbps": 0.0,
            "total_ul_bitrate_mbps": 0.0,
            "active_cell_count": 0,
            "command": "cd /root/enb && ./ws.js 192.168.1.80:9001 '{\"message\":\"stats\"}'",
            "payload": {
              "message": "stats",
              "message_id": "id#1",
              "instance_id": "6a715e91",
              "cpu": {},
              "cells": {
                "1": {
                  "dl_bitrate": 0,
                  "ul_bitrate": 0,
                  "dl_tx": 0,
                  "ul_tx": 0,
                  "dl_err": 0,
                  "ul_err": 0,
                  "dl_retx": 0,
                  "ul_retx": 0,
                  "dl_use_min": 0,
                  "dl_use_max": 0.14,
                  "dl_use_avg": 0.008,
                  "dl_data_use_min": 0,
                  "dl_data_use_max": 0,
                  "dl_data_use_avg": 0,
                  "ul_use_min": 0.12,
                  "ul_use_max": 0.24,
                  "ul_use_avg": 0.132,
                  "ul_data_use_min": 0,
                  "ul_data_use_max": 0,
                  "ul_data_use_avg": 0,
                  "ctrl_use_min": 0,
                  "ctrl_use_max": 0.5,
                  "ctrl_use_avg": 0.037,
                  "dl_sched_users_min": 0,
                  "dl_sched_users_max": 0,
                  "dl_sched_users_avg": 0,
                  "ul_sched_users_min": 0,
                  "ul_sched_users_max": 0,
                  "ul_sched_users_avg": 0,
                  "ue_count_min": 1,
                  "ue_count_max": 1,
                  "ue_count_avg": 1,
                  "ue_active_count_min": 1,
                  "ue_active_count_max": 1,
                  "ue_active_count_avg": 1,
                  "ue_inactive_count_min": 0,
                  "ue_inactive_count_max": 0,
                  "ue_inactive_count_avg": 0,
                  "erab_count_min": 0,
                  "erab_count_max": 0,
                  "erab_count_avg": 0,
                  "dl_gbr_use_min": 0,
                  "dl_gbr_use_max": 0,
                  "dl_gbr_use_avg": 0,
                  "ul_gbr_use_min": 0,
                  "ul_gbr_use_max": 0,
                  "ul_gbr_use_avg": 0,
                  "counters": {
                    "messages": {
                      "prach": 4,
                      "rrc_connection_request": 1,
                      "rrc_connection_setup": 1,
                      "rrc_connection_reconfiguration": 3
                    },
                    "errors": {}
                  }
                }
              },
              "rf_ports": {
                "0": {
                  "rxtx_delay": {
                    "min": 2.532,
                    "max": 3.527,
                    "avg": 3.072,
                    "sd": 0.264
                  }
                }
              },
              "counters": {
                "messages": {
                  "s1_setup_request": 1,
                  "s1_setup_response": 1
                },
                "errors": {}
              },
              "duration": 0.4,
              "time": 38.327,
              "utc": 1785814733.659
            }
          },
          "ue_get_success": true,
          "matched_ues": [],
          "data_ue": null,
          "data_ip_source": "not_available",
          "data_ip_wait_sec": 0.0,
          "ping": null
        },
        {
          "elapsed_sec": 65.6,
          "phy_connected": false,
          "phy_rate": {
            "success": true,
            "cells": [
              {
                "cell_id": "1",
                "dl_bitrate_bps": 0,
                "ul_bitrate_bps": 0,
                "dl_bitrate_mbps": 0.0,
                "ul_bitrate_mbps": 0.0,
                "active": false
              }
            ],
            "total_dl_bitrate_bps": 0,
            "total_ul_bitrate_bps": 0,
            "total_dl_bitrate_mbps": 0.0,
            "total_ul_bitrate_mbps": 0.0,
            "active_cell_count": 0,
            "command": "cd /root/enb && ./ws.js 192.168.1.80:9001 '{\"message\":\"stats\"}'",
            "payload": {
              "message": "stats",
              "message_id": "id#1",
              "instance_id": "6a715e91",
              "cpu": {},
              "cells": {
                "1": {
                  "dl_bitrate": 0,
                  "ul_bitrate": 0,
                  "dl_tx": 0,
                  "ul_tx": 0,
                  "dl_err": 0,
                  "ul_err": 0,
                  "dl_retx": 0,
                  "ul_retx": 0,
                  "dl_use_min": 0,
                  "dl_use_max": 0.14,
                  "dl_use_avg": 0.008,
                  "dl_data_use_min": 0,
                  "dl_data_use_max": 0,
                  "dl_data_use_avg": 0,
                  "ul_use_min": 0.12,
                  "ul_use_max": 0.24,
                  "ul_use_avg": 0.132,
                  "ul_data_use_min": 0,
                  "ul_data_use_max": 0,
                  "ul_data_use_avg": 0,
                  "ctrl_use_min": 0,
                  "ctrl_use_max": 0.5,
                  "ctrl_use_avg": 0.04,
                  "dl_sched_users_min": 0,
                  "dl_sched_users_max": 0,
                  "dl_sched_users_avg": 0,
                  "ul_sched_users_min": 0,
                  "ul_sched_users_max": 0,
                  "ul_sched_users_avg": 0,
                  "ue_count_min": 1,
                  "ue_count_max": 1,
                  "ue_count_avg": 1,
                  "ue_active_count_min": 1,
                  "ue_active_count_max": 1,
                  "ue_active_count_avg": 1,
                  "ue_inactive_count_min": 0,
                  "ue_inactive_count_max": 0,
                  "ue_inactive_count_avg": 0,
                  "erab_count_min": 0,
                  "erab_count_max": 0,
                  "erab_count_avg": 0,
                  "dl_gbr_use_min": 0,
                  "dl_gbr_use_max": 0,
                  "dl_gbr_use_avg": 0,
                  "ul_gbr_use_min": 0,
                  "ul_gbr_use_max": 0,
                  "ul_gbr_use_avg": 0,
                  "counters": {
                    "messages": {
                      "prach": 6,
                      "rrc_connection_request": 1,
                      "rrc_connection_setup": 1,
                      "rrc_connection_reconfiguration": 5
                    },
                    "errors": {}
                  }
                }
              },
              "rf_ports": {
                "0": {
                  "rxtx_delay": {
                    "min": 2.532,
                    "max": 3.594,
                    "avg": 3.073,
                    "sd": 0.264
                  }
                }
              },
              "counters": {
                "messages": {
                  "s1_setup_request": 1,
                  "s1_setup_response": 1
                },
                "errors": {}
              },
              "duration": 0.4,
              "time": 42.106,
              "utc": 1785814737.43
            }
          },
          "ue_get_success": true,
          "matched_ues": [],
          "data_ue": null,
          "data_ip_source": "not_available",
          "data_ip_wait_sec": 0.0,
          "ping": null
        },
        {
          "elapsed_sec": 69.3,
          "phy_connected": false,
          "phy_rate": {
            "success": true,
            "cells": [
              {
                "cell_id": "1",
                "dl_bitrate_bps": 0,
                "ul_bitrate_bps": 0,
                "dl_bitrate_mbps": 0.0,
                "ul_bitrate_mbps": 0.0,
                "active": false
              }
            ],
            "total_dl_bitrate_bps": 0,
            "total_ul_bitrate_bps": 0,
            "total_dl_bitrate_mbps": 0.0,
            "total_ul_bitrate_mbps": 0.0,
            "active_cell_count": 0,
            "command": "cd /root/enb && ./ws.js 192.168.1.80:9001 '{\"message\":\"stats\"}'",
            "payload": {
              "message": "stats",
              "message_id": "id#1",
              "instance_id": "6a715e91",
              "cpu": {},
              "cells": {
                "1": {
                  "dl_bitrate": 0,
                  "ul_bitrate": 0,
                  "dl_tx": 0,
                  "ul_tx": 0,
                  "dl_err": 0,
                  "ul_err": 0,
                  "dl_retx": 0,
                  "ul_retx": 0,
                  "dl_use_min": 0,
                  "dl_use_max": 0.14,
                  "dl_use_avg": 0.007,
                  "dl_data_use_min": 0,
                  "dl_data_use_max": 0,
                  "dl_data_use_avg": 0,
                  "ul_use_min": 0.12,
                  "ul_use_max": 0.24,
                  "ul_use_avg": 0.132,
                  "ul_data_use_min": 0,
                  "ul_data_use_max": 0,
                  "ul_data_use_avg": 0,
                  "ctrl_use_min": 0,
                  "ctrl_use_max": 0.5,
                  "ctrl_use_avg": 0.035,
                  "dl_sched_users_min": 0,
                  "dl_sched_users_max": 0,
                  "dl_sched_users_avg": 0,
                  "ul_sched_users_min": 0,
                  "ul_sched_users_max": 0,
                  "ul_sched_users_avg": 0,
                  "ue_count_min": 1,
                  "ue_count_max": 1,
                  "ue_count_avg": 1,
                  "ue_active_count_min": 1,
                  "ue_active_count_max": 1,
                  "ue_active_count_avg": 1,
                  "ue_inactive_count_min": 0,
                  "ue_inactive_count_max": 0,
                  "ue_inactive_count_avg": 0,
                  "erab_count_min": 0,
                  "erab_count_max": 0,
                  "erab_count_avg": 0,
                  "dl_gbr_use_min": 0,
                  "dl_gbr_use_max": 0,
                  "dl_gbr_use_avg": 0,
                  "ul_gbr_use_min": 0,
                  "ul_gbr_use_max": 0,
                  "ul_gbr_use_avg": 0,
                  "counters": {
                    "messages": {
                      "prach": 8,
                      "rrc_connection_request": 1,
                      "rrc_connection_setup": 1,
                      "rrc_connection_reconfiguration": 7
                    },
                    "errors": {}
                  }
                }
              },
              "rf_ports": {
                "0": {
                  "rxtx_delay": {
                    "min": 2.532,
                    "max": 3.594,
                    "avg": 3.074,
                    "sd": 0.264
                  }
                }
              },
              "counters": {
                "messages": {
                  "s1_setup_request": 1,
                  "s1_setup_response": 1
                },
                "errors": {}
              },
              "duration": 0.4,
              "time": 45.877,
              "utc": 1785814741.201
            }
          },
          "ue_get_success": true,
          "matched_ues": [],
          "data_ue": null,
          "data_ip_source": "not_available",
          "data_ip_wait_sec": 0.0,
          "ping": null
        },
        {
          "elapsed_sec": 73.2,
          "phy_connected": false,
          "phy_rate": {
            "success": true,
            "cells": [
              {
                "cell_id": "1",
                "dl_bitrate_bps": 0,
                "ul_bitrate_bps": 0,
                "dl_bitrate_mbps": 0.0,
                "ul_bitrate_mbps": 0.0,
                "active": false
              }
            ],
            "total_dl_bitrate_bps": 0,
            "total_ul_bitrate_bps": 0,
            "total_dl_bitrate_mbps": 0.0,
            "total_ul_bitrate_mbps": 0.0,
            "active_cell_count": 0,
            "command": "cd /root/enb && ./ws.js 192.168.1.80:9001 '{\"message\":\"stats\"}'",
            "payload": {
              "message": "stats",
              "message_id": "id#1",
              "instance_id": "6a715e91",
              "cpu": {},
              "cells": {
                "1": {
                  "dl_bitrate": 0,
                  "ul_bitrate": 0,
                  "dl_tx": 0,
                  "ul_tx": 0,
                  "dl_err": 0,
                  "ul_err": 0,
                  "dl_retx": 0,
                  "ul_retx": 0,
                  "dl_use_min": 0,
                  "dl_use_max": 0.14,
                  "dl_use_avg": 0.007,
                  "dl_data_use_min": 0,
                  "dl_data_use_max": 0,
                  "dl_data_use_avg": 0,
                  "ul_use_min": 0.12,
                  "ul_use_max": 0.24,
                  "ul_use_avg": 0.132,
                  "ul_data_use_min": 0,
                  "ul_data_use_max": 0,
                  "ul_data_use_avg": 0,
                  "ctrl_use_min": 0,
                  "ctrl_use_max": 0.5,
                  "ctrl_use_avg": 0.035,
                  "dl_sched_users_min": 0,
                  "dl_sched_users_max": 0,
                  "dl_sched_users_avg": 0,
                  "ul_sched_users_min": 0,
                  "ul_sched_users_max": 0,
                  "ul_sched_users_avg": 0,
                  "ue_count_min": 1,
                  "ue_count_max": 1,
                  "ue_count_avg": 1,
                  "ue_active_count_min": 1,
                  "ue_active_count_max": 1,
                  "ue_active_count_avg": 1,
                  "ue_inactive_count_min": 0,
                  "ue_inactive_count_max": 0,
                  "ue_inactive_count_avg": 0,
                  "erab_count_min": 0,
                  "erab_count_max": 0,
                  "erab_count_avg": 0,
                  "dl_gbr_use_min": 0,
                  "dl_gbr_use_max": 0,
                  "dl_gbr_use_avg": 0,
                  "ul_gbr_use_min": 0,
                  "ul_gbr_use_max": 0,
                  "ul_gbr_use_avg": 0,
                  "counters": {
                    "messages": {
                      "prach": 9,
                      "rrc_connection_request": 1,
                      "rrc_connection_setup": 1,
                      "rrc_connection_reconfiguration": 8
                    },
                    "errors": {}
                  }
                }
              },
              "rf_ports": {
                "0": {
                  "rxtx_delay": {
                    "min": 2.532,
                    "max": 3.594,
                    "avg": 3.074,
                    "sd": 0.264
                  }
                }
              },
              "counters": {
                "messages": {
                  "s1_setup_request": 1,
                  "s1_setup_response": 1
                },
                "errors": {}
              },
              "duration": 0.4,
              "time": 49.736,
              "utc": 1785814745.065
            }
          },
          "ue_get_success": true,
          "matched_ues": [],
          "data_ue": null,
          "data_ip_source": "not_available",
          "data_ip_wait_sec": 0.0,
          "ping": null
        },
        {
          "elapsed_sec": 77.1,
          "phy_connected": false,
          "phy_rate": {
            "success": true,
            "cells": [
              {
                "cell_id": "1",
                "dl_bitrate_bps": 0,
                "ul_bitrate_bps": 0,
                "dl_bitrate_mbps": 0.0,
                "ul_bitrate_mbps": 0.0,
                "active": false
              }
            ],
            "total_dl_bitrate_bps": 0,
            "total_ul_bitrate_bps": 0,
            "total_dl_bitrate_mbps": 0.0,
            "total_ul_bitrate_mbps": 0.0,
            "active_cell_count": 0,
            "command": "cd /root/enb && ./ws.js 192.168.1.80:9001 '{\"message\":\"stats\"}'",
            "payload": {
              "message": "stats",
              "message_id": "id#1",
              "instance_id": "6a715e91",
              "cpu": {},
              "cells": {
                "1": {
                  "dl_bitrate": 0,
                  "ul_bitrate": 0,
                  "dl_tx": 0,
                  "ul_tx": 0,
                  "dl_err": 0,
                  "ul_err": 0,
                  "dl_retx": 0,
                  "ul_retx": 0,
                  "dl_use_min": 0,
                  "dl_use_max": 0.14,
                  "dl_use_avg": 0.008,
                  "dl_data_use_min": 0,
                  "dl_data_use_max": 0,
                  "dl_data_use_avg": 0,
                  "ul_use_min": 0.12,
                  "ul_use_max": 0.24,
                  "ul_use_avg": 0.132,
                  "ul_data_use_min": 0,
                  "ul_data_use_max": 0,
                  "ul_data_use_avg": 0,
                  "ctrl_use_min": 0,
                  "ctrl_use_max": 0.5,
                  "ctrl_use_avg": 0.04,
                  "dl_sched_users_min": 0,
                  "dl_sched_users_max": 0,
                  "dl_sched_users_avg": 0,
                  "ul_sched_users_min": 0,
                  "ul_sched_users_max": 0,
                  "ul_sched_users_avg": 0,
                  "ue_count_min": 1,
                  "ue_count_max": 1,
                  "ue_count_avg": 1,
                  "ue_active_count_min": 1,
                  "ue_active_count_max": 1,
                  "ue_active_count_avg": 1,
                  "ue_inactive_count_min": 0,
                  "ue_inactive_count_max": 0,
                  "ue_inactive_count_avg": 0,
                  "erab_count_min": 0,
                  "erab_count_max": 0,
                  "erab_count_avg": 0,
                  "dl_gbr_use_min": 0,
                  "dl_gbr_use_max": 0,
                  "dl_gbr_use_avg": 0,
                  "ul_gbr_use_min": 0,
                  "ul_gbr_use_max": 0,
                  "ul_gbr_use_avg": 0,
                  "counters": {
                    "messages": {
                      "prach": 9,
                      "rrc_connection_request": 1,
                      "rrc_connection_setup": 1,
                      "rrc_connection_reconfiguration": 8
                    },
                    "errors": {}
                  }
                }
              },
              "rf_ports": {
                "0": {
                  "rxtx_delay": {
                    "min": 2.532,
                    "max": 3.594,
                    "avg": 3.071,
                    "sd": 0.264
                  }
                }
              },
              "counters": {
                "messages": {
                  "s1_setup_request": 1,
                  "s1_setup_response": 1
                },
                "errors": {}
              },
              "duration": 0.4,
              "time": 53.653,
              "utc": 1785814748.981
            }
          },
          "ue_get_success": true,
          "matched_ues": [],
          "data_ue": null,
          "data_ip_source": "not_available",
          "data_ip_wait_sec": 0.0,
          "ping": null
        },
        {
          "elapsed_sec": 80.9,
          "phy_connected": false,
          "phy_rate": {
            "success": true,
            "cells": [
              {
                "cell_id": "1",
                "dl_bitrate_bps": 0,
                "ul_bitrate_bps": 0,
                "dl_bitrate_mbps": 0.0,
                "ul_bitrate_mbps": 0.0,
                "active": false
              }
            ],
            "total_dl_bitrate_bps": 0,
            "total_ul_bitrate_bps": 0,
            "total_dl_bitrate_mbps": 0.0,
            "total_ul_bitrate_mbps": 0.0,
            "active_cell_count": 0,
            "command": "cd /root/enb && ./ws.js 192.168.1.80:9001 '{\"message\":\"stats\"}'",
            "payload": {
              "message": "stats",
              "message_id": "id#1",
              "instance_id": "6a715e91",
              "cpu": {},
              "cells": {
                "1": {
                  "dl_bitrate": 0,
                  "ul_bitrate": 0,
                  "dl_tx": 0,
                  "ul_tx": 0,
                  "dl_err": 0,
                  "ul_err": 1,
                  "dl_retx": 0,
                  "ul_retx": 5,
                  "dl_use_min": 0,
                  "dl_use_max": 0.14,
                  "dl_use_avg": 0.007,
                  "dl_data_use_min": 0,
                  "dl_data_use_max": 0,
                  "dl_data_use_avg": 0,
                  "ul_use_min": 0.12,
                  "ul_use_max": 0.24,
                  "ul_use_avg": 0.133,
                  "ul_data_use_min": 0,
                  "ul_data_use_max": 0,
                  "ul_data_use_avg": 0,
                  "ctrl_use_min": 0,
                  "ctrl_use_max": 0.5,
                  "ctrl_use_avg": 0.036,
                  "dl_sched_users_min": 0,
                  "dl_sched_users_max": 0,
                  "dl_sched_users_avg": 0,
                  "ul_sched_users_min": 0,
                  "ul_sched_users_max": 0,
                  "ul_sched_users_avg": 0,
                  "ue_count_min": 1,
                  "ue_count_max": 1,
                  "ue_count_avg": 1,
                  "ue_active_count_min": 1,
                  "ue_active_count_max": 1,
                  "ue_active_count_avg": 1,
                  "ue_inactive_count_min": 0,
                  "ue_inactive_count_max": 0,
                  "ue_inactive_count_avg": 0,
                  "erab_count_min": 0,
                  "erab_count_max": 0,
                  "erab_count_avg": 0,
                  "dl_gbr_use_min": 0,
                  "dl_gbr_use_max": 0,
                  "dl_gbr_use_avg": 0,
                  "ul_gbr_use_min": 0,
                  "ul_gbr_use_max": 0,
                  "ul_gbr_use_avg": 0,
                  "counters": {
                    "messages": {
                      "prach": 10,
                      "rrc_connection_request": 1,
                      "rrc_connection_setup": 1,
                      "rrc_connection_reconfiguration": 8
                    },
                    "errors": {}
                  }
                }
              },
              "rf_ports": {
                "0": {
                  "rxtx_delay": {
                    "min": 2.532,
                    "max": 3.594,
                    "avg": 3.073,
                    "sd": 0.263
                  }
                }
              },
              "counters": {
                "messages": {
                  "s1_setup_request": 1,
                  "s1_setup_response": 1
                },
                "errors": {}
              },
              "duration": 0.4,
              "time": 57.425,
              "utc": 1785814752.749
            }
          },
          "ue_get_success": true,
          "matched_ues": [],
          "data_ue": null,
          "data_ip_source": "not_available",
          "data_ip_wait_sec": 0.0,
          "ping": null
        },
        {
          "elapsed_sec": 84.7,
          "phy_connected": false,
          "phy_rate": {
            "success": true,
            "cells": [
              {
                "cell_id": "1",
                "dl_bitrate_bps": 0,
                "ul_bitrate_bps": 0,
                "dl_bitrate_mbps": 0.0,
                "ul_bitrate_mbps": 0.0,
                "active": false
              }
            ],
            "total_dl_bitrate_bps": 0,
            "total_ul_bitrate_bps": 0,
            "total_dl_bitrate_mbps": 0.0,
            "total_ul_bitrate_mbps": 0.0,
            "active_cell_count": 0,
            "command": "cd /root/enb && ./ws.js 192.168.1.80:9001 '{\"message\":\"stats\"}'",
            "payload": {
              "message": "stats",
              "message_id": "id#1",
              "instance_id": "6a715e91",
              "cpu": {},
              "cells": {
                "1": {
                  "dl_bitrate": 0,
                  "ul_bitrate": 0,
                  "dl_tx": 0,
                  "ul_tx": 0,
                  "dl_err": 0,
                  "ul_err": 0,
                  "dl_retx": 0,
                  "ul_retx": 0,
                  "dl_use_min": 0,
                  "dl_use_max": 0.14,
                  "dl_use_avg": 0.008,
                  "dl_data_use_min": 0,
                  "dl_data_use_max": 0,
                  "dl_data_use_avg": 0,
                  "ul_use_min": 0.12,
                  "ul_use_max": 0.24,
                  "ul_use_avg": 0.132,
                  "ul_data_use_min": 0,
                  "ul_data_use_max": 0,
                  "ul_data_use_avg": 0,
                  "ctrl_use_min": 0,
                  "ctrl_use_max": 0.5,
                  "ctrl_use_avg": 0.04,
                  "dl_sched_users_min": 0,
                  "dl_sched_users_max": 0,
                  "dl_sched_users_avg": 0,
                  "ul_sched_users_min": 0,
                  "ul_sched_users_max": 0,
                  "ul_sched_users_avg": 0,
                  "ue_count_min": 1,
                  "ue_count_max": 1,
                  "ue_count_avg": 1,
                  "ue_active_count_min": 1,
                  "ue_active_count_max": 1,
                  "ue_active_count_avg": 1,
                  "ue_inactive_count_min": 0,
                  "ue_inactive_count_max": 0,
                  "ue_inactive_count_avg": 0,
                  "erab_count_min": 0,
                  "erab_count_max": 0,
                  "erab_count_avg": 0,
                  "dl_gbr_use_min": 0,
                  "dl_gbr_use_max": 0,
                  "dl_gbr_use_avg": 0,
                  "ul_gbr_use_min": 0,
                  "ul_gbr_use_max": 0,
                  "ul_gbr_use_avg": 0,
                  "counters": {
                    "messages": {
                      "prach": 10,
                      "rrc_connection_request": 1,
                      "rrc_connection_setup": 1,
                      "rrc_connection_reconfiguration": 8
                    },
                    "errors": {}
                  }
                }
              },
              "rf_ports": {
                "0": {
                  "rxtx_delay": {
                    "min": 2.532,
                    "max": 3.594,
                    "avg": 3.075,
                    "sd": 0.264
                  }
                }
              },
              "counters": {
                "messages": {
                  "s1_setup_request": 1,
                  "s1_setup_response": 1
                },
                "errors": {}
              },
              "duration": 0.4,
              "time": 61.192,
              "utc": 1785814756.516
            }
          },
          "ue_get_success": true,
          "matched_ues": [],
          "data_ue": null,
          "data_ip_source": "not_available",
          "data_ip_wait_sec": 0.0,
          "ping": null
        },
        {
          "elapsed_sec": 88.5,
          "phy_connected": false,
          "phy_rate": {
            "success": true,
            "cells": [
              {
                "cell_id": "1",
                "dl_bitrate_bps": 0,
                "ul_bitrate_bps": 0,
                "dl_bitrate_mbps": 0.0,
                "ul_bitrate_mbps": 0.0,
                "active": false
              }
            ],
            "total_dl_bitrate_bps": 0,
            "total_ul_bitrate_bps": 0,
            "total_dl_bitrate_mbps": 0.0,
            "total_ul_bitrate_mbps": 0.0,
            "active_cell_count": 0,
            "command": "cd /root/enb && ./ws.js 192.168.1.80:9001 '{\"message\":\"stats\"}'",
            "payload": {
              "message": "stats",
              "message_id": "id#1",
              "instance_id": "6a715e91",
              "cpu": {},
              "cells": {
                "1": {
                  "dl_bitrate": 0,
                  "ul_bitrate": 0,
                  "dl_tx": 0,
                  "ul_tx": 0,
                  "dl_err": 0,
                  "ul_err": 0,
                  "dl_retx": 0,
                  "ul_retx": 0,
                  "dl_use_min": 0,
                  "dl_use_max": 0.14,
                  "dl_use_avg": 0.008,
                  "dl_data_use_min": 0,
                  "dl_data_use_max": 0,
                  "dl_data_use_avg": 0,
                  "ul_use_min": 0.12,
                  "ul_use_max": 0.24,
                  "ul_use_avg": 0.132,
                  "ul_data_use_min": 0,
                  "ul_data_use_max": 0,
                  "ul_data_use_avg": 0,
                  "ctrl_use_min": 0,
                  "ctrl_use_max": 0.5,
                  "ctrl_use_avg": 0.04,
                  "dl_sched_users_min": 0,
                  "dl_sched_users_max": 0,
                  "dl_sched_users_avg": 0,
                  "ul_sched_users_min": 0,
                  "ul_sched_users_max": 0,
                  "ul_sched_users_avg": 0,
                  "ue_count_min": 1,
                  "ue_count_max": 1,
                  "ue_count_avg": 1,
                  "ue_active_count_min": 1,
                  "ue_active_count_max": 1,
                  "ue_active_count_avg": 1,
                  "ue_inactive_count_min": 0,
                  "ue_inactive_count_max": 0,
                  "ue_inactive_count_avg": 0,
                  "erab_count_min": 0,
                  "erab_count_max": 0,
                  "erab_count_avg": 0,
                  "dl_gbr_use_min": 0,
                  "dl_gbr_use_max": 0,
                  "dl_gbr_use_avg": 0,
                  "ul_gbr_use_min": 0,
                  "ul_gbr_use_max": 0,
                  "ul_gbr_use_avg": 0,
                  "counters": {
                    "messages": {
                      "prach": 10,
                      "rrc_connection_request": 1,
                      "rrc_connection_setup": 1,
                      "rrc_connection_reconfiguration": 8
                    },
                    "errors": {}
                  }
                }
              },
              "rf_ports": {
                "0": {
                  "rxtx_delay": {
                    "min": 2.532,
                    "max": 3.527,
                    "avg": 3.075,
                    "sd": 0.264
                  }
                }
              },
              "counters": {
                "messages": {
                  "s1_setup_request": 1,
                  "s1_setup_response": 1
                },
                "errors": {}
              },
              "duration": 0.4,
              "time": 65.035,
              "utc": 1785814760.364
            }
          },
          "ue_get_success": true,
          "matched_ues": [],
          "data_ue": null,
          "data_ip_source": "not_available",
          "data_ip_wait_sec": 0.0,
          "ping": null
        },
        {
          "elapsed_sec": 92.3,
          "phy_connected": false,
          "phy_rate": {
            "success": true,
            "cells": [
              {
                "cell_id": "1",
                "dl_bitrate_bps": 0,
                "ul_bitrate_bps": 0,
                "dl_bitrate_mbps": 0.0,
                "ul_bitrate_mbps": 0.0,
                "active": false
              }
            ],
            "total_dl_bitrate_bps": 0,
            "total_ul_bitrate_bps": 0,
            "total_dl_bitrate_mbps": 0.0,
            "total_ul_bitrate_mbps": 0.0,
            "active_cell_count": 0,
            "command": "cd /root/enb && ./ws.js 192.168.1.80:9001 '{\"message\":\"stats\"}'",
            "payload": {
              "message": "stats",
              "message_id": "id#1",
              "instance_id": "6a715e91",
              "cpu": {},
              "cells": {
                "1": {
                  "dl_bitrate": 0,
                  "ul_bitrate": 0,
                  "dl_tx": 0,
                  "ul_tx": 0,
                  "dl_err": 0,
                  "ul_err": 0,
                  "dl_retx": 0,
                  "ul_retx": 0,
                  "dl_use_min": 0,
                  "dl_use_max": 0.14,
                  "dl_use_avg": 0.008,
                  "dl_data_use_min": 0,
                  "dl_data_use_max": 0,
                  "dl_data_use_avg": 0,
                  "ul_use_min": 0.12,
                  "ul_use_max": 0.24,
                  "ul_use_avg": 0.132,
                  "ul_data_use_min": 0,
                  "ul_data_use_max": 0,
                  "ul_data_use_avg": 0,
                  "ctrl_use_min": 0,
                  "ctrl_use_max": 0.5,
                  "ctrl_use_avg": 0.04,
                  "dl_sched_users_min": 0,
                  "dl_sched_users_max": 0,
                  "dl_sched_users_avg": 0,
                  "ul_sched_users_min": 0,
                  "ul_sched_users_max": 0,
                  "ul_sched_users_avg": 0,
                  "ue_count_min": 1,
                  "ue_count_max": 1,
                  "ue_count_avg": 1,
                  "ue_active_count_min": 1,
                  "ue_active_count_max": 1,
                  "ue_active_count_avg": 1,
                  "ue_inactive_count_min": 0,
                  "ue_inactive_count_max": 0,
                  "ue_inactive_count_avg": 0,
                  "erab_count_min": 0,
                  "erab_count_max": 0,
                  "erab_count_avg": 0,
                  "dl_gbr_use_min": 0,
                  "dl_gbr_use_max": 0,
                  "dl_gbr_use_avg": 0,
                  "ul_gbr_use_min": 0,
                  "ul_gbr_use_max": 0,
                  "ul_gbr_use_avg": 0,
                  "counters": {
                    "messages": {
                      "prach": 11,
                      "rrc_connection_request": 1,
                      "rrc_connection_setup": 1,
                      "rrc_connection_reconfiguration": 8
                    },
                    "errors": {}
                  }
                }
              },
              "rf_ports": {
                "0": {
                  "rxtx_delay": {
                    "min": 2.532,
                    "max": 3.594,
                    "avg": 3.073,
                    "sd": 0.264
                  }
                }
              },
              "counters": {
                "messages": {
                  "s1_setup_request": 1,
                  "s1_setup_response": 1
                },
                "errors": {}
              },
              "duration": 0.4,
              "time": 68.827,
              "utc": 1785814764.151
            }
          },
          "ue_get_success": true,
          "matched_ues": [],
          "data_ue": null,
          "data_ip_source": "not_available",
          "data_ip_wait_sec": 0.0,
          "ping": null
        },
        {
          "elapsed_sec": 96.1,
          "phy_connected": false,
          "phy_rate": {
            "success": true,
            "cells": [
              {
                "cell_id": "1",
                "dl_bitrate_bps": 0,
                "ul_bitrate_bps": 0,
                "dl_bitrate_mbps": 0.0,
                "ul_bitrate_mbps": 0.0,
                "active": false
              }
            ],
            "total_dl_bitrate_bps": 0,
            "total_ul_bitrate_bps": 0,
            "total_dl_bitrate_mbps": 0.0,
            "total_ul_bitrate_mbps": 0.0,
            "active_cell_count": 0,
            "command": "cd /root/enb && ./ws.js 192.168.1.80:9001 '{\"message\":\"stats\"}'",
            "payload": {
              "message": "stats",
              "message_id": "id#1",
              "instance_id": "6a715e91",
              "cpu": {},
              "cells": {
                "1": {
                  "dl_bitrate": 0,
                  "ul_bitrate": 0,
                  "dl_tx": 0,
                  "ul_tx": 0,
                  "dl_err": 0,
                  "ul_err": 0,
                  "dl_retx": 0,
                  "ul_retx": 0,
                  "dl_use_min": 0,
                  "dl_use_max": 0.14,
                  "dl_use_avg": 0.007,
                  "dl_data_use_min": 0,
                  "dl_data_use_max": 0,
                  "dl_data_use_avg": 0,
                  "ul_use_min": 0.12,
                  "ul_use_max": 0.24,
                  "ul_use_avg": 0.132,
                  "ul_data_use_min": 0,
                  "ul_data_use_max": 0,
                  "ul_data_use_avg": 0,
                  "ctrl_use_min": 0,
                  "ctrl_use_max": 0.5,
                  "ctrl_use_avg": 0.035,
                  "dl_sched_users_min": 0,
                  "dl_sched_users_max": 0,
                  "dl_sched_users_avg": 0,
                  "ul_sched_users_min": 0,
                  "ul_sched_users_max": 0,
                  "ul_sched_users_avg": 0,
                  "ue_count_min": 1,
                  "ue_count_max": 1,
                  "ue_count_avg": 1,
                  "ue_active_count_min": 1,
                  "ue_active_count_max": 1,
                  "ue_active_count_avg": 1,
                  "ue_inactive_count_min": 0,
                  "ue_inactive_count_max": 0,
                  "ue_inactive_count_avg": 0,
                  "erab_count_min": 0,
                  "erab_count_max": 0,
                  "erab_count_avg": 0,
                  "dl_gbr_use_min": 0,
                  "dl_gbr_use_max": 0,
                  "dl_gbr_use_avg": 0,
                  "ul_gbr_use_min": 0,
                  "ul_gbr_use_max": 0,
                  "ul_gbr_use_avg": 0,
                  "counters": {
                    "messages": {
                      "prach": 11,
                      "rrc_connection_request": 1,
                      "rrc_connection_setup": 1,
                      "rrc_connection_reconfiguration": 8
                    },
                    "errors": {}
                  }
                }
              },
              "rf_ports": {
                "0": {
                  "rxtx_delay": {
                    "min": 2.532,
                    "max": 3.594,
                    "avg": 3.073,
                    "sd": 0.264
                  }
                }
              },
              "counters": {
                "messages": {
                  "s1_setup_request": 1,
                  "s1_setup_response": 1
                },
                "errors": {}
              },
              "duration": 0.4,
              "time": 72.622,
              "utc": 1785814767.946
            }
          },
          "ue_get_success": true,
          "matched_ues": [],
          "data_ue": null,
          "data_ip_source": "not_available",
          "data_ip_wait_sec": 0.0,
          "ping": null
        },
        {
          "elapsed_sec": 99.8,
          "phy_connected": false,
          "phy_rate": {
            "success": true,
            "cells": [
              {
                "cell_id": "1",
                "dl_bitrate_bps": 0,
                "ul_bitrate_bps": 0,
                "dl_bitrate_mbps": 0.0,
                "ul_bitrate_mbps": 0.0,
                "active": false
              }
            ],
            "total_dl_bitrate_bps": 0,
            "total_ul_bitrate_bps": 0,
            "total_dl_bitrate_mbps": 0.0,
            "total_ul_bitrate_mbps": 0.0,
            "active_cell_count": 0,
            "command": "cd /root/enb && ./ws.js 192.168.1.80:9001 '{\"message\":\"stats\"}'",
            "payload": {
              "message": "stats",
              "message_id": "id#1",
              "instance_id": "6a715e91",
              "cpu": {},
              "cells": {
                "1": {
                  "dl_bitrate": 0,
                  "ul_bitrate": 0,
                  "dl_tx": 0,
                  "ul_tx": 0,
                  "dl_err": 0,
                  "ul_err": 0,
                  "dl_retx": 0,
                  "ul_retx": 0,
                  "dl_use_min": 0,
                  "dl_use_max": 0.14,
                  "dl_use_avg": 0.008,
                  "dl_data_use_min": 0,
                  "dl_data_use_max": 0,
                  "dl_data_use_avg": 0,
                  "ul_use_min": 0.12,
                  "ul_use_max": 0.24,
                  "ul_use_avg": 0.132,
                  "ul_data_use_min": 0,
                  "ul_data_use_max": 0,
                  "ul_data_use_avg": 0,
                  "ctrl_use_min": 0,
                  "ctrl_use_max": 0.5,
                  "ctrl_use_avg": 0.04,
                  "dl_sched_users_min": 0,
                  "dl_sched_users_max": 0,
                  "dl_sched_users_avg": 0,
                  "ul_sched_users_min": 0,
                  "ul_sched_users_max": 0,
                  "ul_sched_users_avg": 0,
                  "ue_count_min": 1,
                  "ue_count_max": 1,
                  "ue_count_avg": 1,
                  "ue_active_count_min": 1,
                  "ue_active_count_max": 1,
                  "ue_active_count_avg": 1,
                  "ue_inactive_count_min": 0,
                  "ue_inactive_count_max": 0,
                  "ue_inactive_count_avg": 0,
                  "erab_count_min": 0,
                  "erab_count_max": 0,
                  "erab_count_avg": 0,
                  "dl_gbr_use_min": 0,
                  "dl_gbr_use_max": 0,
                  "dl_gbr_use_avg": 0,
                  "ul_gbr_use_min": 0,
                  "ul_gbr_use_max": 0,
                  "ul_gbr_use_avg": 0,
                  "counters": {
                    "messages": {
                      "prach": 11,
                      "rrc_connection_request": 1,
                      "rrc_connection_setup": 1,
                      "rrc_connection_reconfiguration": 8
                    },
                    "errors": {}
                  }
                }
              },
              "rf_ports": {
                "0": {
                  "rxtx_delay": {
                    "min": 2.532,
                    "max": 3.594,
                    "avg": 3.07,
                    "sd": 0.264
                  }
                }
              },
              "counters": {
                "messages": {
                  "s1_setup_request": 1,
                  "s1_setup_response": 1
                },
                "errors": {}
              },
              "duration": 0.4,
              "time": 76.383,
              "utc": 1785814771.707
            }
          },
          "ue_get_success": true,
          "matched_ues": [],
          "data_ue": null,
          "data_ip_source": "not_available",
          "data_ip_wait_sec": 0.0,
          "ping": null
        },
        {
          "elapsed_sec": 103.6,
          "phy_connected": false,
          "phy_rate": {
            "success": true,
            "cells": [
              {
                "cell_id": "1",
                "dl_bitrate_bps": 0,
                "ul_bitrate_bps": 0,
                "dl_bitrate_mbps": 0.0,
                "ul_bitrate_mbps": 0.0,
                "active": false
              }
            ],
            "total_dl_bitrate_bps": 0,
            "total_ul_bitrate_bps": 0,
            "total_dl_bitrate_mbps": 0.0,
            "total_ul_bitrate_mbps": 0.0,
            "active_cell_count": 0,
            "command": "cd /root/enb && ./ws.js 192.168.1.80:9001 '{\"message\":\"stats\"}'",
            "payload": {
              "message": "stats",
              "message_id": "id#1",
              "instance_id": "6a715e91",
              "cpu": {},
              "cells": {
                "1": {
                  "dl_bitrate": 0,
                  "ul_bitrate": 0,
                  "dl_tx": 0,
                  "ul_tx": 0,
                  "dl_err": 0,
                  "ul_err": 0,
                  "dl_retx": 0,
                  "ul_retx": 0,
                  "dl_use_min": 0,
                  "dl_use_max": 0.14,
                  "dl_use_avg": 0.007,
                  "dl_data_use_min": 0,
                  "dl_data_use_max": 0,
                  "dl_data_use_avg": 0,
                  "ul_use_min": 0.12,
                  "ul_use_max": 0.24,
                  "ul_use_avg": 0.132,
                  "ul_data_use_min": 0,
                  "ul_data_use_max": 0,
                  "ul_data_use_avg": 0,
                  "ctrl_use_min": 0,
                  "ctrl_use_max": 0.5,
                  "ctrl_use_avg": 0.036,
                  "dl_sched_users_min": 0,
                  "dl_sched_users_max": 0,
                  "dl_sched_users_avg": 0,
                  "ul_sched_users_min": 0,
                  "ul_sched_users_max": 0,
                  "ul_sched_users_avg": 0,
                  "ue_count_min": 1,
                  "ue_count_max": 1,
                  "ue_count_avg": 1,
                  "ue_active_count_min": 1,
                  "ue_active_count_max": 1,
                  "ue_active_count_avg": 1,
                  "ue_inactive_count_min": 0,
                  "ue_inactive_count_max": 0,
                  "ue_inactive_count_avg": 0,
                  "erab_count_min": 0,
                  "erab_count_max": 0,
                  "erab_count_avg": 0,
                  "dl_gbr_use_min": 0,
                  "dl_gbr_use_max": 0,
                  "dl_gbr_use_avg": 0,
                  "ul_gbr_use_min": 0,
                  "ul_gbr_use_max": 0,
                  "ul_gbr_use_avg": 0,
                  "counters": {
                    "messages": {
                      "prach": 11,
                      "rrc_connection_request": 1,
                      "rrc_connection_setup": 1,
                      "rrc_connection_reconfiguration": 8
                    },
                    "errors": {}
                  }
                }
              },
              "rf_ports": {
                "0": {
                  "rxtx_delay": {
                    "min": 2.532,
                    "max": 3.594,
                    "avg": 3.074,
                    "sd": 0.263
                  }
                }
              },
              "counters": {
                "messages": {
                  "s1_setup_request": 1,
                  "s1_setup_response": 1
                },
                "errors": {}
              },
              "duration": 0.4,
              "time": 80.161,
              "utc": 1785814775.485
            }
          },
          "ue_get_success": true,
          "matched_ues": [],
          "data_ue": null,
          "data_ip_source": "not_available",
          "data_ip_wait_sec": 0.0,
          "ping": null
        },
        {
          "elapsed_sec": 107.5,
          "phy_connected": false,
          "phy_rate": {
            "success": true,
            "cells": [
              {
                "cell_id": "1",
                "dl_bitrate_bps": 0,
                "ul_bitrate_bps": 0,
                "dl_bitrate_mbps": 0.0,
                "ul_bitrate_mbps": 0.0,
                "active": false
              }
            ],
            "total_dl_bitrate_bps": 0,
            "total_ul_bitrate_bps": 0,
            "total_dl_bitrate_mbps": 0.0,
            "total_ul_bitrate_mbps": 0.0,
            "active_cell_count": 0,
            "command": "cd /root/enb && ./ws.js 192.168.1.80:9001 '{\"message\":\"stats\"}'",
            "payload": {
              "message": "stats",
              "message_id": "id#1",
              "instance_id": "6a715e91",
              "cpu": {},
              "cells": {
                "1": {
                  "dl_bitrate": 0,
                  "ul_bitrate": 0,
                  "dl_tx": 0,
                  "ul_tx": 0,
                  "dl_err": 0,
                  "ul_err": 0,
                  "dl_retx": 0,
                  "ul_retx": 0,
                  "dl_use_min": 0,
                  "dl_use_max": 0.14,
                  "dl_use_avg": 0.008,
                  "dl_data_use_min": 0,
                  "dl_data_use_max": 0,
                  "dl_data_use_avg": 0,
                  "ul_use_min": 0.12,
                  "ul_use_max": 0.24,
                  "ul_use_avg": 0.132,
                  "ul_data_use_min": 0,
                  "ul_data_use_max": 0,
                  "ul_data_use_avg": 0,
                  "ctrl_use_min": 0,
                  "ctrl_use_max": 0.5,
                  "ctrl_use_avg": 0.04,
                  "dl_sched_users_min": 0,
                  "dl_sched_users_max": 0,
                  "dl_sched_users_avg": 0,
                  "ul_sched_users_min": 0,
                  "ul_sched_users_max": 0,
                  "ul_sched_users_avg": 0,
                  "ue_count_min": 1,
                  "ue_count_max": 1,
                  "ue_count_avg": 1,
                  "ue_active_count_min": 1,
                  "ue_active_count_max": 1,
                  "ue_active_count_avg": 1,
                  "ue_inactive_count_min": 0,
                  "ue_inactive_count_max": 0,
                  "ue_inactive_count_avg": 0,
                  "erab_count_min": 0,
                  "erab_count_max": 0,
                  "erab_count_avg": 0,
                  "dl_gbr_use_min": 0,
                  "dl_gbr_use_max": 0,
                  "dl_gbr_use_avg": 0,
                  "ul_gbr_use_min": 0,
                  "ul_gbr_use_max": 0,
                  "ul_gbr_use_avg": 0,
                  "counters": {
                    "messages": {
                      "prach": 11,
                      "rrc_connection_request": 1,
                      "rrc_connection_setup": 1,
                      "rrc_connection_reconfiguration": 8
                    },
                    "errors": {}
                  }
                }
              },
              "rf_ports": {
                "0": {
                  "rxtx_delay": {
                    "min": 2.532,
                    "max": 3.594,
                    "avg": 3.07,
                    "sd": 0.264
                  }
                }
              },
              "counters": {
                "messages": {
                  "s1_setup_request": 1,
                  "s1_setup_response": 1
                },
                "errors": {}
              },
              "duration": 0.4,
              "time": 84.065,
              "utc": 1785814779.389
            }
          },
          "ue_get_success": true,
          "matched_ues": [],
          "data_ue": null,
          "data_ip_source": "not_available",
          "data_ip_wait_sec": 0.0,
          "ping": null
        },
        {
          "elapsed_sec": 111.3,
          "phy_connected": false,
          "phy_rate": {
            "success": true,
            "cells": [
              {
                "cell_id": "1",
                "dl_bitrate_bps": 0,
                "ul_bitrate_bps": 0,
                "dl_bitrate_mbps": 0.0,
                "ul_bitrate_mbps": 0.0,
                "active": false
              }
            ],
            "total_dl_bitrate_bps": 0,
            "total_ul_bitrate_bps": 0,
            "total_dl_bitrate_mbps": 0.0,
            "total_ul_bitrate_mbps": 0.0,
            "active_cell_count": 0,
            "command": "cd /root/enb && ./ws.js 192.168.1.80:9001 '{\"message\":\"stats\"}'",
            "payload": {
              "message": "stats",
              "message_id": "id#1",
              "instance_id": "6a715e91",
              "cpu": {},
              "cells": {
                "1": {
                  "dl_bitrate": 0,
                  "ul_bitrate": 0,
                  "dl_tx": 0,
                  "ul_tx": 0,
                  "dl_err": 0,
                  "ul_err": 0,
                  "dl_retx": 0,
                  "ul_retx": 0,
                  "dl_use_min": 0,
                  "dl_use_max": 0.14,
                  "dl_use_avg": 0.007,
                  "dl_data_use_min": 0,
                  "dl_data_use_max": 0,
                  "dl_data_use_avg": 0,
                  "ul_use_min": 0.12,
                  "ul_use_max": 0.24,
                  "ul_use_avg": 0.132,
                  "ul_data_use_min": 0,
                  "ul_data_use_max": 0,
                  "ul_data_use_avg": 0,
                  "ctrl_use_min": 0,
                  "ctrl_use_max": 0.5,
                  "ctrl_use_avg": 0.035,
                  "dl_sched_users_min": 0,
                  "dl_sched_users_max": 0,
                  "dl_sched_users_avg": 0,
                  "ul_sched_users_min": 0,
                  "ul_sched_users_max": 0,
                  "ul_sched_users_avg": 0,
                  "ue_count_min": 1,
                  "ue_count_max": 1,
                  "ue_count_avg": 1,
                  "ue_active_count_min": 1,
                  "ue_active_count_max": 1,
                  "ue_active_count_avg": 1,
                  "ue_inactive_count_min": 0,
                  "ue_inactive_count_max": 0,
                  "ue_inactive_count_avg": 0,
                  "erab_count_min": 0,
                  "erab_count_max": 0,
                  "erab_count_avg": 0,
                  "dl_gbr_use_min": 0,
                  "dl_gbr_use_max": 0,
                  "dl_gbr_use_avg": 0,
                  "ul_gbr_use_min": 0,
                  "ul_gbr_use_max": 0,
                  "ul_gbr_use_avg": 0,
                  "counters": {
                    "messages": {
                      "prach": 11,
                      "rrc_connection_request": 1,
                      "rrc_connection_setup": 1,
                      "rrc_connection_reconfiguration": 8
                    },
                    "errors": {}
                  }
                }
              },
              "rf_ports": {
                "0": {
                  "rxtx_delay": {
                    "min": 2.532,
                    "max": 3.527,
                    "avg": 3.068,
                    "sd": 0.264
                  }
                }
              },
              "counters": {
                "messages": {
                  "s1_setup_request": 1,
                  "s1_setup_response": 1
                },
                "errors": {}
              },
              "duration": 0.4,
              "time": 87.832,
              "utc": 1785814783.156
            }
          },
          "ue_get_success": true,
          "matched_ues": [],
          "data_ue": null,
          "data_ip_source": "not_available",
          "data_ip_wait_sec": 0.0,
          "ping": null
        },
        {
          "elapsed_sec": 115.1,
          "phy_connected": true,
          "phy_rate": {
            "success": true,
            "cells": [
              {
                "cell_id": "1",
                "dl_bitrate_bps": 12758320,
                "ul_bitrate_bps": 5201620,
                "dl_bitrate_mbps": 12.758,
                "ul_bitrate_mbps": 5.202,
                "active": true
              }
            ],
            "total_dl_bitrate_bps": 12758320,
            "total_ul_bitrate_bps": 5201620,
            "total_dl_bitrate_mbps": 12.758,
            "total_ul_bitrate_mbps": 5.202,
            "active_cell_count": 1,
            "command": "cd /root/enb && ./ws.js 192.168.1.80:9001 '{\"message\":\"stats\"}'",
            "payload": {
              "message": "stats",
              "message_id": "id#1",
              "instance_id": "6a715e91",
              "cpu": {},
              "cells": {
                "1": {
                  "dl_bitrate": 12758320,
                  "ul_bitrate": 5201620,
                  "dl_tx": 548,
                  "ul_tx": 356,
                  "dl_err": 0,
                  "ul_err": 0,
                  "dl_retx": 238,
                  "ul_retx": 42,
                  "dl_use_min": 0.08,
                  "dl_use_max": 1,
                  "dl_use_avg": 0.979,
                  "dl_data_use_min": 0,
                  "dl_data_use_max": 1,
                  "dl_data_use_avg": 0.971,
                  "ul_use_min": 0.24,
                  "ul_use_max": 0.96,
                  "ul_use_avg": 0.88,
                  "ul_data_use_min": 0,
                  "ul_data_use_max": 0.8,
                  "ul_data_use_avg": 0.668,
                  "ctrl_use_min": 0.111,
                  "ctrl_use_max": 0.421,
                  "ctrl_use_avg": 0.391,
                  "dl_sched_users_min": 0,
                  "dl_sched_users_max": 1,
                  "dl_sched_users_avg": 0.983,
                  "ul_sched_users_min": 0,
                  "ul_sched_users_max": 1,
                  "ul_sched_users_avg": 0.895,
                  "ue_count_min": 2,
                  "ue_count_max": 2,
                  "ue_count_avg": 2,
                  "ue_active_count_min": 2,
                  "ue_active_count_max": 2,
                  "ue_active_count_avg": 2,
                  "ue_inactive_count_min": 0,
                  "ue_inactive_count_max": 0,
                  "ue_inactive_count_avg": 0,
                  "erab_count_min": 2,
                  "erab_count_max": 2,
                  "erab_count_avg": 2,
                  "dl_gbr_use_min": 0,
                  "dl_gbr_use_max": 0,
                  "dl_gbr_use_avg": 0,
                  "ul_gbr_use_min": 0,
                  "ul_gbr_use_max": 0,
                  "ul_gbr_use_avg": 0,
                  "counters": {
                    "messages": {
                      "prach": 13,
                      "rrc_connection_request": 3,
                      "rrc_connection_setup": 3,
                      "rrc_connection_setup_complete": 2,
                      "rrc_ul_information_transfer": 5,
                      "rrc_dl_information_transfer": 4,
                      "rrc_security_mode_command": 1,
                      "rrc_security_mode_complete": 1,
                      "rrc_ue_capability_enquiry": 1,
                      "rrc_ue_capability_information": 1,
                      "rrc_connection_reconfiguration": 10,
                      "rrc_connection_reconfiguration_complete": 2,
                      "rrc_connection_release": 1
                    },
                    "errors": {}
                  }
                }
              },
              "rf_ports": {
                "0": {
                  "rxtx_delay": {
                    "min": 2.199,
                    "max": 3.461,
                    "avg": 2.978,
                    "sd": 0.27
                  }
                }
              },
              "counters": {
                "messages": {
                  "s1_erab_setup_request": 1,
                  "s1_erab_setup_response": 1,
                  "s1_initial_context_setup_request": 1,
                  "s1_initial_context_setup_response": 1,
                  "s1_downlink_nas_transport": 4,
                  "s1_initial_ue_message": 2,
                  "s1_uplink_nas_transport": 5,
                  "s1_setup_request": 1,
                  "s1_setup_response": 1,
                  "s1_ue_capability_info_indication": 1,
                  "s1_ue_context_release_command": 1,
                  "s1_ue_context_release_complete": 1,
                  "s1_nas_delivery_indication": 1
                },
                "errors": {}
              },
              "duration": 0.4,
              "time": 91.603,
              "utc": 1785814786.931
            }
          },
          "ue_get_success": true,
          "matched_ues": [
            {
              "ip": null,
              "imsi": "001010123888888",
              "imei": "8668870400991701",
              "apn": null,
              "enb_ue_id": 13,
              "mme_ue_id": 101,
              "rnti": null
            },
            {
              "ip": "192.168.2.2",
              "imsi": null,
              "imei": null,
              "apn": "TestPLMN",
              "enb_ue_id": null,
              "mme_ue_id": null,
              "rnti": null
            },
            {
              "ip": "192.168.3.2",
              "imsi": null,
              "imei": null,
              "apn": "internet",
              "enb_ue_id": null,
              "mme_ue_id": null,
              "rnti": null
            }
          ],
          "data_ue": {
            "ip": "192.168.3.2",
            "imsi": null,
            "imei": null,
            "apn": "internet",
            "enb_ue_id": null,
            "mme_ue_id": null,
            "rnti": null
          },
          "data_ip_source": "apn:internet",
          "data_ip_wait_sec": 0.0,
          "ping": {
            "success": true,
            "ip": "192.168.3.2",
            "command": "ping -c 1 -W 2 192.168.3.2",
            "stdout": "PING 192.168.3.2 (192.168.3.2) 56(84) bytes of data.\n64 bytes from 192.168.3.2: icmp_seq=1 ttl=64 time=14.9 ms\n\n--- 192.168.3.2 ping statistics ---\n1 packets transmitted, 1 received, 0% packet loss, time 0ms\nrtt min/avg/max/mdev = 14.901/14.901/14.901/0.000 ms\n",
            "stderr": "",
            "exit_code": 0
          }
        }
      ],
      "message": "UE 已透過 PHY Rate 判定連線；DL=12.758 Mbps，UL=5.202 Mbps；Data IP=192.168.3.2 (apn:internet)。"
    },
    "message": "LTE Band 組合切換完成：5A，BW 10。",
    "returncode": 0
  },
  "schema_version": "1.0",
  "timestamp": "2026-08-04T11:47:48+08:00",
  "result_file": null
}
