{
  "success": true,
  "tool": "iperf.run",
  "human_summary": "PASS｜iPerf 測試完成\n\n方向：Download\nUE Data IP：192.168.3.2\n測試時間：30 秒\n平均速度：13.932 Mbps\n最低速度：9.384 Mbps\n最高速度：20.155 Mbps\n總傳輸量：52.247 MB\nRetransmissions：0\nTCP Congestion：BBR\n速度走勢：█▄▅▃▅▃▃▅▅▃▁▅▃▅▃▅▅▃▄▄▄▄▂▄▄▄▄▂▄▄\n\n結果：PASS",
  "machine_result": {
    "success": true,
    "schema_version": "2.0",
    "test_id": "iperf-20260731-102410-c8466e",
    "test_type": "iperf3",
    "timestamp_end": "2026-07-31T10:24:10+08:00",
    "parameters": {
      "ue_ip": "192.168.3.2",
      "band": 5,
      "bandwidth_mhz": 10.0,
      "cell": 1,
      "dl_earfcn": 2525,
      "direction": "download",
      "duration_sec": 30,
      "port": 5201,
      "parallel_streams": 1,
      "interval_sec": 1,
      "reverse": false
    },
    "precheck": {
      "ue_ping": true,
      "ping_command": "ping -c 1 -W 2 192.168.3.2",
      "iperf_server": {
        "success": true,
        "ready": true,
        "action": "already_listening",
        "initial_check": {
          "success": true,
          "reachable": true,
          "host": "192.168.3.2",
          "port": 5201,
          "method": "executor_tcp",
          "command": "python3 -c 'import socket,sys;s=socket.socket();s.settimeout(3);r=s.connect_ex(('\"'\"'192.168.3.2'\"'\"',5201));s.close();sys.exit(0 if r==0 else 1)'",
          "stdout": "",
          "stderr": "",
          "exit_code": 0
        },
        "message": "iPerf Server 192.168.3.2:5201 已在 Listen。"
      }
    },
    "summary": {
      "average_mbps": 13.932,
      "minimum_mbps": 9.384,
      "maximum_mbps": 20.155,
      "total_transfer_mbytes": 52.247,
      "retransmissions": 0,
      "packet_loss_percent": null,
      "sample_count": 30
    },
    "samples": [
      {
        "second_start": 0,
        "second_end": 1.000058,
        "throughput_mbps": 20.155,
        "transfer_mbytes": 2.52,
        "retransmissions": 0,
        "packet_loss_percent": null,
        "omitted": false
      },
      {
        "second_start": 1.000058,
        "second_end": 2.000078,
        "throughput_mbps": 13.553,
        "transfer_mbytes": 1.694,
        "retransmissions": 0,
        "packet_loss_percent": null,
        "omitted": false
      },
      {
        "second_start": 2.000078,
        "second_end": 3.000058,
        "throughput_mbps": 15.639,
        "transfer_mbytes": 1.955,
        "retransmissions": 0,
        "packet_loss_percent": null,
        "omitted": false
      },
      {
        "second_start": 3.000058,
        "second_end": 4.000104,
        "throughput_mbps": 12.51,
        "transfer_mbytes": 1.564,
        "retransmissions": 0,
        "packet_loss_percent": null,
        "omitted": false
      },
      {
        "second_start": 4.000104,
        "second_end": 5.000057,
        "throughput_mbps": 15.639,
        "transfer_mbytes": 1.955,
        "retransmissions": 0,
        "packet_loss_percent": null,
        "omitted": false
      },
      {
        "second_start": 5.000057,
        "second_end": 6.000116,
        "throughput_mbps": 12.51,
        "transfer_mbytes": 1.564,
        "retransmissions": 0,
        "packet_loss_percent": null,
        "omitted": false
      },
      {
        "second_start": 6.000116,
        "second_end": 7.000175,
        "throughput_mbps": 12.51,
        "transfer_mbytes": 1.564,
        "retransmissions": 0,
        "packet_loss_percent": null,
        "omitted": false
      },
      {
        "second_start": 7.000175,
        "second_end": 8.000089,
        "throughput_mbps": 15.64,
        "transfer_mbytes": 1.955,
        "retransmissions": 0,
        "packet_loss_percent": null,
        "omitted": false
      },
      {
        "second_start": 8.000089,
        "second_end": 9.000056,
        "throughput_mbps": 15.639,
        "transfer_mbytes": 1.955,
        "retransmissions": 0,
        "packet_loss_percent": null,
        "omitted": false
      },
      {
        "second_start": 9.000056,
        "second_end": 10.00016,
        "throughput_mbps": 12.509,
        "transfer_mbytes": 1.564,
        "retransmissions": 0,
        "packet_loss_percent": null,
        "omitted": false
      },
      {
        "second_start": 10.00016,
        "second_end": 11.000095,
        "throughput_mbps": 9.384,
        "transfer_mbytes": 1.173,
        "retransmissions": 0,
        "packet_loss_percent": null,
        "omitted": false
      },
      {
        "second_start": 11.000095,
        "second_end": 12.000056,
        "throughput_mbps": 15.639,
        "transfer_mbytes": 1.955,
        "retransmissions": 0,
        "packet_loss_percent": null,
        "omitted": false
      },
      {
        "second_start": 12.000056,
        "second_end": 13.000142,
        "throughput_mbps": 12.51,
        "transfer_mbytes": 1.564,
        "retransmissions": 0,
        "packet_loss_percent": null,
        "omitted": false
      },
      {
        "second_start": 13.000142,
        "second_end": 14.000087,
        "throughput_mbps": 15.639,
        "transfer_mbytes": 1.955,
        "retransmissions": 0,
        "packet_loss_percent": null,
        "omitted": false
      },
      {
        "second_start": 14.000087,
        "second_end": 15.000063,
        "throughput_mbps": 12.511,
        "transfer_mbytes": 1.564,
        "retransmissions": 0,
        "packet_loss_percent": null,
        "omitted": false
      },
      {
        "second_start": 15.000063,
        "second_end": 16.00009,
        "throughput_mbps": 16.159,
        "transfer_mbytes": 2.02,
        "retransmissions": 0,
        "packet_loss_percent": null,
        "omitted": false
      },
      {
        "second_start": 16.00009,
        "second_end": 17.000055,
        "throughput_mbps": 15.639,
        "transfer_mbytes": 1.955,
        "retransmissions": 0,
        "packet_loss_percent": null,
        "omitted": false
      },
      {
        "second_start": 17.000055,
        "second_end": 18.000156,
        "throughput_mbps": 12.509,
        "transfer_mbytes": 1.564,
        "retransmissions": 0,
        "packet_loss_percent": null,
        "omitted": false
      },
      {
        "second_start": 18.000156,
        "second_end": 19.000228,
        "throughput_mbps": 14.595,
        "transfer_mbytes": 1.824,
        "retransmissions": 0,
        "packet_loss_percent": null,
        "omitted": false
      },
      {
        "second_start": 19.000228,
        "second_end": 20.000215,
        "throughput_mbps": 14.596,
        "transfer_mbytes": 1.824,
        "retransmissions": 0,
        "packet_loss_percent": null,
        "omitted": false
      },
      {
        "second_start": 20.000215,
        "second_end": 21.00006,
        "throughput_mbps": 14.598,
        "transfer_mbytes": 1.824,
        "retransmissions": 0,
        "packet_loss_percent": null,
        "omitted": false
      },
      {
        "second_start": 21.00006,
        "second_end": 22.000057,
        "throughput_mbps": 14.596,
        "transfer_mbytes": 1.824,
        "retransmissions": 0,
        "packet_loss_percent": null,
        "omitted": false
      },
      {
        "second_start": 22.000057,
        "second_end": 23.000241,
        "throughput_mbps": 10.945,
        "transfer_mbytes": 1.368,
        "retransmissions": 0,
        "packet_loss_percent": null,
        "omitted": false
      },
      {
        "second_start": 23.000241,
        "second_end": 24.000239,
        "throughput_mbps": 14.596,
        "transfer_mbytes": 1.824,
        "retransmissions": 0,
        "packet_loss_percent": null,
        "omitted": false
      },
      {
        "second_start": 24.000239,
        "second_end": 25.000227,
        "throughput_mbps": 14.596,
        "transfer_mbytes": 1.824,
        "retransmissions": 0,
        "packet_loss_percent": null,
        "omitted": false
      },
      {
        "second_start": 25.000227,
        "second_end": 26.000191,
        "throughput_mbps": 14.596,
        "transfer_mbytes": 1.824,
        "retransmissions": 0,
        "packet_loss_percent": null,
        "omitted": false
      },
      {
        "second_start": 26.000191,
        "second_end": 27.000131,
        "throughput_mbps": 14.597,
        "transfer_mbytes": 1.824,
        "retransmissions": 0,
        "packet_loss_percent": null,
        "omitted": false
      },
      {
        "second_start": 27.000131,
        "second_end": 28.000273,
        "throughput_mbps": 10.945,
        "transfer_mbytes": 1.368,
        "retransmissions": 0,
        "packet_loss_percent": null,
        "omitted": false
      },
      {
        "second_start": 28.000273,
        "second_end": 29.000253,
        "throughput_mbps": 14.596,
        "transfer_mbytes": 1.824,
        "retransmissions": 0,
        "packet_loss_percent": null,
        "omitted": false
      },
      {
        "second_start": 29.000253,
        "second_end": 30.000249,
        "throughput_mbps": 14.596,
        "transfer_mbytes": 1.824,
        "retransmissions": 0,
        "packet_loss_percent": null,
        "omitted": false
      }
    ],
    "raw": {
      "command": "iperf3 -c 192.168.3.2 -p 5201 -P 1 -t 30 -i 1 -J",
      "stdout": "{\n\t\"start\":\t{\n\t\t\"connected\":\t[{\n\t\t\t\t\"socket\":\t5,\n\t\t\t\t\"local_host\":\t\"192.168.3.1\",\n\t\t\t\t\"local_port\":\t33774,\n\t\t\t\t\"remote_host\":\t\"192.168.3.2\",\n\t\t\t\t\"remote_port\":\t5201\n\t\t\t}],\n\t\t\"version\":\t\"iperf 3.10.1\",\n\t\t\"system_info\":\t\"Linux CBA-20240614 6.2.15-100.fc36.x86_64 #1 SMP PREEMPT_DYNAMIC Thu May 11 16:51:53 UTC 2023 x86_64\",\n\t\t\"timestamp\":\t{\n\t\t\t\"time\":\t\"Fri, 31 Jul 2026 02:15:40 GMT\",\n\t\t\t\"timesecs\":\t1785464140\n\t\t},\n\t\t\"connecting_to\":\t{\n\t\t\t\"host\":\t\"192.168.3.2\",\n\t\t\t\"port\":\t5201\n\t\t},\n\t\t\"cookie\":\t\"tumgtyaozexnc4fpkbcfg5ubas42u3kvwmn2\",\n\t\t\"tcp_mss_default\":\t1448,\n\t\t\"sock_bufsize\":\t0,\n\t\t\"sndbuf_actual\":\t16384,\n\t\t\"rcvbuf_actual\":\t131072,\n\t\t\"test_start\":\t{\n\t\t\t\"protocol\":\t\"TCP\",\n\t\t\t\"num_streams\":\t1,\n\t\t\t\"blksize\":\t131072,\n\t\t\t\"omit\":\t0,\n\t\t\t\"duration\":\t30,\n\t\t\t\"bytes\":\t0,\n\t\t\t\"blocks\":\t0,\n\t\t\t\"reverse\":\t0,\n\t\t\t\"tos\":\t0\n\t\t}\n\t},\n\t\"intervals\":\t[{\n\t\t\t\"streams\":\t[{\n\t\t\t\t\t\"socket\":\t5,\n\t\t\t\t\t\"start\":\t0,\n\t\t\t\t\t\"end\":\t1.000058,\n\t\t\t\t\t\"seconds\":\t1.0000580549240112,\n\t\t\t\t\t\"bytes\":\t2519520,\n\t\t\t\t\t\"bits_per_second\":\t20154989.9035927,\n\t\t\t\t\t\"retransmits\":\t0,\n\t\t\t\t\t\"snd_cwnd\":\t92672,\n\t\t\t\t\t\"snd_wnd\":\t212992,\n\t\t\t\t\t\"rtt\":\t35070,\n\t\t\t\t\t\"rttvar\":\t2270,\n\t\t\t\t\t\"pmtu\":\t1500,\n\t\t\t\t\t\"omitted\":\tfalse,\n\t\t\t\t\t\"sender\":\ttrue\n\t\t\t\t}],\n\t\t\t\"sum\":\t{\n\t\t\t\t\"start\":\t0,\n\t\t\t\t\"end\":\t1.000058,\n\t\t\t\t\"seconds\":\t1.0000580549240112,\n\t\t\t\t\"bytes\":\t2519520,\n\t\t\t\t\"bits_per_second\":\t20154989.9035927,\n\t\t\t\t\"retransmits\":\t0,\n\t\t\t\t\"omitted\":\tfalse,\n\t\t\t\t\"sender\":\ttrue\n\t\t\t}\n\t\t}, {\n\t\t\t\"streams\":\t[{\n\t\t\t\t\t\"socket\":\t5,\n\t\t\t\t\t\"start\":\t1.000058,\n\t\t\t\t\t\"end\":\t2.000078,\n\t\t\t\t\t\"seconds\":\t1.0000200271606445,\n\t\t\t\t\t\"bytes\":\t1694160,\n\t\t\t\t\t\"bits_per_second\":\t13553008.571720118,\n\t\t\t\t\t\"retransmits\":\t0,\n\t\t\t\t\t\"snd_cwnd\":\t112944,\n\t\t\t\t\t\"snd_wnd\":\t212992,\n\t\t\t\t\t\"rtt\":\t36356,\n\t\t\t\t\t\"rttvar\":\t3630,\n\t\t\t\t\t\"pmtu\":\t1500,\n\t\t\t\t\t\"omitted\":\tfalse,\n\t\t\t\t\t\"sender\":\ttrue\n\t\t\t\t}],\n\t\t\t\"sum\":\t{\n\t\t\t\t\"start\":\t1.000058,\n\t\t\t\t\"end\":\t2.000078,\n\t\t\t\t\"seconds\":\t1.0000200271606445,\n\t\t\t\t\"bytes\":\t1694160,\n\t\t\t\t\"bits_per_second\":\t13553008.571720118,\n\t\t\t\t\"retransmits\":\t0,\n\t\t\t\t\"omitted\":\tfalse,\n\t\t\t\t\"sender\":\ttrue\n\t\t\t}\n\t\t}, {\n\t\t\t\"streams\":\t[{\n\t\t\t\t\t\"socket\":\t5,\n\t\t\t\t\t\"start\":\t2.000078,\n\t\t\t\t\t\"end\":\t3.000058,\n\t\t\t\t\t\"seconds\":\t0.99997997283935547,\n\t\t\t\t\t\"bytes\":\t1954800,\n\t\t\t\t\t\"bits_per_second\":\t15638713.199021511,\n\t\t\t\t\t\"retransmits\":\t0,\n\t\t\t\t\t\"snd_cwnd\":\t89776,\n\t\t\t\t\t\"snd_wnd\":\t212992,\n\t\t\t\t\t\"rtt\":\t44708,\n\t\t\t\t\t\"rttvar\":\t2365,\n\t\t\t\t\t\"pmtu\":\t1500,\n\t\t\t\t\t\"omitted\":\tfalse,\n\t\t\t\t\t\"sender\":\ttrue\n\t\t\t\t}],\n\t\t\t\"sum\":\t{\n\t\t\t\t\"start\":\t2.000078,\n\t\t\t\t\"end\":\t3.000058,\n\t\t\t\t\"seconds\":\t0.99997997283935547,\n\t\t\t\t\"bytes\":\t1954800,\n\t\t\t\t\"bits_per_second\":\t15638713.199021511,\n\t\t\t\t\"retransmits\":\t0,\n\t\t\t\t\"omitted\":\tfalse,\n\t\t\t\t\"sender\":\ttrue\n\t\t\t}\n\t\t}, {\n\t\t\t\"streams\":\t[{\n\t\t\t\t\t\"socket\":\t5,\n\t\t\t\t\t\"start\":\t3.000058,\n\t\t\t\t\t\"end\":\t4.000104,\n\t\t\t\t\t\"seconds\":\t1.0000460147857666,\n\t\t\t\t\t\"bytes\":\t1563840,\n\t\t\t\t\t\"bits_per_second\":\t12510144.3483879,\n\t\t\t\t\t\"retransmits\":\t0,\n\t\t\t\t\t\"snd_cwnd\":\t104256,\n\t\t\t\t\t\"snd_wnd\":\t212992,\n\t\t\t\t\t\"rtt\":\t37834,\n\t\t\t\t\t\"rttvar\":\t3429,\n\t\t\t\t\t\"pmtu\":\t1500,\n\t\t\t\t\t\"omitted\":\tfalse,\n\t\t\t\t\t\"sender\":\ttrue\n\t\t\t\t}],\n\t\t\t\"sum\":\t{\n\t\t\t\t\"start\":\t3.000058,\n\t\t\t\t\"end\":\t4.000104,\n\t\t\t\t\"seconds\":\t1.0000460147857666,\n\t\t\t\t\"bytes\":\t1563840,\n\t\t\t\t\"bits_per_second\":\t12510144.3483879,\n\t\t\t\t\"retransmits\":\t0,\n\t\t\t\t\"omitted\":\tfalse,\n\t\t\t\t\"sender\":\ttrue\n\t\t\t}\n\t\t}, {\n\t\t\t\"streams\":\t[{\n\t\t\t\t\t\"socket\":\t5,\n\t\t\t\t\t\"start\":\t4.000104,\n\t\t\t\t\t\"end\":\t5.000057,\n\t\t\t\t\t\"seconds\":\t0.99995297193527222,\n\t\t\t\t\t\"bytes\":\t1954800,\n\t\t\t\t\t\"bits_per_second\":\t15639135.47827556,\n\t\t\t\t\t\"retransmits\":\t0,\n\t\t\t\t\t\"snd_cwnd\":\t118736,\n\t\t\t\t\t\"snd_wnd\":\t212992,\n\t\t\t\t\t\"rtt\":\t40979,\n\t\t\t\t\t\"rttvar\":\t3541,\n\t\t\t\t\t\"pmtu\":\t1500,\n\t\t\t\t\t\"omitted\":\tfalse,\n\t\t\t\t\t\"sender\":\ttrue\n\t\t\t\t}],\n\t\t\t\"sum\":\t{\n\t\t\t\t\"start\":\t4.000104,\n\t\t\t\t\"end\":\t5.000057,\n\t\t\t\t\"seconds\":\t0.99995297193527222,\n\t\t\t\t\"bytes\":\t1954800,\n\t\t\t\t\"bits_per_second\":\t15639135.47827556,\n\t\t\t\t\"retransmits\":\t0,\n\t\t\t\t\"omitted\":\tfalse,\n\t\t\t\t\"sender\":\ttrue\n\t\t\t}\n\t\t}, {\n\t\t\t\"streams\":\t[{\n\t\t\t\t\t\"socket\":\t5,\n\t\t\t\t\t\"start\":\t5.000057,\n\t\t\t\t\t\"end\":\t6.000116,\n\t\t\t\t\t\"seconds\":\t1.0000590085983276,\n\t\t\t\t\t\"bytes\":\t1563840,\n\t\t\t\t\t\"bits_per_second\":\t12509981.803508671,\n\t\t\t\t\t\"retransmits\":\t0,\n\t\t\t\t\t\"snd_cwnd\":\t92672,\n\t\t\t\t\t\"snd_wnd\":\t212992,\n\t\t\t\t\t\"rtt\":\t58040,\n\t\t\t\t\t\"rttvar\":\t6220,\n\t\t\t\t\t\"pmtu\":\t1500,\n\t\t\t\t\t\"omitted\":\tfalse,\n\t\t\t\t\t\"sender\":\ttrue\n\t\t\t\t}],\n\t\t\t\"sum\":\t{\n\t\t\t\t\"start\":\t5.000057,\n\t\t\t\t\"end\":\t6.000116,\n\t\t\t\t\"seconds\":\t1.0000590085983276,\n\t\t\t\t\"bytes\":\t1563840,\n\t\t\t\t\"bits_per_second\":\t12509981.803508671,\n\t\t\t\t\"retransmits\":\t0,\n\t\t\t\t\"omitted\":\tfalse,\n\t\t\t\t\"sender\":\ttrue\n\t\t\t}\n\t\t}, {\n\t\t\t\"streams\":\t[{\n\t\t\t\t\t\"socket\":\t5,\n\t\t\t\t\t\"start\":\t6.000116,\n\t\t\t\t\t\"end\":\t7.000175,\n\t\t\t\t\t\"seconds\":\t1.0000590085983276,\n\t\t\t\t\t\"bytes\":\t1563840,\n\t\t\t\t\t\"bits_per_second\":\t12509981.803508671,\n\t\t\t\t\t\"retransmits\":\t0,\n\t\t\t\t\t\"snd_cwnd\":\t110048,\n\t\t\t\t\t\"snd_wnd\":\t212992,\n\t\t\t\t\t\"rtt\":\t63920,\n\t\t\t\t\t\"rttvar\":\t1946,\n\t\t\t\t\t\"pmtu\":\t1500,\n\t\t\t\t\t\"omitted\":\tfalse,\n\t\t\t\t\t\"sender\":\ttrue\n\t\t\t\t}],\n\t\t\t\"sum\":\t{\n\t\t\t\t\"start\":\t6.000116,\n\t\t\t\t\"end\":\t7.000175,\n\t\t\t\t\"seconds\":\t1.0000590085983276,\n\t\t\t\t\"bytes\":\t1563840,\n\t\t\t\t\"bits_per_second\":\t12509981.803508671,\n\t\t\t\t\"retransmits\":\t0,\n\t\t\t\t\"omitted\":\tfalse,\n\t\t\t\t\"sender\":\ttrue\n\t\t\t}\n\t\t}, {\n\t\t\t\"streams\":\t[{\n\t\t\t\t\t\"socket\":\t5,\n\t\t\t\t\t\"start\":\t7.000175,\n\t\t\t\t\t\"end\":\t8.000089,\n\t\t\t\t\t\"seconds\":\t0.999913990497589,\n\t\t\t\t\t\"bytes\":\t1954800,\n\t\t\t\t\t\"bits_per_second\":\t15639745.166699622,\n\t\t\t\t\t\"retransmits\":\t0,\n\t\t\t\t\t\"snd_cwnd\":\t92672,\n\t\t\t\t\t\"snd_wnd\":\t212992,\n\t\t\t\t\t\"rtt\":\t39903,\n\t\t\t\t\t\"rttvar\":\t1320,\n\t\t\t\t\t\"pmtu\":\t1500,\n\t\t\t\t\t\"omitted\":\tfalse,\n\t\t\t\t\t\"sender\":\ttrue\n\t\t\t\t}],\n\t\t\t\"sum\":\t{\n\t\t\t\t\"start\":\t7.000175,\n\t\t\t\t\"end\":\t8.000089,\n\t\t\t\t\"seconds\":\t0.999913990497589,\n\t\t\t\t\"bytes\":\t1954800,\n\t\t\t\t\"bits_per_second\":\t15639745.166699622,\n\t\t\t\t\"retransmits\":\t0,\n\t\t\t\t\"omitted\":\tfalse,\n\t\t\t\t\"sender\":\ttrue\n\t\t\t}\n\t\t}, {\n\t\t\t\"streams\":\t[{\n\t\t\t\t\t\"socket\":\t5,\n\t\t\t\t\t\"start\":\t8.000089,\n\t\t\t\t\t\"end\":\t9.000056,\n\t\t\t\t\t\"seconds\":\t0.99996697902679443,\n\t\t\t\t\t\"bytes\":\t1954800,\n\t\t\t\t\t\"bits_per_second\":\t15638916.412239812,\n\t\t\t\t\t\"retransmits\":\t0,\n\t\t\t\t\t\"snd_cwnd\":\t112944,\n\t\t\t\t\t\"snd_wnd\":\t212992,\n\t\t\t\t\t\"rtt\":\t45752,\n\t\t\t\t\t\"rttvar\":\t4617,\n\t\t\t\t\t\"pmtu\":\t1500,\n\t\t\t\t\t\"omitted\":\tfalse,\n\t\t\t\t\t\"sender\":\ttrue\n\t\t\t\t}],\n\t\t\t\"sum\":\t{\n\t\t\t\t\"start\":\t8.000089,\n\t\t\t\t\"end\":\t9.000056,\n\t\t\t\t\"seconds\":\t0.99996697902679443,\n\t\t\t\t\"bytes\":\t1954800,\n\t\t\t\t\"bits_per_second\":\t15638916.412239812,\n\t\t\t\t\"retransmits\":\t0,\n\t\t\t\t\"omitted\":\tfalse,\n\t\t\t\t\"sender\":\ttrue\n\t\t\t}\n\t\t}, {\n\t\t\t\"streams\":\t[{\n\t\t\t\t\t\"socket\":\t5,\n\t\t\t\t\t\"start\":\t9.000056,\n\t\t\t\t\t\"end\":\t10.00016,\n\t\t\t\t\t\"seconds\":\t1.0001039505004883,\n\t\t\t\t\t\"bytes\":\t1563840,\n\t\t\t\t\t\"bits_per_second\":\t12509419.639567649,\n\t\t\t\t\t\"retransmits\":\t0,\n\t\t\t\t\t\"snd_cwnd\":\t5792,\n\t\t\t\t\t\"snd_wnd\":\t212992,\n\t\t\t\t\t\"rtt\":\t37672,\n\t\t\t\t\t\"rttvar\":\t3455,\n\t\t\t\t\t\"pmtu\":\t1500,\n\t\t\t\t\t\"omitted\":\tfalse,\n\t\t\t\t\t\"sender\":\ttrue\n\t\t\t\t}],\n\t\t\t\"sum\":\t{\n\t\t\t\t\"start\":\t9.000056,\n\t\t\t\t\"end\":\t10.00016,\n\t\t\t\t\"seconds\":\t1.0001039505004883,\n\t\t\t\t\"bytes\":\t1563840,\n\t\t\t\t\"bits_per_second\":\t12509419.639567649,\n\t\t\t\t\"retransmits\":\t0,\n\t\t\t\t\"omitted\":\tfalse,\n\t\t\t\t\"sender\":\ttrue\n\t\t\t}\n\t\t}, {\n\t\t\t\"streams\":\t[{\n\t\t\t\t\t\"socket\":\t5,\n\t\t\t\t\t\"start\":\t10.00016,\n\t\t\t\t\t\"end\":\t11.000095,\n\t\t\t\t\t\"seconds\":\t0.99993497133255,\n\t\t\t\t\t\"bytes\":\t1172880,\n\t\t\t\t\t\"bits_per_second\":\t9383650.20626873,\n\t\t\t\t\t\"retransmits\":\t0,\n\t\t\t\t\t\"snd_cwnd\":\t83984,\n\t\t\t\t\t\"snd_wnd\":\t212992,\n\t\t\t\t\t\"rtt\":\t21007,\n\t\t\t\t\t\"rttvar\":\t2742,\n\t\t\t\t\t\"pmtu\":\t1500,\n\t\t\t\t\t\"omitted\":\tfalse,\n\t\t\t\t\t\"sender\":\ttrue\n\t\t\t\t}],\n\t\t\t\"sum\":\t{\n\t\t\t\t\"start\":\t10.00016,\n\t\t\t\t\"end\":\t11.000095,\n\t\t\t\t\"seconds\":\t0.99993497133255,\n\t\t\t\t\"bytes\":\t1172880,\n\t\t\t\t\"bits_per_second\":\t9383650.20626873,\n\t\t\t\t\"retransmits\":\t0,\n\t\t\t\t\"omitted\":\tfalse,\n\t\t\t\t\"sender\":\ttrue\n\t\t\t}\n\t\t}, {\n\t\t\t\"streams\":\t[{\n\t\t\t\t\t\"socket\":\t5,\n\t\t\t\t\t\"start\":\t11.000095,\n\t\t\t\t\t\"end\":\t12.000056,\n\t\t\t\t\t\"seconds\":\t0.999961018562317,\n\t\t\t\t\t\"bytes\":\t1954800,\n\t\t\t\t\t\"bits_per_second\":\t15639009.631079359,\n\t\t\t\t\t\"retransmits\":\t0,\n\t\t\t\t\t\"snd_cwnd\":\t118736,\n\t\t\t\t\t\"snd_wnd\":\t212992,\n\t\t\t\t\t\"rtt\":\t38042,\n\t\t\t\t\t\"rttvar\":\t727,\n\t\t\t\t\t\"pmtu\":\t1500,\n\t\t\t\t\t\"omitted\":\tfalse,\n\t\t\t\t\t\"sender\":\ttrue\n\t\t\t\t}],\n\t\t\t\"sum\":\t{\n\t\t\t\t\"start\":\t11.000095,\n\t\t\t\t\"end\":\t12.000056,\n\t\t\t\t\"seconds\":\t0.999961018562317,\n\t\t\t\t\"bytes\":\t1954800,\n\t\t\t\t\"bits_per_second\":\t15639009.631079359,\n\t\t\t\t\"retransmits\":\t0,\n\t\t\t\t\"omitted\":\tfalse,\n\t\t\t\t\"sender\":\ttrue\n\t\t\t}\n\t\t}, {\n\t\t\t\"streams\":\t[{\n\t\t\t\t\t\"socket\":\t5,\n\t\t\t\t\t\"start\":\t12.000056,\n\t\t\t\t\t\"end\":\t13.000142,\n\t\t\t\t\t\"seconds\":\t1.0000859498977661,\n\t\t\t\t\t\"bytes\":\t1563840,\n\t\t\t\t\t\"bits_per_second\":\t12509644.797308581,\n\t\t\t\t\t\"retransmits\":\t0,\n\t\t\t\t\t\"snd_cwnd\":\t104256,\n\t\t\t\t\t\"snd_wnd\":\t212992,\n\t\t\t\t\t\"rtt\":\t46564,\n\t\t\t\t\t\"rttvar\":\t1659,\n\t\t\t\t\t\"pmtu\":\t1500,\n\t\t\t\t\t\"omitted\":\tfalse,\n\t\t\t\t\t\"sender\":\ttrue\n\t\t\t\t}],\n\t\t\t\"sum\":\t{\n\t\t\t\t\"start\":\t12.000056,\n\t\t\t\t\"end\":\t13.000142,\n\t\t\t\t\"seconds\":\t1.0000859498977661,\n\t\t\t\t\"bytes\":\t1563840,\n\t\t\t\t\"bits_per_second\":\t12509644.797308581,\n\t\t\t\t\"retransmits\":\t0,\n\t\t\t\t\"omitted\":\tfalse,\n\t\t\t\t\"sender\":\ttrue\n\t\t\t}\n\t\t}, {\n\t\t\t\"streams\":\t[{\n\t\t\t\t\t\"socket\":\t5,\n\t\t\t\t\t\"start\":\t13.000142,\n\t\t\t\t\t\"end\":\t14.000087,\n\t\t\t\t\t\"seconds\":\t0.99994498491287231,\n\t\t\t\t\t\"bytes\":\t1954800,\n\t\t\t\t\t\"bits_per_second\":\t15639260.395273259,\n\t\t\t\t\t\"retransmits\":\t0,\n\t\t\t\t\t\"snd_cwnd\":\t95568,\n\t\t\t\t\t\"snd_wnd\":\t212992,\n\t\t\t\t\t\"rtt\":\t45283,\n\t\t\t\t\t\"rttvar\":\t2779,\n\t\t\t\t\t\"pmtu\":\t1500,\n\t\t\t\t\t\"omitted\":\tfalse,\n\t\t\t\t\t\"sender\":\ttrue\n\t\t\t\t}],\n\t\t\t\"sum\":\t{\n\t\t\t\t\"start\":\t13.000142,\n\t\t\t\t\"end\":\t14.000087,\n\t\t\t\t\"seconds\":\t0.99994498491287231,\n\t\t\t\t\"bytes\":\t1954800,\n\t\t\t\t\"bits_per_second\":\t15639260.395273259,\n\t\t\t\t\"retransmits\":\t0,\n\t\t\t\t\"omitted\":\tfalse,\n\t\t\t\t\"sender\":\ttrue\n\t\t\t}\n\t\t}, {\n\t\t\t\"streams\":\t[{\n\t\t\t\t\t\"socket\":\t5,\n\t\t\t\t\t\"start\":\t14.000087,\n\t\t\t\t\t\"end\":\t15.000063,\n\t\t\t\t\t\"seconds\":\t0.99997597932815552,\n\t\t\t\t\t\"bytes\":\t1563840,\n\t\t\t\t\t\"bits_per_second\":\t12511020.523118425,\n\t\t\t\t\t\"retransmits\":\t0,\n\t\t\t\t\t\"snd_cwnd\":\t127424,\n\t\t\t\t\t\"snd_wnd\":\t212992,\n\t\t\t\t\t\"rtt\":\t44022,\n\t\t\t\t\t\"rttvar\":\t3580,\n\t\t\t\t\t\"pmtu\":\t1500,\n\t\t\t\t\t\"omitted\":\tfalse,\n\t\t\t\t\t\"sender\":\ttrue\n\t\t\t\t}],\n\t\t\t\"sum\":\t{\n\t\t\t\t\"start\":\t14.000087,\n\t\t\t\t\"end\":\t15.000063,\n\t\t\t\t\"seconds\":\t0.99997597932815552,\n\t\t\t\t\"bytes\":\t1563840,\n\t\t\t\t\"bits_per_second\":\t12511020.523118425,\n\t\t\t\t\"retransmits\":\t0,\n\t\t\t\t\"omitted\":\tfalse,\n\t\t\t\t\"sender\":\ttrue\n\t\t\t}\n\t\t}, {\n\t\t\t\"streams\":\t[{\n\t\t\t\t\t\"socket\":\t5,\n\t\t\t\t\t\"start\":\t15.000063,\n\t\t\t\t\t\"end\":\t16.00009,\n\t\t\t\t\t\"seconds\":\t1.0000269412994385,\n\t\t\t\t\t\"bytes\":\t2019960,\n\t\t\t\t\t\"bits_per_second\":\t16159244.648951214,\n\t\t\t\t\t\"retransmits\":\t0,\n\t\t\t\t\t\"snd_cwnd\":\t104256,\n\t\t\t\t\t\"snd_wnd\":\t212992,\n\t\t\t\t\t\"rtt\":\t40572,\n\t\t\t\t\t\"rttvar\":\t1641,\n\t\t\t\t\t\"pmtu\":\t1500,\n\t\t\t\t\t\"omitted\":\tfalse,\n\t\t\t\t\t\"sender\":\ttrue\n\t\t\t\t}],\n\t\t\t\"sum\":\t{\n\t\t\t\t\"start\":\t15.000063,\n\t\t\t\t\"end\":\t16.00009,\n\t\t\t\t\"seconds\":\t1.0000269412994385,\n\t\t\t\t\"bytes\":\t2019960,\n\t\t\t\t\"bits_per_second\":\t16159244.648951214,\n\t\t\t\t\"retransmits\":\t0,\n\t\t\t\t\"omitted\":\tfalse,\n\t\t\t\t\"sender\":\ttrue\n\t\t\t}\n\t\t}, {\n\t\t\t\"streams\":\t[{\n\t\t\t\t\t\"socket\":\t5,\n\t\t\t\t\t\"start\":\t16.00009,\n\t\t\t\t\t\"end\":\t17.000055,\n\t\t\t\t\t\"seconds\":\t0.999965012073517,\n\t\t\t\t\t\"bytes\":\t1954800,\n\t\t\t\t\t\"bits_per_second\":\t15638947.17433401,\n\t\t\t\t\t\"retransmits\":\t0,\n\t\t\t\t\t\"snd_cwnd\":\t115840,\n\t\t\t\t\t\"snd_wnd\":\t212992,\n\t\t\t\t\t\"rtt\":\t62966,\n\t\t\t\t\t\"rttvar\":\t1988,\n\t\t\t\t\t\"pmtu\":\t1500,\n\t\t\t\t\t\"omitted\":\tfalse,\n\t\t\t\t\t\"sender\":\ttrue\n\t\t\t\t}],\n\t\t\t\"sum\":\t{\n\t\t\t\t\"start\":\t16.00009,\n\t\t\t\t\"end\":\t17.000055,\n\t\t\t\t\"seconds\":\t0.999965012073517,\n\t\t\t\t\"bytes\":\t1954800,\n\t\t\t\t\"bits_per_second\":\t15638947.17433401,\n\t\t\t\t\"retransmits\":\t0,\n\t\t\t\t\"omitted\":\tfalse,\n\t\t\t\t\"sender\":\ttrue\n\t\t\t}\n\t\t}, {\n\t\t\t\"streams\":\t[{\n\t\t\t\t\t\"socket\":\t5,\n\t\t\t\t\t\"start\":\t17.000055,\n\t\t\t\t\t\"end\":\t18.000156,\n\t\t\t\t\t\"seconds\":\t1.0001009702682495,\n\t\t\t\t\t\"bytes\":\t1563840,\n\t\t\t\t\t\"bits_per_second\":\t12509456.916779457,\n\t\t\t\t\t\"retransmits\":\t0,\n\t\t\t\t\t\"snd_cwnd\":\t136112,\n\t\t\t\t\t\"snd_wnd\":\t212992,\n\t\t\t\t\t\"rtt\":\t24175,\n\t\t\t\t\t\"rttvar\":\t4880,\n\t\t\t\t\t\"pmtu\":\t1500,\n\t\t\t\t\t\"omitted\":\tfalse,\n\t\t\t\t\t\"sender\":\ttrue\n\t\t\t\t}],\n\t\t\t\"sum\":\t{\n\t\t\t\t\"start\":\t17.000055,\n\t\t\t\t\"end\":\t18.000156,\n\t\t\t\t\"seconds\":\t1.0001009702682495,\n\t\t\t\t\"bytes\":\t1563840,\n\t\t\t\t\"bits_per_second\":\t12509456.916779457,\n\t\t\t\t\"retransmits\":\t0,\n\t\t\t\t\"omitted\":\tfalse,\n\t\t\t\t\"sender\":\ttrue\n\t\t\t}\n\t\t}, {\n\t\t\t\"streams\":\t[{\n\t\t\t\t\t\"socket\":\t5,\n\t\t\t\t\t\"start\":\t18.000156,\n\t\t\t\t\t\"end\":\t19.000228,\n\t\t\t\t\t\"seconds\":\t1.0000720024108887,\n\t\t\t\t\t\"bytes\":\t1824480,\n\t\t\t\t\t\"bits_per_second\":\t14594789.139995508,\n\t\t\t\t\t\"retransmits\":\t0,\n\t\t\t\t\t\"snd_cwnd\":\t89776,\n\t\t\t\t\t\"snd_wnd\":\t212992,\n\t\t\t\t\t\"rtt\":\t44328,\n\t\t\t\t\t\"rttvar\":\t3463,\n\t\t\t\t\t\"pmtu\":\t1500,\n\t\t\t\t\t\"omitted\":\tfalse,\n\t\t\t\t\t\"sender\":\ttrue\n\t\t\t\t}],\n\t\t\t\"sum\":\t{\n\t\t\t\t\"start\":\t18.000156,\n\t\t\t\t\"end\":\t19.000228,\n\t\t\t\t\"seconds\":\t1.0000720024108887,\n\t\t\t\t\"bytes\":\t1824480,\n\t\t\t\t\"bits_per_second\":\t14594789.139995508,\n\t\t\t\t\"retransmits\":\t0,\n\t\t\t\t\"omitted\":\tfalse,\n\t\t\t\t\"sender\":\ttrue\n\t\t\t}\n\t\t}, {\n\t\t\t\"streams\":\t[{\n\t\t\t\t\t\"socket\":\t5,\n\t\t\t\t\t\"start\":\t19.000228,\n\t\t\t\t\t\"end\":\t20.000215,\n\t\t\t\t\t\"seconds\":\t0.999987006187439,\n\t\t\t\t\t\"bytes\":\t1824480,\n\t\t\t\t\t\"bits_per_second\":\t14596029.658073513,\n\t\t\t\t\t\"retransmits\":\t0,\n\t\t\t\t\t\"snd_cwnd\":\t101360,\n\t\t\t\t\t\"snd_wnd\":\t212992,\n\t\t\t\t\t\"rtt\":\t48661,\n\t\t\t\t\t\"rttvar\":\t3523,\n\t\t\t\t\t\"pmtu\":\t1500,\n\t\t\t\t\t\"omitted\":\tfalse,\n\t\t\t\t\t\"sender\":\ttrue\n\t\t\t\t}],\n\t\t\t\"sum\":\t{\n\t\t\t\t\"start\":\t19.000228,\n\t\t\t\t\"end\":\t20.000215,\n\t\t\t\t\"seconds\":\t0.999987006187439,\n\t\t\t\t\"bytes\":\t1824480,\n\t\t\t\t\"bits_per_second\":\t14596029.658073513,\n\t\t\t\t\"retransmits\":\t0,\n\t\t\t\t\"omitted\":\tfalse,\n\t\t\t\t\"sender\":\ttrue\n\t\t\t}\n\t\t}, {\n\t\t\t\"streams\":\t[{\n\t\t\t\t\t\"socket\":\t5,\n\t\t\t\t\t\"start\":\t20.000215,\n\t\t\t\t\t\"end\":\t21.00006,\n\t\t\t\t\t\"seconds\":\t0.999845027923584,\n\t\t\t\t\t\"bytes\":\t1824480,\n\t\t\t\t\t\"bits_per_second\":\t14598102.298224889,\n\t\t\t\t\t\"retransmits\":\t0,\n\t\t\t\t\t\"snd_cwnd\":\t95568,\n\t\t\t\t\t\"snd_wnd\":\t212992,\n\t\t\t\t\t\"rtt\":\t42224,\n\t\t\t\t\t\"rttvar\":\t2734,\n\t\t\t\t\t\"pmtu\":\t1500,\n\t\t\t\t\t\"omitted\":\tfalse,\n\t\t\t\t\t\"sender\":\ttrue\n\t\t\t\t}],\n\t\t\t\"sum\":\t{\n\t\t\t\t\"start\":\t20.000215,\n\t\t\t\t\"end\":\t21.00006,\n\t\t\t\t\"seconds\":\t0.999845027923584,\n\t\t\t\t\"bytes\":\t1824480,\n\t\t\t\t\"bits_per_second\":\t14598102.298224889,\n\t\t\t\t\"retransmits\":\t0,\n\t\t\t\t\"omitted\":\tfalse,\n\t\t\t\t\"sender\":\ttrue\n\t\t\t}\n\t\t}, {\n\t\t\t\"streams\":\t[{\n\t\t\t\t\t\"socket\":\t5,\n\t\t\t\t\t\"start\":\t21.00006,\n\t\t\t\t\t\"end\":\t22.000057,\n\t\t\t\t\t\"seconds\":\t0.99999701976776123,\n\t\t\t\t\t\"bytes\":\t1824480,\n\t\t\t\t\t\"bits_per_second\":\t14595883.499122558,\n\t\t\t\t\t\"retransmits\":\t0,\n\t\t\t\t\t\"snd_cwnd\":\t118736,\n\t\t\t\t\t\"snd_wnd\":\t212992,\n\t\t\t\t\t\"rtt\":\t62588,\n\t\t\t\t\t\"rttvar\":\t2124,\n\t\t\t\t\t\"pmtu\":\t1500,\n\t\t\t\t\t\"omitted\":\tfalse,\n\t\t\t\t\t\"sender\":\ttrue\n\t\t\t\t}],\n\t\t\t\"sum\":\t{\n\t\t\t\t\"start\":\t21.00006,\n\t\t\t\t\"end\":\t22.000057,\n\t\t\t\t\"seconds\":\t0.99999701976776123,\n\t\t\t\t\"bytes\":\t1824480,\n\t\t\t\t\"bits_per_second\":\t14595883.499122558,\n\t\t\t\t\"retransmits\":\t0,\n\t\t\t\t\"omitted\":\tfalse,\n\t\t\t\t\"sender\":\ttrue\n\t\t\t}\n\t\t}, {\n\t\t\t\"streams\":\t[{\n\t\t\t\t\t\"socket\":\t5,\n\t\t\t\t\t\"start\":\t22.000057,\n\t\t\t\t\t\"end\":\t23.000241,\n\t\t\t\t\t\"seconds\":\t1.0001840591430664,\n\t\t\t\t\t\"bytes\":\t1368360,\n\t\t\t\t\t\"bits_per_second\":\t10944865.497435564,\n\t\t\t\t\t\"retransmits\":\t0,\n\t\t\t\t\t\"snd_cwnd\":\t83984,\n\t\t\t\t\t\"snd_wnd\":\t212992,\n\t\t\t\t\t\"rtt\":\t43854,\n\t\t\t\t\t\"rttvar\":\t2806,\n\t\t\t\t\t\"pmtu\":\t1500,\n\t\t\t\t\t\"omitted\":\tfalse,\n\t\t\t\t\t\"sender\":\ttrue\n\t\t\t\t}],\n\t\t\t\"sum\":\t{\n\t\t\t\t\"start\":\t22.000057,\n\t\t\t\t\"end\":\t23.000241,\n\t\t\t\t\"seconds\":\t1.0001840591430664,\n\t\t\t\t\"bytes\":\t1368360,\n\t\t\t\t\"bits_per_second\":\t10944865.497435564,\n\t\t\t\t\"retransmits\":\t0,\n\t\t\t\t\"omitted\":\tfalse,\n\t\t\t\t\"sender\":\ttrue\n\t\t\t}\n\t\t}, {\n\t\t\t\"streams\":\t[{\n\t\t\t\t\t\"socket\":\t5,\n\t\t\t\t\t\"start\":\t23.000241,\n\t\t\t\t\t\"end\":\t24.000239,\n\t\t\t\t\t\"seconds\":\t0.99999797344207764,\n\t\t\t\t\t\"bytes\":\t1824480,\n\t\t\t\t\t\"bits_per_second\":\t14595869.579375129,\n\t\t\t\t\t\"retransmits\":\t0,\n\t\t\t\t\t\"snd_cwnd\":\t101360,\n\t\t\t\t\t\"snd_wnd\":\t212992,\n\t\t\t\t\t\"rtt\":\t46294,\n\t\t\t\t\t\"rttvar\":\t3296,\n\t\t\t\t\t\"pmtu\":\t1500,\n\t\t\t\t\t\"omitted\":\tfalse,\n\t\t\t\t\t\"sender\":\ttrue\n\t\t\t\t}],\n\t\t\t\"sum\":\t{\n\t\t\t\t\"start\":\t23.000241,\n\t\t\t\t\"end\":\t24.000239,\n\t\t\t\t\"seconds\":\t0.99999797344207764,\n\t\t\t\t\"bytes\":\t1824480,\n\t\t\t\t\"bits_per_second\":\t14595869.579375129,\n\t\t\t\t\"retransmits\":\t0,\n\t\t\t\t\"omitted\":\tfalse,\n\t\t\t\t\"sender\":\ttrue\n\t\t\t}\n\t\t}, {\n\t\t\t\"streams\":\t[{\n\t\t\t\t\t\"socket\":\t5,\n\t\t\t\t\t\"start\":\t24.000239,\n\t\t\t\t\t\"end\":\t25.000227,\n\t\t\t\t\t\"seconds\":\t0.9999880194664,\n\t\t\t\t\t\"bytes\":\t1824480,\n\t\t\t\t\t\"bits_per_second\":\t14596014.86804655,\n\t\t\t\t\t\"retransmits\":\t0,\n\t\t\t\t\t\"snd_cwnd\":\t95568,\n\t\t\t\t\t\"snd_wnd\":\t212992,\n\t\t\t\t\t\"rtt\":\t52431,\n\t\t\t\t\t\"rttvar\":\t2362,\n\t\t\t\t\t\"pmtu\":\t1500,\n\t\t\t\t\t\"omitted\":\tfalse,\n\t\t\t\t\t\"sender\":\ttrue\n\t\t\t\t}],\n\t\t\t\"sum\":\t{\n\t\t\t\t\"start\":\t24.000239,\n\t\t\t\t\"end\":\t25.000227,\n\t\t\t\t\"seconds\":\t0.9999880194664,\n\t\t\t\t\"bytes\":\t1824480,\n\t\t\t\t\"bits_per_second\":\t14596014.86804655,\n\t\t\t\t\"retransmits\":\t0,\n\t\t\t\t\"omitted\":\tfalse,\n\t\t\t\t\"sender\":\ttrue\n\t\t\t}\n\t\t}, {\n\t\t\t\"streams\":\t[{\n\t\t\t\t\t\"socket\":\t5,\n\t\t\t\t\t\"start\":\t25.000227,\n\t\t\t\t\t\"end\":\t26.000191,\n\t\t\t\t\t\"seconds\":\t0.99996399879455566,\n\t\t\t\t\t\"bytes\":\t1824480,\n\t\t\t\t\t\"bits_per_second\":\t14596365.486752629,\n\t\t\t\t\t\"retransmits\":\t0,\n\t\t\t\t\t\"snd_cwnd\":\t101360,\n\t\t\t\t\t\"snd_wnd\":\t212992,\n\t\t\t\t\t\"rtt\":\t51165,\n\t\t\t\t\t\"rttvar\":\t4056,\n\t\t\t\t\t\"pmtu\":\t1500,\n\t\t\t\t\t\"omitted\":\tfalse,\n\t\t\t\t\t\"sender\":\ttrue\n\t\t\t\t}],\n\t\t\t\"sum\":\t{\n\t\t\t\t\"start\":\t25.000227,\n\t\t\t\t\"end\":\t26.000191,\n\t\t\t\t\"seconds\":\t0.99996399879455566,\n\t\t\t\t\"bytes\":\t1824480,\n\t\t\t\t\"bits_per_second\":\t14596365.486752629,\n\t\t\t\t\"retransmits\":\t0,\n\t\t\t\t\"omitted\":\tfalse,\n\t\t\t\t\"sender\":\ttrue\n\t\t\t}\n\t\t}, {\n\t\t\t\"streams\":\t[{\n\t\t\t\t\t\"socket\":\t5,\n\t\t\t\t\t\"start\":\t26.000191,\n\t\t\t\t\t\"end\":\t27.000131,\n\t\t\t\t\t\"seconds\":\t0.99993997812271118,\n\t\t\t\t\t\"bytes\":\t1824480,\n\t\t\t\t\t\"bits_per_second\":\t14596716.122303912,\n\t\t\t\t\t\"retransmits\":\t0,\n\t\t\t\t\t\"snd_cwnd\":\t86880,\n\t\t\t\t\t\"snd_wnd\":\t212992,\n\t\t\t\t\t\"rtt\":\t62916,\n\t\t\t\t\t\"rttvar\":\t7685,\n\t\t\t\t\t\"pmtu\":\t1500,\n\t\t\t\t\t\"omitted\":\tfalse,\n\t\t\t\t\t\"sender\":\ttrue\n\t\t\t\t}],\n\t\t\t\"sum\":\t{\n\t\t\t\t\"start\":\t26.000191,\n\t\t\t\t\"end\":\t27.000131,\n\t\t\t\t\"seconds\":\t0.99993997812271118,\n\t\t\t\t\"bytes\":\t1824480,\n\t\t\t\t\"bits_per_second\":\t14596716.122303912,\n\t\t\t\t\"retransmits\":\t0,\n\t\t\t\t\"omitted\":\tfalse,\n\t\t\t\t\"sender\":\ttrue\n\t\t\t}\n\t\t}, {\n\t\t\t\"streams\":\t[{\n\t\t\t\t\t\"socket\":\t5,\n\t\t\t\t\t\"start\":\t27.000131,\n\t\t\t\t\t\"end\":\t28.000273,\n\t\t\t\t\t\"seconds\":\t1.000141978263855,\n\t\t\t\t\t\"bytes\":\t1368360,\n\t\t\t\t\t\"bits_per_second\":\t10945326.001616964,\n\t\t\t\t\t\"retransmits\":\t0,\n\t\t\t\t\t\"snd_cwnd\":\t121632,\n\t\t\t\t\t\"snd_wnd\":\t212992,\n\t\t\t\t\t\"rtt\":\t50959,\n\t\t\t\t\t\"rttvar\":\t4377,\n\t\t\t\t\t\"pmtu\":\t1500,\n\t\t\t\t\t\"omitted\":\tfalse,\n\t\t\t\t\t\"sender\":\ttrue\n\t\t\t\t}],\n\t\t\t\"sum\":\t{\n\t\t\t\t\"start\":\t27.000131,\n\t\t\t\t\"end\":\t28.000273,\n\t\t\t\t\"seconds\":\t1.000141978263855,\n\t\t\t\t\"bytes\":\t1368360,\n\t\t\t\t\"bits_per_second\":\t10945326.001616964,\n\t\t\t\t\"retransmits\":\t0,\n\t\t\t\t\"omitted\":\tfalse,\n\t\t\t\t\"sender\":\ttrue\n\t\t\t}\n\t\t}, {\n\t\t\t\"streams\":\t[{\n\t\t\t\t\t\"socket\":\t5,\n\t\t\t\t\t\"start\":\t28.000273,\n\t\t\t\t\t\"end\":\t29.000253,\n\t\t\t\t\t\"seconds\":\t0.99997997283935547,\n\t\t\t\t\t\"bytes\":\t1824480,\n\t\t\t\t\t\"bits_per_second\":\t14596132.319086744,\n\t\t\t\t\t\"retransmits\":\t0,\n\t\t\t\t\t\"snd_cwnd\":\t92672,\n\t\t\t\t\t\"snd_wnd\":\t212992,\n\t\t\t\t\t\"rtt\":\t49560,\n\t\t\t\t\t\"rttvar\":\t3983,\n\t\t\t\t\t\"pmtu\":\t1500,\n\t\t\t\t\t\"omitted\":\tfalse,\n\t\t\t\t\t\"sender\":\ttrue\n\t\t\t\t}],\n\t\t\t\"sum\":\t{\n\t\t\t\t\"start\":\t28.000273,\n\t\t\t\t\"end\":\t29.000253,\n\t\t\t\t\"seconds\":\t0.99997997283935547,\n\t\t\t\t\"bytes\":\t1824480,\n\t\t\t\t\"bits_per_second\":\t14596132.319086744,\n\t\t\t\t\"retransmits\":\t0,\n\t\t\t\t\"omitted\":\tfalse,\n\t\t\t\t\"sender\":\ttrue\n\t\t\t}\n\t\t}, {\n\t\t\t\"streams\":\t[{\n\t\t\t\t\t\"socket\":\t5,\n\t\t\t\t\t\"start\":\t29.000253,\n\t\t\t\t\t\"end\":\t30.000249,\n\t\t\t\t\t\"seconds\":\t0.9999960064888,\n\t\t\t\t\t\"bytes\":\t1824480,\n\t\t\t\t\t\"bits_per_second\":\t14595898.288883289,\n\t\t\t\t\t\"retransmits\":\t0,\n\t\t\t\t\t\"snd_cwnd\":\t83984,\n\t\t\t\t\t\"snd_wnd\":\t212992,\n\t\t\t\t\t\"rtt\":\t48807,\n\t\t\t\t\t\"rttvar\":\t2904,\n\t\t\t\t\t\"pmtu\":\t1500,\n\t\t\t\t\t\"omitted\":\tfalse,\n\t\t\t\t\t\"sender\":\ttrue\n\t\t\t\t}],\n\t\t\t\"sum\":\t{\n\t\t\t\t\"start\":\t29.000253,\n\t\t\t\t\"end\":\t30.000249,\n\t\t\t\t\"seconds\":\t0.9999960064888,\n\t\t\t\t\"bytes\":\t1824480,\n\t\t\t\t\"bits_per_second\":\t14595898.288883289,\n\t\t\t\t\"retransmits\":\t0,\n\t\t\t\t\"omitted\":\tfalse,\n\t\t\t\t\"sender\":\ttrue\n\t\t\t}\n\t\t}],\n\t\"end\":\t{\n\t\t\"streams\":\t[{\n\t\t\t\t\"sender\":\t{\n\t\t\t\t\t\"socket\":\t5,\n\t\t\t\t\t\"start\":\t0,\n\t\t\t\t\t\"end\":\t30.000249,\n\t\t\t\t\t\"seconds\":\t30.000249,\n\t\t\t\t\t\"bytes\":\t53018520,\n\t\t\t\t\t\"bits_per_second\":\t14138154.653316377,\n\t\t\t\t\t\"retransmits\":\t0,\n\t\t\t\t\t\"max_snd_cwnd\":\t136112,\n\t\t\t\t\t\"max_snd_wnd\":\t212992,\n\t\t\t\t\t\"max_rtt\":\t63920,\n\t\t\t\t\t\"min_rtt\":\t21007,\n\t\t\t\t\t\"mean_rtt\":\t45555,\n\t\t\t\t\t\"sender\":\ttrue\n\t\t\t\t},\n\t\t\t\t\"receiver\":\t{\n\t\t\t\t\t\"socket\":\t5,\n\t\t\t\t\t\"start\":\t0,\n\t\t\t\t\t\"end\":\t30.000249,\n\t\t\t\t\t\"seconds\":\t30.000249,\n\t\t\t\t\t\"bytes\":\t52246736,\n\t\t\t\t\t\"bits_per_second\":\t13932347.294850785,\n\t\t\t\t\t\"sender\":\ttrue\n\t\t\t\t}\n\t\t\t}],\n\t\t\"sum_sent\":\t{\n\t\t\t\"start\":\t0,\n\t\t\t\"end\":\t30.000249,\n\t\t\t\"seconds\":\t30.000249,\n\t\t\t\"bytes\":\t53018520,\n\t\t\t\"bits_per_second\":\t14138154.653316377,\n\t\t\t\"retransmits\":\t0,\n\t\t\t\"sender\":\ttrue\n\t\t},\n\t\t\"sum_received\":\t{\n\t\t\t\"start\":\t0,\n\t\t\t\"end\":\t30.000249,\n\t\t\t\"seconds\":\t30.000249,\n\t\t\t\"bytes\":\t52246736,\n\t\t\t\"bits_per_second\":\t13932347.294850785,\n\t\t\t\"sender\":\ttrue\n\t\t},\n\t\t\"cpu_utilization_percent\":\t{\n\t\t\t\"host_total\":\t0.1569705077613639,\n\t\t\t\"host_user\":\t0.00889233604959018,\n\t\t\t\"host_system\":\t0.14807484747399816,\n\t\t\t\"remote_total\":\t15.641383,\n\t\t\t\"remote_user\":\t8.286387,\n\t\t\t\"remote_system\":\t7.354997\n\t\t},\n\t\t\"sender_tcp_congestion\":\t\"bbr\"\n\t}\n}\n",
      "stderr": "",
      "exit_code": 0,
      "iperf_json": {
        "start": {
          "connected": [
            {
              "socket": 5,
              "local_host": "192.168.3.1",
              "local_port": 33774,
              "remote_host": "192.168.3.2",
              "remote_port": 5201
            }
          ],
          "version": "iperf 3.10.1",
          "system_info": "Linux CBA-20240614 6.2.15-100.fc36.x86_64 #1 SMP PREEMPT_DYNAMIC Thu May 11 16:51:53 UTC 2023 x86_64",
          "timestamp": {
            "time": "Fri, 31 Jul 2026 02:15:40 GMT",
            "timesecs": 1785464140
          },
          "connecting_to": {
            "host": "192.168.3.2",
            "port": 5201
          },
          "cookie": "tumgtyaozexnc4fpkbcfg5ubas42u3kvwmn2",
          "tcp_mss_default": 1448,
          "sock_bufsize": 0,
          "sndbuf_actual": 16384,
          "rcvbuf_actual": 131072,
          "test_start": {
            "protocol": "TCP",
            "num_streams": 1,
            "blksize": 131072,
            "omit": 0,
            "duration": 30,
            "bytes": 0,
            "blocks": 0,
            "reverse": 0,
            "tos": 0
          }
        },
        "intervals": [
          {
            "streams": [
              {
                "socket": 5,
                "start": 0,
                "end": 1.000058,
                "seconds": 1.0000580549240112,
                "bytes": 2519520,
                "bits_per_second": 20154989.9035927,
                "retransmits": 0,
                "snd_cwnd": 92672,
                "snd_wnd": 212992,
                "rtt": 35070,
                "rttvar": 2270,
                "pmtu": 1500,
                "omitted": false,
                "sender": true
              }
            ],
            "sum": {
              "start": 0,
              "end": 1.000058,
              "seconds": 1.0000580549240112,
              "bytes": 2519520,
              "bits_per_second": 20154989.9035927,
              "retransmits": 0,
              "omitted": false,
              "sender": true
            }
          },
          {
            "streams": [
              {
                "socket": 5,
                "start": 1.000058,
                "end": 2.000078,
                "seconds": 1.0000200271606445,
                "bytes": 1694160,
                "bits_per_second": 13553008.571720118,
                "retransmits": 0,
                "snd_cwnd": 112944,
                "snd_wnd": 212992,
                "rtt": 36356,
                "rttvar": 3630,
                "pmtu": 1500,
                "omitted": false,
                "sender": true
              }
            ],
            "sum": {
              "start": 1.000058,
              "end": 2.000078,
              "seconds": 1.0000200271606445,
              "bytes": 1694160,
              "bits_per_second": 13553008.571720118,
              "retransmits": 0,
              "omitted": false,
              "sender": true
            }
          },
          {
            "streams": [
              {
                "socket": 5,
                "start": 2.000078,
                "end": 3.000058,
                "seconds": 0.9999799728393555,
                "bytes": 1954800,
                "bits_per_second": 15638713.19902151,
                "retransmits": 0,
                "snd_cwnd": 89776,
                "snd_wnd": 212992,
                "rtt": 44708,
                "rttvar": 2365,
                "pmtu": 1500,
                "omitted": false,
                "sender": true
              }
            ],
            "sum": {
              "start": 2.000078,
              "end": 3.000058,
              "seconds": 0.9999799728393555,
              "bytes": 1954800,
              "bits_per_second": 15638713.19902151,
              "retransmits": 0,
              "omitted": false,
              "sender": true
            }
          },
          {
            "streams": [
              {
                "socket": 5,
                "start": 3.000058,
                "end": 4.000104,
                "seconds": 1.0000460147857666,
                "bytes": 1563840,
                "bits_per_second": 12510144.3483879,
                "retransmits": 0,
                "snd_cwnd": 104256,
                "snd_wnd": 212992,
                "rtt": 37834,
                "rttvar": 3429,
                "pmtu": 1500,
                "omitted": false,
                "sender": true
              }
            ],
            "sum": {
              "start": 3.000058,
              "end": 4.000104,
              "seconds": 1.0000460147857666,
              "bytes": 1563840,
              "bits_per_second": 12510144.3483879,
              "retransmits": 0,
              "omitted": false,
              "sender": true
            }
          },
          {
            "streams": [
              {
                "socket": 5,
                "start": 4.000104,
                "end": 5.000057,
                "seconds": 0.9999529719352722,
                "bytes": 1954800,
                "bits_per_second": 15639135.47827556,
                "retransmits": 0,
                "snd_cwnd": 118736,
                "snd_wnd": 212992,
                "rtt": 40979,
                "rttvar": 3541,
                "pmtu": 1500,
                "omitted": false,
                "sender": true
              }
            ],
            "sum": {
              "start": 4.000104,
              "end": 5.000057,
              "seconds": 0.9999529719352722,
              "bytes": 1954800,
              "bits_per_second": 15639135.47827556,
              "retransmits": 0,
              "omitted": false,
              "sender": true
            }
          },
          {
            "streams": [
              {
                "socket": 5,
                "start": 5.000057,
                "end": 6.000116,
                "seconds": 1.0000590085983276,
                "bytes": 1563840,
                "bits_per_second": 12509981.803508671,
                "retransmits": 0,
                "snd_cwnd": 92672,
                "snd_wnd": 212992,
                "rtt": 58040,
                "rttvar": 6220,
                "pmtu": 1500,
                "omitted": false,
                "sender": true
              }
            ],
            "sum": {
              "start": 5.000057,
              "end": 6.000116,
              "seconds": 1.0000590085983276,
              "bytes": 1563840,
              "bits_per_second": 12509981.803508671,
              "retransmits": 0,
              "omitted": false,
              "sender": true
            }
          },
          {
            "streams": [
              {
                "socket": 5,
                "start": 6.000116,
                "end": 7.000175,
                "seconds": 1.0000590085983276,
                "bytes": 1563840,
                "bits_per_second": 12509981.803508671,
                "retransmits": 0,
                "snd_cwnd": 110048,
                "snd_wnd": 212992,
                "rtt": 63920,
                "rttvar": 1946,
                "pmtu": 1500,
                "omitted": false,
                "sender": true
              }
            ],
            "sum": {
              "start": 6.000116,
              "end": 7.000175,
              "seconds": 1.0000590085983276,
              "bytes": 1563840,
              "bits_per_second": 12509981.803508671,
              "retransmits": 0,
              "omitted": false,
              "sender": true
            }
          },
          {
            "streams": [
              {
                "socket": 5,
                "start": 7.000175,
                "end": 8.000089,
                "seconds": 0.999913990497589,
                "bytes": 1954800,
                "bits_per_second": 15639745.166699622,
                "retransmits": 0,
                "snd_cwnd": 92672,
                "snd_wnd": 212992,
                "rtt": 39903,
                "rttvar": 1320,
                "pmtu": 1500,
                "omitted": false,
                "sender": true
              }
            ],
            "sum": {
              "start": 7.000175,
              "end": 8.000089,
              "seconds": 0.999913990497589,
              "bytes": 1954800,
              "bits_per_second": 15639745.166699622,
              "retransmits": 0,
              "omitted": false,
              "sender": true
            }
          },
          {
            "streams": [
              {
                "socket": 5,
                "start": 8.000089,
                "end": 9.000056,
                "seconds": 0.9999669790267944,
                "bytes": 1954800,
                "bits_per_second": 15638916.412239812,
                "retransmits": 0,
                "snd_cwnd": 112944,
                "snd_wnd": 212992,
                "rtt": 45752,
                "rttvar": 4617,
                "pmtu": 1500,
                "omitted": false,
                "sender": true
              }
            ],
            "sum": {
              "start": 8.000089,
              "end": 9.000056,
              "seconds": 0.9999669790267944,
              "bytes": 1954800,
              "bits_per_second": 15638916.412239812,
              "retransmits": 0,
              "omitted": false,
              "sender": true
            }
          },
          {
            "streams": [
              {
                "socket": 5,
                "start": 9.000056,
                "end": 10.00016,
                "seconds": 1.0001039505004883,
                "bytes": 1563840,
                "bits_per_second": 12509419.639567649,
                "retransmits": 0,
                "snd_cwnd": 5792,
                "snd_wnd": 212992,
                "rtt": 37672,
                "rttvar": 3455,
                "pmtu": 1500,
                "omitted": false,
                "sender": true
              }
            ],
            "sum": {
              "start": 9.000056,
              "end": 10.00016,
              "seconds": 1.0001039505004883,
              "bytes": 1563840,
              "bits_per_second": 12509419.639567649,
              "retransmits": 0,
              "omitted": false,
              "sender": true
            }
          },
          {
            "streams": [
              {
                "socket": 5,
                "start": 10.00016,
                "end": 11.000095,
                "seconds": 0.99993497133255,
                "bytes": 1172880,
                "bits_per_second": 9383650.20626873,
                "retransmits": 0,
                "snd_cwnd": 83984,
                "snd_wnd": 212992,
                "rtt": 21007,
                "rttvar": 2742,
                "pmtu": 1500,
                "omitted": false,
                "sender": true
              }
            ],
            "sum": {
              "start": 10.00016,
              "end": 11.000095,
              "seconds": 0.99993497133255,
              "bytes": 1172880,
              "bits_per_second": 9383650.20626873,
              "retransmits": 0,
              "omitted": false,
              "sender": true
            }
          },
          {
            "streams": [
              {
                "socket": 5,
                "start": 11.000095,
                "end": 12.000056,
                "seconds": 0.999961018562317,
                "bytes": 1954800,
                "bits_per_second": 15639009.631079359,
                "retransmits": 0,
                "snd_cwnd": 118736,
                "snd_wnd": 212992,
                "rtt": 38042,
                "rttvar": 727,
                "pmtu": 1500,
                "omitted": false,
                "sender": true
              }
            ],
            "sum": {
              "start": 11.000095,
              "end": 12.000056,
              "seconds": 0.999961018562317,
              "bytes": 1954800,
              "bits_per_second": 15639009.631079359,
              "retransmits": 0,
              "omitted": false,
              "sender": true
            }
          },
          {
            "streams": [
              {
                "socket": 5,
                "start": 12.000056,
                "end": 13.000142,
                "seconds": 1.0000859498977661,
                "bytes": 1563840,
                "bits_per_second": 12509644.797308581,
                "retransmits": 0,
                "snd_cwnd": 104256,
                "snd_wnd": 212992,
                "rtt": 46564,
                "rttvar": 1659,
                "pmtu": 1500,
                "omitted": false,
                "sender": true
              }
            ],
            "sum": {
              "start": 12.000056,
              "end": 13.000142,
              "seconds": 1.0000859498977661,
              "bytes": 1563840,
              "bits_per_second": 12509644.797308581,
              "retransmits": 0,
              "omitted": false,
              "sender": true
            }
          },
          {
            "streams": [
              {
                "socket": 5,
                "start": 13.000142,
                "end": 14.000087,
                "seconds": 0.9999449849128723,
                "bytes": 1954800,
                "bits_per_second": 15639260.395273259,
                "retransmits": 0,
                "snd_cwnd": 95568,
                "snd_wnd": 212992,
                "rtt": 45283,
                "rttvar": 2779,
                "pmtu": 1500,
                "omitted": false,
                "sender": true
              }
            ],
            "sum": {
              "start": 13.000142,
              "end": 14.000087,
              "seconds": 0.9999449849128723,
              "bytes": 1954800,
              "bits_per_second": 15639260.395273259,
              "retransmits": 0,
              "omitted": false,
              "sender": true
            }
          },
          {
            "streams": [
              {
                "socket": 5,
                "start": 14.000087,
                "end": 15.000063,
                "seconds": 0.9999759793281555,
                "bytes": 1563840,
                "bits_per_second": 12511020.523118425,
                "retransmits": 0,
                "snd_cwnd": 127424,
                "snd_wnd": 212992,
                "rtt": 44022,
                "rttvar": 3580,
                "pmtu": 1500,
                "omitted": false,
                "sender": true
              }
            ],
            "sum": {
              "start": 14.000087,
              "end": 15.000063,
              "seconds": 0.9999759793281555,
              "bytes": 1563840,
              "bits_per_second": 12511020.523118425,
              "retransmits": 0,
              "omitted": false,
              "sender": true
            }
          },
          {
            "streams": [
              {
                "socket": 5,
                "start": 15.000063,
                "end": 16.00009,
                "seconds": 1.0000269412994385,
                "bytes": 2019960,
                "bits_per_second": 16159244.648951214,
                "retransmits": 0,
                "snd_cwnd": 104256,
                "snd_wnd": 212992,
                "rtt": 40572,
                "rttvar": 1641,
                "pmtu": 1500,
                "omitted": false,
                "sender": true
              }
            ],
            "sum": {
              "start": 15.000063,
              "end": 16.00009,
              "seconds": 1.0000269412994385,
              "bytes": 2019960,
              "bits_per_second": 16159244.648951214,
              "retransmits": 0,
              "omitted": false,
              "sender": true
            }
          },
          {
            "streams": [
              {
                "socket": 5,
                "start": 16.00009,
                "end": 17.000055,
                "seconds": 0.999965012073517,
                "bytes": 1954800,
                "bits_per_second": 15638947.17433401,
                "retransmits": 0,
                "snd_cwnd": 115840,
                "snd_wnd": 212992,
                "rtt": 62966,
                "rttvar": 1988,
                "pmtu": 1500,
                "omitted": false,
                "sender": true
              }
            ],
            "sum": {
              "start": 16.00009,
              "end": 17.000055,
              "seconds": 0.999965012073517,
              "bytes": 1954800,
              "bits_per_second": 15638947.17433401,
              "retransmits": 0,
              "omitted": false,
              "sender": true
            }
          },
          {
            "streams": [
              {
                "socket": 5,
                "start": 17.000055,
                "end": 18.000156,
                "seconds": 1.0001009702682495,
                "bytes": 1563840,
                "bits_per_second": 12509456.916779457,
                "retransmits": 0,
                "snd_cwnd": 136112,
                "snd_wnd": 212992,
                "rtt": 24175,
                "rttvar": 4880,
                "pmtu": 1500,
                "omitted": false,
                "sender": true
              }
            ],
            "sum": {
              "start": 17.000055,
              "end": 18.000156,
              "seconds": 1.0001009702682495,
              "bytes": 1563840,
              "bits_per_second": 12509456.916779457,
              "retransmits": 0,
              "omitted": false,
              "sender": true
            }
          },
          {
            "streams": [
              {
                "socket": 5,
                "start": 18.000156,
                "end": 19.000228,
                "seconds": 1.0000720024108887,
                "bytes": 1824480,
                "bits_per_second": 14594789.139995508,
                "retransmits": 0,
                "snd_cwnd": 89776,
                "snd_wnd": 212992,
                "rtt": 44328,
                "rttvar": 3463,
                "pmtu": 1500,
                "omitted": false,
                "sender": true
              }
            ],
            "sum": {
              "start": 18.000156,
              "end": 19.000228,
              "seconds": 1.0000720024108887,
              "bytes": 1824480,
              "bits_per_second": 14594789.139995508,
              "retransmits": 0,
              "omitted": false,
              "sender": true
            }
          },
          {
            "streams": [
              {
                "socket": 5,
                "start": 19.000228,
                "end": 20.000215,
                "seconds": 0.999987006187439,
                "bytes": 1824480,
                "bits_per_second": 14596029.658073513,
                "retransmits": 0,
                "snd_cwnd": 101360,
                "snd_wnd": 212992,
                "rtt": 48661,
                "rttvar": 3523,
                "pmtu": 1500,
                "omitted": false,
                "sender": true
              }
            ],
            "sum": {
              "start": 19.000228,
              "end": 20.000215,
              "seconds": 0.999987006187439,
              "bytes": 1824480,
              "bits_per_second": 14596029.658073513,
              "retransmits": 0,
              "omitted": false,
              "sender": true
            }
          },
          {
            "streams": [
              {
                "socket": 5,
                "start": 20.000215,
                "end": 21.00006,
                "seconds": 0.999845027923584,
                "bytes": 1824480,
                "bits_per_second": 14598102.298224889,
                "retransmits": 0,
                "snd_cwnd": 95568,
                "snd_wnd": 212992,
                "rtt": 42224,
                "rttvar": 2734,
                "pmtu": 1500,
                "omitted": false,
                "sender": true
              }
            ],
            "sum": {
              "start": 20.000215,
              "end": 21.00006,
              "seconds": 0.999845027923584,
              "bytes": 1824480,
              "bits_per_second": 14598102.298224889,
              "retransmits": 0,
              "omitted": false,
              "sender": true
            }
          },
          {
            "streams": [
              {
                "socket": 5,
                "start": 21.00006,
                "end": 22.000057,
                "seconds": 0.9999970197677612,
                "bytes": 1824480,
                "bits_per_second": 14595883.499122558,
                "retransmits": 0,
                "snd_cwnd": 118736,
                "snd_wnd": 212992,
                "rtt": 62588,
                "rttvar": 2124,
                "pmtu": 1500,
                "omitted": false,
                "sender": true
              }
            ],
            "sum": {
              "start": 21.00006,
              "end": 22.000057,
              "seconds": 0.9999970197677612,
              "bytes": 1824480,
              "bits_per_second": 14595883.499122558,
              "retransmits": 0,
              "omitted": false,
              "sender": true
            }
          },
          {
            "streams": [
              {
                "socket": 5,
                "start": 22.000057,
                "end": 23.000241,
                "seconds": 1.0001840591430664,
                "bytes": 1368360,
                "bits_per_second": 10944865.497435564,
                "retransmits": 0,
                "snd_cwnd": 83984,
                "snd_wnd": 212992,
                "rtt": 43854,
                "rttvar": 2806,
                "pmtu": 1500,
                "omitted": false,
                "sender": true
              }
            ],
            "sum": {
              "start": 22.000057,
              "end": 23.000241,
              "seconds": 1.0001840591430664,
              "bytes": 1368360,
              "bits_per_second": 10944865.497435564,
              "retransmits": 0,
              "omitted": false,
              "sender": true
            }
          },
          {
            "streams": [
              {
                "socket": 5,
                "start": 23.000241,
                "end": 24.000239,
                "seconds": 0.9999979734420776,
                "bytes": 1824480,
                "bits_per_second": 14595869.57937513,
                "retransmits": 0,
                "snd_cwnd": 101360,
                "snd_wnd": 212992,
                "rtt": 46294,
                "rttvar": 3296,
                "pmtu": 1500,
                "omitted": false,
                "sender": true
              }
            ],
            "sum": {
              "start": 23.000241,
              "end": 24.000239,
              "seconds": 0.9999979734420776,
              "bytes": 1824480,
              "bits_per_second": 14595869.57937513,
              "retransmits": 0,
              "omitted": false,
              "sender": true
            }
          },
          {
            "streams": [
              {
                "socket": 5,
                "start": 24.000239,
                "end": 25.000227,
                "seconds": 0.9999880194664,
                "bytes": 1824480,
                "bits_per_second": 14596014.86804655,
                "retransmits": 0,
                "snd_cwnd": 95568,
                "snd_wnd": 212992,
                "rtt": 52431,
                "rttvar": 2362,
                "pmtu": 1500,
                "omitted": false,
                "sender": true
              }
            ],
            "sum": {
              "start": 24.000239,
              "end": 25.000227,
              "seconds": 0.9999880194664,
              "bytes": 1824480,
              "bits_per_second": 14596014.86804655,
              "retransmits": 0,
              "omitted": false,
              "sender": true
            }
          },
          {
            "streams": [
              {
                "socket": 5,
                "start": 25.000227,
                "end": 26.000191,
                "seconds": 0.9999639987945557,
                "bytes": 1824480,
                "bits_per_second": 14596365.48675263,
                "retransmits": 0,
                "snd_cwnd": 101360,
                "snd_wnd": 212992,
                "rtt": 51165,
                "rttvar": 4056,
                "pmtu": 1500,
                "omitted": false,
                "sender": true
              }
            ],
            "sum": {
              "start": 25.000227,
              "end": 26.000191,
              "seconds": 0.9999639987945557,
              "bytes": 1824480,
              "bits_per_second": 14596365.48675263,
              "retransmits": 0,
              "omitted": false,
              "sender": true
            }
          },
          {
            "streams": [
              {
                "socket": 5,
                "start": 26.000191,
                "end": 27.000131,
                "seconds": 0.9999399781227112,
                "bytes": 1824480,
                "bits_per_second": 14596716.122303912,
                "retransmits": 0,
                "snd_cwnd": 86880,
                "snd_wnd": 212992,
                "rtt": 62916,
                "rttvar": 7685,
                "pmtu": 1500,
                "omitted": false,
                "sender": true
              }
            ],
            "sum": {
              "start": 26.000191,
              "end": 27.000131,
              "seconds": 0.9999399781227112,
              "bytes": 1824480,
              "bits_per_second": 14596716.122303912,
              "retransmits": 0,
              "omitted": false,
              "sender": true
            }
          },
          {
            "streams": [
              {
                "socket": 5,
                "start": 27.000131,
                "end": 28.000273,
                "seconds": 1.000141978263855,
                "bytes": 1368360,
                "bits_per_second": 10945326.001616964,
                "retransmits": 0,
                "snd_cwnd": 121632,
                "snd_wnd": 212992,
                "rtt": 50959,
                "rttvar": 4377,
                "pmtu": 1500,
                "omitted": false,
                "sender": true
              }
            ],
            "sum": {
              "start": 27.000131,
              "end": 28.000273,
              "seconds": 1.000141978263855,
              "bytes": 1368360,
              "bits_per_second": 10945326.001616964,
              "retransmits": 0,
              "omitted": false,
              "sender": true
            }
          },
          {
            "streams": [
              {
                "socket": 5,
                "start": 28.000273,
                "end": 29.000253,
                "seconds": 0.9999799728393555,
                "bytes": 1824480,
                "bits_per_second": 14596132.319086744,
                "retransmits": 0,
                "snd_cwnd": 92672,
                "snd_wnd": 212992,
                "rtt": 49560,
                "rttvar": 3983,
                "pmtu": 1500,
                "omitted": false,
                "sender": true
              }
            ],
            "sum": {
              "start": 28.000273,
              "end": 29.000253,
              "seconds": 0.9999799728393555,
              "bytes": 1824480,
              "bits_per_second": 14596132.319086744,
              "retransmits": 0,
              "omitted": false,
              "sender": true
            }
          },
          {
            "streams": [
              {
                "socket": 5,
                "start": 29.000253,
                "end": 30.000249,
                "seconds": 0.9999960064888,
                "bytes": 1824480,
                "bits_per_second": 14595898.28888329,
                "retransmits": 0,
                "snd_cwnd": 83984,
                "snd_wnd": 212992,
                "rtt": 48807,
                "rttvar": 2904,
                "pmtu": 1500,
                "omitted": false,
                "sender": true
              }
            ],
            "sum": {
              "start": 29.000253,
              "end": 30.000249,
              "seconds": 0.9999960064888,
              "bytes": 1824480,
              "bits_per_second": 14595898.28888329,
              "retransmits": 0,
              "omitted": false,
              "sender": true
            }
          }
        ],
        "end": {
          "streams": [
            {
              "sender": {
                "socket": 5,
                "start": 0,
                "end": 30.000249,
                "seconds": 30.000249,
                "bytes": 53018520,
                "bits_per_second": 14138154.653316377,
                "retransmits": 0,
                "max_snd_cwnd": 136112,
                "max_snd_wnd": 212992,
                "max_rtt": 63920,
                "min_rtt": 21007,
                "mean_rtt": 45555,
                "sender": true
              },
              "receiver": {
                "socket": 5,
                "start": 0,
                "end": 30.000249,
                "seconds": 30.000249,
                "bytes": 52246736,
                "bits_per_second": 13932347.294850785,
                "sender": true
              }
            }
          ],
          "sum_sent": {
            "start": 0,
            "end": 30.000249,
            "seconds": 30.000249,
            "bytes": 53018520,
            "bits_per_second": 14138154.653316377,
            "retransmits": 0,
            "sender": true
          },
          "sum_received": {
            "start": 0,
            "end": 30.000249,
            "seconds": 30.000249,
            "bytes": 52246736,
            "bits_per_second": 13932347.294850785,
            "sender": true
          },
          "cpu_utilization_percent": {
            "host_total": 0.1569705077613639,
            "host_user": 0.00889233604959018,
            "host_system": 0.14807484747399816,
            "remote_total": 15.641383,
            "remote_user": 8.286387,
            "remote_system": 7.354997
          },
          "sender_tcp_congestion": "bbr"
        }
      }
    },
    "storage_targets": {
      "timeseries": "samples",
      "neo4j": "parameters + context + test relationship",
      "qdrant": "summary + future notes/log analysis"
    },
    "result_file": "D:\\NetworkAutomation\\results\\iperf\\2026-07-31\\iperf-20260731-102410-c8466e.json",
    "text_log_file": "D:\\NetworkAutomation\\results\\iperf\\2026-07-31\\iperf-20260731-102410-c8466e.txt",
    "returncode": 0
  },
  "schema_version": "1.0",
  "timestamp": "2026-07-31T10:24:10+08:00",
  "result_file": null
}
