{
  "success": false,
  "tool": "amarisoft.set_nr_band",
  "human_summary": "ENDC config 已套用，但 UE 尚未連線。",
  "machine_result": {
    "success": false,
    "mode": "ENDC",
    "band_config": "1A-3A_n78C",
    "bandwidth_config": "20+20_100+100",
    "modifier": {
      "success": true,
      "mode": "ENDC",
      "input_cfg": "D:\\NetworkAutomation\\generated\\ENDC_LTE_stage_2.tmp.cfg",
      "output_cfg": "D:\\NetworkAutomation\\generated\\AutoConfig_ENDC_1A-3A_n78C.cfg",
      "start_cell": 1,
      "nr_cell_count": 2,
      "normalized_input": "n78C(100+100)",
      "bcs_skeleton": "n78C:100+100",
      "carriers": [
        {
          "carrier_index": 1,
          "band": 78,
          "ca_class": "C",
          "duplex_type": "TDD",
          "bandwidth_mhz": 100.0,
          "subcarrier_spacing_khz": 30,
          "channel_raster_khz": 30,
          "center_frequency_mhz": 3350.01,
          "nr_arfcn": 623334
        },
        {
          "carrier_index": 2,
          "band": 78,
          "ca_class": "C",
          "duplex_type": "TDD",
          "bandwidth_mhz": 100.0,
          "subcarrier_spacing_khz": 30,
          "channel_raster_khz": 30,
          "center_frequency_mhz": 3450.0,
          "nr_arfcn": 630000
        }
      ],
      "changes": [
        {
          "key": "NR_CELL",
          "old": "2",
          "new": "2"
        },
        {
          "key": "NR_TDD_Cell_1",
          "old": "1",
          "new": "1"
        },
        {
          "key": "NR_EARFCN_1_DL",
          "old": "518598",
          "new": "623334"
        },
        {
          "key": "NR_BANDWIDTH_1",
          "old": "100",
          "new": "100"
        },
        {
          "key": "NR_BAND_1",
          "old": "41",
          "new": "78"
        },
        {
          "key": "NR_TDD_Cell_2",
          "old": "1",
          "new": "1"
        },
        {
          "key": "NR_EARFCN_2_DL",
          "old": "636666",
          "new": "630000"
        },
        {
          "key": "NR_BANDWIDTH_2",
          "old": "100",
          "new": "100"
        },
        {
          "key": "NR_BAND_2",
          "old": "78",
          "new": "78"
        },
        {
          "key": "SDR_Count",
          "old": "6",
          "new": "6"
        },
        {
          "key": "SDR_Card",
          "old": "\"dev0=/dev/sdr0,dev1=/dev/sdr1,dev2=/dev/sdr2,dev3=/dev/sdr3,dev4=/dev/sdr4,dev5=/dev/sdr5,\"",
          "new": "\"dev0=/dev/sdr0,dev1=/dev/sdr1,dev2=/dev/sdr2,dev3=/dev/sdr3,dev4=/dev/sdr4,dev5=/dev/sdr5,\""
        }
      ],
      "sdr_allocation": {
        "model": "100M",
        "lte_cells": 1,
        "nr_cells": 2,
        "lte_sdr_count": 2,
        "nr_sdr_count": 4,
        "total_sdr_count": 6,
        "max_sdr_count": 8,
        "sdr_card": "dev0=/dev/sdr0,dev1=/dev/sdr1,dev2=/dev/sdr2,dev3=/dev/sdr3,dev4=/dev/sdr4,dev5=/dev/sdr5,",
        "per_cell": [
          {
            "rat": "LTE",
            "cell": 1,
            "mimo_dl": 4,
            "sdr_count": 2
          },
          {
            "rat": "NR",
            "cell": 1,
            "mimo_dl": 4,
            "bandwidth_mhz": 100.0,
            "sdr_count": 2
          },
          {
            "rat": "NR",
            "cell": 2,
            "mimo_dl": 4,
            "bandwidth_mhz": 100.0,
            "sdr_count": 2
          }
        ]
      }
    },
    "lte_anchor": [
      {
        "success": true,
        "input_cfg": "D:\\NetworkAutomation\\plugins\\amarisoft\\AutoConfig_ENDC.cfg",
        "output_cfg": "D:\\NetworkAutomation\\generated\\ENDC_LTE_stage_1.tmp.cfg",
        "cell": 1,
        "band": 1,
        "mode": "FDD",
        "dl_earfcn": 300,
        "bandwidth_mhz": 20.0,
        "rb_dl": 100,
        "mimo_dl": null,
        "mimo_ul": null,
        "modulation_dl": null,
        "modulation_ul": null,
        "mcs_dl": null,
        "mcs_ul": null,
        "changes": [
          {
            "key": "LTE_Cell_1_EARFCN_DL",
            "old": "1575",
            "new": "300"
          },
          {
            "key": "LTE_Cell_1_RB_DL",
            "old": "100",
            "new": "100"
          },
          {
            "key": "LTE_TDD_Cell_1",
            "old": "0",
            "new": "0"
          },
          {
            "key": "SDR_Count",
            "old": "6",
            "new": "6"
          },
          {
            "key": "SDR_Card",
            "old": "\"dev0=/dev/sdr0,dev1=/dev/sdr1,dev2=/dev/sdr2,dev3=/dev/sdr3,dev4=/dev/sdr4,dev5=/dev/sdr5\"",
            "new": "\"dev0=/dev/sdr0,dev1=/dev/sdr1,dev2=/dev/sdr2,dev3=/dev/sdr3,dev4=/dev/sdr4,dev5=/dev/sdr5,\""
          }
        ],
        "sdr_allocation": {
          "model": "100M",
          "lte_cells": 1,
          "nr_cells": 2,
          "lte_sdr_count": 2,
          "nr_sdr_count": 4,
          "total_sdr_count": 6,
          "max_sdr_count": 8,
          "sdr_card": "dev0=/dev/sdr0,dev1=/dev/sdr1,dev2=/dev/sdr2,dev3=/dev/sdr3,dev4=/dev/sdr4,dev5=/dev/sdr5,",
          "per_cell": [
            {
              "rat": "LTE",
              "cell": 1,
              "mimo_dl": 4,
              "sdr_count": 2
            },
            {
              "rat": "NR",
              "cell": 1,
              "mimo_dl": 4,
              "bandwidth_mhz": 100.0,
              "sdr_count": 2
            },
            {
              "rat": "NR",
              "cell": 2,
              "mimo_dl": 4,
              "bandwidth_mhz": 100.0,
              "sdr_count": 2
            }
          ]
        }
      },
      {
        "success": true,
        "input_cfg": "D:\\NetworkAutomation\\generated\\ENDC_LTE_stage_1.tmp.cfg",
        "output_cfg": "D:\\NetworkAutomation\\generated\\ENDC_LTE_stage_2.tmp.cfg",
        "cell": 2,
        "band": 3,
        "mode": "FDD",
        "dl_earfcn": 1575,
        "bandwidth_mhz": 20.0,
        "rb_dl": 100,
        "mimo_dl": null,
        "mimo_ul": null,
        "modulation_dl": null,
        "modulation_ul": null,
        "mcs_dl": null,
        "mcs_ul": null,
        "changes": [
          {
            "key": "LTE_Cell_2_EARFCN_DL",
            "old": "1575",
            "new": "1575"
          },
          {
            "key": "LTE_Cell_2_RB_DL",
            "old": "100",
            "new": "100"
          },
          {
            "key": "LTE_TDD_Cell_2",
            "old": "0",
            "new": "0"
          },
          {
            "key": "SDR_Count",
            "old": "6",
            "new": "6"
          },
          {
            "key": "SDR_Card",
            "old": "\"dev0=/dev/sdr0,dev1=/dev/sdr1,dev2=/dev/sdr2,dev3=/dev/sdr3,dev4=/dev/sdr4,dev5=/dev/sdr5,\"",
            "new": "\"dev0=/dev/sdr0,dev1=/dev/sdr1,dev2=/dev/sdr2,dev3=/dev/sdr3,dev4=/dev/sdr4,dev5=/dev/sdr5,\""
          }
        ],
        "sdr_allocation": {
          "model": "100M",
          "lte_cells": 1,
          "nr_cells": 2,
          "lte_sdr_count": 2,
          "nr_sdr_count": 4,
          "total_sdr_count": 6,
          "max_sdr_count": 8,
          "sdr_card": "dev0=/dev/sdr0,dev1=/dev/sdr1,dev2=/dev/sdr2,dev3=/dev/sdr3,dev4=/dev/sdr4,dev5=/dev/sdr5,",
          "per_cell": [
            {
              "rat": "LTE",
              "cell": 1,
              "mimo_dl": 4,
              "sdr_count": 2
            },
            {
              "rat": "NR",
              "cell": 1,
              "mimo_dl": 4,
              "bandwidth_mhz": 100.0,
              "sdr_count": 2
            },
            {
              "rat": "NR",
              "cell": 2,
              "mimo_dl": 4,
              "bandwidth_mhz": 100.0,
              "sdr_count": 2
            }
          ]
        }
      }
    ],
    "generated_cfg": "D:\\NetworkAutomation\\generated\\AutoConfig_ENDC_1A-3A_n78C.cfg",
    "dry_run": false,
    "runtime_files": {
      "apply_nr_to_callbox": "D:\\NetworkAutomation\\plugins\\amarisoft\\apply_nr_to_callbox.py",
      "nr_config_modifier": "D:\\NetworkAutomation\\plugins\\amarisoft\\nr_config_modifier.py",
      "nr_spec": "D:\\NetworkAutomation\\plugins\\amarisoft\\nr_spec.json",
      "nr_config_modifier_sha256": "f463d0f51856be09952a9f69d78aeeb25e2beb240b32bcfc1038ace05b48fd59",
      "nr_spec_sha256": "766c025cb95c566d6229fd2cc4e464c7e4409c0b3f9a1358480b186d85917af2"
    },
    "local_config_verify": {
      "success": true,
      "defines": {
        "NR_BAND_1": "78",
        "NR_BANDWIDTH_1": "100",
        "NR_EARFCN_1_DL": "623334",
        "NR_BAND_2": "78",
        "NR_BANDWIDTH_2": "100",
        "NR_EARFCN_2_DL": "630000"
      }
    },
    "stage_success": {
      "config_generated": true,
      "uploaded": true,
      "lte_service_stable": true,
      "remote_config_verified": true,
      "ue_connected": false
    },
    "remote_cfg_path": "/root/enb/config/AutoConfig.cfg",
    "source_template": "D:\\NetworkAutomation\\plugins\\amarisoft\\AutoConfig_ENDC.cfg",
    "backup": {
      "success": true,
      "stdout": "",
      "stderr": ""
    },
    "upload": {
      "success": true,
      "local_path": "D:\\NetworkAutomation\\generated\\AutoConfig_ENDC_1A-3A_n78C.cfg",
      "remote_path": "/root/enb/config/AutoConfig.cfg"
    },
    "restart": {
      "success": true,
      "commands": [
        {
          "success": true,
          "command": "cd /root/enb/config && ln -sfn AutoConfig.cfg enb.cfg",
          "exit_code": 0,
          "stdout": "",
          "stderr": ""
        },
        {
          "success": true,
          "command": "service lte restart",
          "exit_code": 0,
          "stdout": "",
          "stderr": "Redirecting to /bin/systemctl restart lte.service\n"
        }
      ]
    },
    "lte_service": {
      "success": true,
      "elapsed_sec": 2.1,
      "attempts": [
        {
          "elapsed_sec": 0.0,
          "running": true,
          "consecutive_success": 1
        },
        {
          "elapsed_sec": 2.1,
          "running": true,
          "consecutive_success": 2
        }
      ]
    },
    "config_verify": {
      "success": true,
      "command": "grep -E '^#define (NR_BAND_1|NR_BANDWIDTH_1|NR_EARFCN_1_DL|NR_BAND_2|NR_BANDWIDTH_2|NR_EARFCN_2_DL)' /root/enb/config/AutoConfig.cfg",
      "stdout": "#define NR_EARFCN_1_DL        623334\r\n#define NR_EARFCN_2_DL        630000\r\n#define NR_BANDWIDTH_1        100\r\n#define NR_BANDWIDTH_2        100\r\n#define NR_BAND_1            78    \r\n#define NR_BAND_2            78    \r\n",
      "stderr": "",
      "missing": []
    },
    "ue_wait_timeout_sec": 180,
    "connection": {
      "success": false,
      "connected": false,
      "connection_basis": null,
      "elapsed_sec": 181.3,
      "phy_rate": {
        "success": false,
        "cells": [],
        "total_dl_bitrate_bps": 0,
        "total_ul_bitrate_bps": 0,
        "error": "[0.002] !!! Error Error: connect ECONNREFUSED 192.168.1.80:9001\n    at TCPConnectWrap.afterConnect [as oncomplete] (node:net:1278:16) {\n  errno: -111,\n  code: 'ECONNREFUSED',\n  syscall: 'connect',\n  address: '192.168.1.80',\n  port: 9001\n}\n",
        "command": "cd /root/enb && ./ws.js 192.168.1.80:9001 '{\"message\":\"stats\"}'",
        "raw_stdout": "WebSocket remote API tool version 2024-07-09, Copyright (C) 2012-2024 Amarisoft\n"
      },
      "ues": [],
      "ue": null,
      "data_ue": null,
      "data_ue_ip": null,
      "data_ip_source": "not_available",
      "ping": null,
      "attempt_count": 55,
      "attempts": [
        {
          "elapsed_sec": 117.6,
          "phy_connected": false,
          "phy_rate": {
            "success": false,
            "cells": [],
            "total_dl_bitrate_bps": 0,
            "total_ul_bitrate_bps": 0,
            "error": "[0.002] !!! Error Error: connect ECONNREFUSED 192.168.1.80:9001\n    at TCPConnectWrap.afterConnect [as oncomplete] (node:net:1278:16) {\n  errno: -111,\n  code: 'ECONNREFUSED',\n  syscall: 'connect',\n  address: '192.168.1.80',\n  port: 9001\n}\n",
            "command": "cd /root/enb && ./ws.js 192.168.1.80:9001 '{\"message\":\"stats\"}'",
            "raw_stdout": "WebSocket remote API tool version 2024-07-09, Copyright (C) 2012-2024 Amarisoft\n"
          },
          "ue_get_success": true,
          "matched_ues": [],
          "data_ue": null,
          "data_ip_source": "not_available",
          "data_ip_wait_sec": 0.0,
          "ping": null
        },
        {
          "elapsed_sec": 121.0,
          "phy_connected": false,
          "phy_rate": {
            "success": false,
            "cells": [],
            "total_dl_bitrate_bps": 0,
            "total_ul_bitrate_bps": 0,
            "error": "[0.002] !!! Error Error: connect ECONNREFUSED 192.168.1.80:9001\n    at TCPConnectWrap.afterConnect [as oncomplete] (node:net:1278:16) {\n  errno: -111,\n  code: 'ECONNREFUSED',\n  syscall: 'connect',\n  address: '192.168.1.80',\n  port: 9001\n}\n",
            "command": "cd /root/enb && ./ws.js 192.168.1.80:9001 '{\"message\":\"stats\"}'",
            "raw_stdout": "WebSocket remote API tool version 2024-07-09, Copyright (C) 2012-2024 Amarisoft\n"
          },
          "ue_get_success": true,
          "matched_ues": [],
          "data_ue": null,
          "data_ip_source": "not_available",
          "data_ip_wait_sec": 0.0,
          "ping": null
        },
        {
          "elapsed_sec": 124.3,
          "phy_connected": false,
          "phy_rate": {
            "success": false,
            "cells": [],
            "total_dl_bitrate_bps": 0,
            "total_ul_bitrate_bps": 0,
            "error": "[0.002] !!! Error Error: connect ECONNREFUSED 192.168.1.80:9001\n    at TCPConnectWrap.afterConnect [as oncomplete] (node:net:1278:16) {\n  errno: -111,\n  code: 'ECONNREFUSED',\n  syscall: 'connect',\n  address: '192.168.1.80',\n  port: 9001\n}\n",
            "command": "cd /root/enb && ./ws.js 192.168.1.80:9001 '{\"message\":\"stats\"}'",
            "raw_stdout": "WebSocket remote API tool version 2024-07-09, Copyright (C) 2012-2024 Amarisoft\n"
          },
          "ue_get_success": true,
          "matched_ues": [],
          "data_ue": null,
          "data_ip_source": "not_available",
          "data_ip_wait_sec": 0.0,
          "ping": null
        },
        {
          "elapsed_sec": 127.6,
          "phy_connected": false,
          "phy_rate": {
            "success": false,
            "cells": [],
            "total_dl_bitrate_bps": 0,
            "total_ul_bitrate_bps": 0,
            "error": "[0.002] !!! Error Error: connect ECONNREFUSED 192.168.1.80:9001\n    at TCPConnectWrap.afterConnect [as oncomplete] (node:net:1278:16) {\n  errno: -111,\n  code: 'ECONNREFUSED',\n  syscall: 'connect',\n  address: '192.168.1.80',\n  port: 9001\n}\n",
            "command": "cd /root/enb && ./ws.js 192.168.1.80:9001 '{\"message\":\"stats\"}'",
            "raw_stdout": "WebSocket remote API tool version 2024-07-09, Copyright (C) 2012-2024 Amarisoft\n"
          },
          "ue_get_success": true,
          "matched_ues": [],
          "data_ue": null,
          "data_ip_source": "not_available",
          "data_ip_wait_sec": 0.0,
          "ping": null
        },
        {
          "elapsed_sec": 131.0,
          "phy_connected": false,
          "phy_rate": {
            "success": false,
            "cells": [],
            "total_dl_bitrate_bps": 0,
            "total_ul_bitrate_bps": 0,
            "error": "[0.002] !!! Error Error: connect ECONNREFUSED 192.168.1.80:9001\n    at TCPConnectWrap.afterConnect [as oncomplete] (node:net:1278:16) {\n  errno: -111,\n  code: 'ECONNREFUSED',\n  syscall: 'connect',\n  address: '192.168.1.80',\n  port: 9001\n}\n",
            "command": "cd /root/enb && ./ws.js 192.168.1.80:9001 '{\"message\":\"stats\"}'",
            "raw_stdout": "WebSocket remote API tool version 2024-07-09, Copyright (C) 2012-2024 Amarisoft\n"
          },
          "ue_get_success": true,
          "matched_ues": [],
          "data_ue": null,
          "data_ip_source": "not_available",
          "data_ip_wait_sec": 0.0,
          "ping": null
        },
        {
          "elapsed_sec": 134.3,
          "phy_connected": false,
          "phy_rate": {
            "success": false,
            "cells": [],
            "total_dl_bitrate_bps": 0,
            "total_ul_bitrate_bps": 0,
            "error": "[0.002] !!! Error Error: connect ECONNREFUSED 192.168.1.80:9001\n    at TCPConnectWrap.afterConnect [as oncomplete] (node:net:1278:16) {\n  errno: -111,\n  code: 'ECONNREFUSED',\n  syscall: 'connect',\n  address: '192.168.1.80',\n  port: 9001\n}\n",
            "command": "cd /root/enb && ./ws.js 192.168.1.80:9001 '{\"message\":\"stats\"}'",
            "raw_stdout": "WebSocket remote API tool version 2024-07-09, Copyright (C) 2012-2024 Amarisoft\n"
          },
          "ue_get_success": true,
          "matched_ues": [],
          "data_ue": null,
          "data_ip_source": "not_available",
          "data_ip_wait_sec": 0.0,
          "ping": null
        },
        {
          "elapsed_sec": 137.6,
          "phy_connected": false,
          "phy_rate": {
            "success": false,
            "cells": [],
            "total_dl_bitrate_bps": 0,
            "total_ul_bitrate_bps": 0,
            "error": "[0.002] !!! Error Error: connect ECONNREFUSED 192.168.1.80:9001\n    at TCPConnectWrap.afterConnect [as oncomplete] (node:net:1278:16) {\n  errno: -111,\n  code: 'ECONNREFUSED',\n  syscall: 'connect',\n  address: '192.168.1.80',\n  port: 9001\n}\n",
            "command": "cd /root/enb && ./ws.js 192.168.1.80:9001 '{\"message\":\"stats\"}'",
            "raw_stdout": "WebSocket remote API tool version 2024-07-09, Copyright (C) 2012-2024 Amarisoft\n"
          },
          "ue_get_success": true,
          "matched_ues": [],
          "data_ue": null,
          "data_ip_source": "not_available",
          "data_ip_wait_sec": 0.0,
          "ping": null
        },
        {
          "elapsed_sec": 141.1,
          "phy_connected": false,
          "phy_rate": {
            "success": false,
            "cells": [],
            "total_dl_bitrate_bps": 0,
            "total_ul_bitrate_bps": 0,
            "error": "[0.002] !!! Error Error: connect ECONNREFUSED 192.168.1.80:9001\n    at TCPConnectWrap.afterConnect [as oncomplete] (node:net:1278:16) {\n  errno: -111,\n  code: 'ECONNREFUSED',\n  syscall: 'connect',\n  address: '192.168.1.80',\n  port: 9001\n}\n",
            "command": "cd /root/enb && ./ws.js 192.168.1.80:9001 '{\"message\":\"stats\"}'",
            "raw_stdout": "WebSocket remote API tool version 2024-07-09, Copyright (C) 2012-2024 Amarisoft\n"
          },
          "ue_get_success": true,
          "matched_ues": [],
          "data_ue": null,
          "data_ip_source": "not_available",
          "data_ip_wait_sec": 0.0,
          "ping": null
        },
        {
          "elapsed_sec": 144.4,
          "phy_connected": false,
          "phy_rate": {
            "success": false,
            "cells": [],
            "total_dl_bitrate_bps": 0,
            "total_ul_bitrate_bps": 0,
            "error": "[0.003] !!! Error Error: connect ECONNREFUSED 192.168.1.80:9001\n    at TCPConnectWrap.afterConnect [as oncomplete] (node:net:1278:16) {\n  errno: -111,\n  code: 'ECONNREFUSED',\n  syscall: 'connect',\n  address: '192.168.1.80',\n  port: 9001\n}\n",
            "command": "cd /root/enb && ./ws.js 192.168.1.80:9001 '{\"message\":\"stats\"}'",
            "raw_stdout": "WebSocket remote API tool version 2024-07-09, Copyright (C) 2012-2024 Amarisoft\n"
          },
          "ue_get_success": true,
          "matched_ues": [],
          "data_ue": null,
          "data_ip_source": "not_available",
          "data_ip_wait_sec": 0.0,
          "ping": null
        },
        {
          "elapsed_sec": 147.8,
          "phy_connected": false,
          "phy_rate": {
            "success": false,
            "cells": [],
            "total_dl_bitrate_bps": 0,
            "total_ul_bitrate_bps": 0,
            "error": "[0.002] !!! Error Error: connect ECONNREFUSED 192.168.1.80:9001\n    at TCPConnectWrap.afterConnect [as oncomplete] (node:net:1278:16) {\n  errno: -111,\n  code: 'ECONNREFUSED',\n  syscall: 'connect',\n  address: '192.168.1.80',\n  port: 9001\n}\n",
            "command": "cd /root/enb && ./ws.js 192.168.1.80:9001 '{\"message\":\"stats\"}'",
            "raw_stdout": "WebSocket remote API tool version 2024-07-09, Copyright (C) 2012-2024 Amarisoft\n"
          },
          "ue_get_success": true,
          "matched_ues": [],
          "data_ue": null,
          "data_ip_source": "not_available",
          "data_ip_wait_sec": 0.0,
          "ping": null
        },
        {
          "elapsed_sec": 151.1,
          "phy_connected": false,
          "phy_rate": {
            "success": false,
            "cells": [],
            "total_dl_bitrate_bps": 0,
            "total_ul_bitrate_bps": 0,
            "error": "[0.002] !!! Error Error: connect ECONNREFUSED 192.168.1.80:9001\n    at TCPConnectWrap.afterConnect [as oncomplete] (node:net:1278:16) {\n  errno: -111,\n  code: 'ECONNREFUSED',\n  syscall: 'connect',\n  address: '192.168.1.80',\n  port: 9001\n}\n",
            "command": "cd /root/enb && ./ws.js 192.168.1.80:9001 '{\"message\":\"stats\"}'",
            "raw_stdout": "WebSocket remote API tool version 2024-07-09, Copyright (C) 2012-2024 Amarisoft\n"
          },
          "ue_get_success": true,
          "matched_ues": [],
          "data_ue": null,
          "data_ip_source": "not_available",
          "data_ip_wait_sec": 0.0,
          "ping": null
        },
        {
          "elapsed_sec": 154.4,
          "phy_connected": false,
          "phy_rate": {
            "success": false,
            "cells": [],
            "total_dl_bitrate_bps": 0,
            "total_ul_bitrate_bps": 0,
            "error": "[0.002] !!! Error Error: connect ECONNREFUSED 192.168.1.80:9001\n    at TCPConnectWrap.afterConnect [as oncomplete] (node:net:1278:16) {\n  errno: -111,\n  code: 'ECONNREFUSED',\n  syscall: 'connect',\n  address: '192.168.1.80',\n  port: 9001\n}\n",
            "command": "cd /root/enb && ./ws.js 192.168.1.80:9001 '{\"message\":\"stats\"}'",
            "raw_stdout": "WebSocket remote API tool version 2024-07-09, Copyright (C) 2012-2024 Amarisoft\n"
          },
          "ue_get_success": true,
          "matched_ues": [],
          "data_ue": null,
          "data_ip_source": "not_available",
          "data_ip_wait_sec": 0.0,
          "ping": null
        },
        {
          "elapsed_sec": 157.8,
          "phy_connected": false,
          "phy_rate": {
            "success": false,
            "cells": [],
            "total_dl_bitrate_bps": 0,
            "total_ul_bitrate_bps": 0,
            "error": "[0.002] !!! Error Error: connect ECONNREFUSED 192.168.1.80:9001\n    at TCPConnectWrap.afterConnect [as oncomplete] (node:net:1278:16) {\n  errno: -111,\n  code: 'ECONNREFUSED',\n  syscall: 'connect',\n  address: '192.168.1.80',\n  port: 9001\n}\n",
            "command": "cd /root/enb && ./ws.js 192.168.1.80:9001 '{\"message\":\"stats\"}'",
            "raw_stdout": "WebSocket remote API tool version 2024-07-09, Copyright (C) 2012-2024 Amarisoft\n"
          },
          "ue_get_success": true,
          "matched_ues": [],
          "data_ue": null,
          "data_ip_source": "not_available",
          "data_ip_wait_sec": 0.0,
          "ping": null
        },
        {
          "elapsed_sec": 161.1,
          "phy_connected": false,
          "phy_rate": {
            "success": false,
            "cells": [],
            "total_dl_bitrate_bps": 0,
            "total_ul_bitrate_bps": 0,
            "error": "[0.002] !!! Error Error: connect ECONNREFUSED 192.168.1.80:9001\n    at TCPConnectWrap.afterConnect [as oncomplete] (node:net:1278:16) {\n  errno: -111,\n  code: 'ECONNREFUSED',\n  syscall: 'connect',\n  address: '192.168.1.80',\n  port: 9001\n}\n",
            "command": "cd /root/enb && ./ws.js 192.168.1.80:9001 '{\"message\":\"stats\"}'",
            "raw_stdout": "WebSocket remote API tool version 2024-07-09, Copyright (C) 2012-2024 Amarisoft\n"
          },
          "ue_get_success": true,
          "matched_ues": [],
          "data_ue": null,
          "data_ip_source": "not_available",
          "data_ip_wait_sec": 0.0,
          "ping": null
        },
        {
          "elapsed_sec": 164.5,
          "phy_connected": false,
          "phy_rate": {
            "success": false,
            "cells": [],
            "total_dl_bitrate_bps": 0,
            "total_ul_bitrate_bps": 0,
            "error": "[0.002] !!! Error Error: connect ECONNREFUSED 192.168.1.80:9001\n    at TCPConnectWrap.afterConnect [as oncomplete] (node:net:1278:16) {\n  errno: -111,\n  code: 'ECONNREFUSED',\n  syscall: 'connect',\n  address: '192.168.1.80',\n  port: 9001\n}\n",
            "command": "cd /root/enb && ./ws.js 192.168.1.80:9001 '{\"message\":\"stats\"}'",
            "raw_stdout": "WebSocket remote API tool version 2024-07-09, Copyright (C) 2012-2024 Amarisoft\n"
          },
          "ue_get_success": true,
          "matched_ues": [],
          "data_ue": null,
          "data_ip_source": "not_available",
          "data_ip_wait_sec": 0.0,
          "ping": null
        },
        {
          "elapsed_sec": 167.8,
          "phy_connected": false,
          "phy_rate": {
            "success": false,
            "cells": [],
            "total_dl_bitrate_bps": 0,
            "total_ul_bitrate_bps": 0,
            "error": "[0.002] !!! Error Error: connect ECONNREFUSED 192.168.1.80:9001\n    at TCPConnectWrap.afterConnect [as oncomplete] (node:net:1278:16) {\n  errno: -111,\n  code: 'ECONNREFUSED',\n  syscall: 'connect',\n  address: '192.168.1.80',\n  port: 9001\n}\n",
            "command": "cd /root/enb && ./ws.js 192.168.1.80:9001 '{\"message\":\"stats\"}'",
            "raw_stdout": "WebSocket remote API tool version 2024-07-09, Copyright (C) 2012-2024 Amarisoft\n"
          },
          "ue_get_success": true,
          "matched_ues": [],
          "data_ue": null,
          "data_ip_source": "not_available",
          "data_ip_wait_sec": 0.0,
          "ping": null
        },
        {
          "elapsed_sec": 171.2,
          "phy_connected": false,
          "phy_rate": {
            "success": false,
            "cells": [],
            "total_dl_bitrate_bps": 0,
            "total_ul_bitrate_bps": 0,
            "error": "[0.002] !!! Error Error: connect ECONNREFUSED 192.168.1.80:9001\n    at TCPConnectWrap.afterConnect [as oncomplete] (node:net:1278:16) {\n  errno: -111,\n  code: 'ECONNREFUSED',\n  syscall: 'connect',\n  address: '192.168.1.80',\n  port: 9001\n}\n",
            "command": "cd /root/enb && ./ws.js 192.168.1.80:9001 '{\"message\":\"stats\"}'",
            "raw_stdout": "WebSocket remote API tool version 2024-07-09, Copyright (C) 2012-2024 Amarisoft\n"
          },
          "ue_get_success": true,
          "matched_ues": [],
          "data_ue": null,
          "data_ip_source": "not_available",
          "data_ip_wait_sec": 0.0,
          "ping": null
        },
        {
          "elapsed_sec": 174.5,
          "phy_connected": false,
          "phy_rate": {
            "success": false,
            "cells": [],
            "total_dl_bitrate_bps": 0,
            "total_ul_bitrate_bps": 0,
            "error": "[0.002] !!! Error Error: connect ECONNREFUSED 192.168.1.80:9001\n    at TCPConnectWrap.afterConnect [as oncomplete] (node:net:1278:16) {\n  errno: -111,\n  code: 'ECONNREFUSED',\n  syscall: 'connect',\n  address: '192.168.1.80',\n  port: 9001\n}\n",
            "command": "cd /root/enb && ./ws.js 192.168.1.80:9001 '{\"message\":\"stats\"}'",
            "raw_stdout": "WebSocket remote API tool version 2024-07-09, Copyright (C) 2012-2024 Amarisoft\n"
          },
          "ue_get_success": true,
          "matched_ues": [],
          "data_ue": null,
          "data_ip_source": "not_available",
          "data_ip_wait_sec": 0.0,
          "ping": null
        },
        {
          "elapsed_sec": 177.9,
          "phy_connected": false,
          "phy_rate": {
            "success": false,
            "cells": [],
            "total_dl_bitrate_bps": 0,
            "total_ul_bitrate_bps": 0,
            "error": "[0.003] !!! Error Error: connect ECONNREFUSED 192.168.1.80:9001\n    at TCPConnectWrap.afterConnect [as oncomplete] (node:net:1278:16) {\n  errno: -111,\n  code: 'ECONNREFUSED',\n  syscall: 'connect',\n  address: '192.168.1.80',\n  port: 9001\n}\n",
            "command": "cd /root/enb && ./ws.js 192.168.1.80:9001 '{\"message\":\"stats\"}'",
            "raw_stdout": "WebSocket remote API tool version 2024-07-09, Copyright (C) 2012-2024 Amarisoft\n"
          },
          "ue_get_success": true,
          "matched_ues": [],
          "data_ue": null,
          "data_ip_source": "not_available",
          "data_ip_wait_sec": 0.0,
          "ping": null
        },
        {
          "elapsed_sec": 181.3,
          "phy_connected": false,
          "phy_rate": {
            "success": false,
            "cells": [],
            "total_dl_bitrate_bps": 0,
            "total_ul_bitrate_bps": 0,
            "error": "[0.002] !!! Error Error: connect ECONNREFUSED 192.168.1.80:9001\n    at TCPConnectWrap.afterConnect [as oncomplete] (node:net:1278:16) {\n  errno: -111,\n  code: 'ECONNREFUSED',\n  syscall: 'connect',\n  address: '192.168.1.80',\n  port: 9001\n}\n",
            "command": "cd /root/enb && ./ws.js 192.168.1.80:9001 '{\"message\":\"stats\"}'",
            "raw_stdout": "WebSocket remote API tool version 2024-07-09, Copyright (C) 2012-2024 Amarisoft\n"
          },
          "ue_get_success": true,
          "matched_ues": [],
          "data_ue": null,
          "data_ip_source": "not_available",
          "data_ip_wait_sec": 0.0,
          "ping": null
        }
      ],
      "error": "UE_CONNECTION_TIMEOUT",
      "message": "在 180 秒安全上限內，PHY DL/UL bitrate 仍為 0，尚未判定 UE 已連線。"
    },
    "message": "ENDC config 已套用，但 UE 尚未連線。",
    "returncode": 1
  },
  "schema_version": "1.0",
  "timestamp": "2026-07-31T14:04:55+08:00",
  "result_file": null
}
