{
  "success": false,
  "tool": "workflow.band_iperf",
  "human_summary": "FAIL｜Band + iPerf 流程失敗\n\nStage：iperf_upload\nBand 已完成，但 upload iPerf 失敗。",
  "machine_result": {
    "success": false,
    "workflow": "band_then_iperf",
    "stage": "iperf_upload",
    "ue_ip": "192.168.2.2",
    "ue_ip_source": "only_ue_ip_fallback",
    "ip_wait_attempts": [
      {
        "elapsed_sec": 1.7,
        "success": false,
        "connected": false,
        "connection_basis": null,
        "selected_ip": null,
        "source": "no_ue_ip",
        "data_ue_ip": null,
        "data_ip_source": "not_available",
        "phy_rate": {
          "success": false,
          "cells": [],
          "total_dl_bitrate_bps": 0,
          "total_ul_bitrate_bps": 0,
          "error": "[0.002] !!! Error Error: connect ECONNREFUSED 192.168.1.80:9001\n    at TCPConnectWrap.afterConnect [as oncomplete] (node:net:1278:16) {\n  errno: -111,\n  code: 'ECONNREFUSED',\n  syscall: 'connect',\n  address: '192.168.1.80',\n  port: 9001\n}\n",
          "command": "cd /root/enb && ./ws.js 192.168.1.80:9001 '{\"message\":\"stats\"}'",
          "raw_stdout": "WebSocket remote API tool version 2024-07-09, Copyright (C) 2012-2024 Amarisoft\n"
        },
        "ping": {},
        "ready_now": false,
        "ready_stable_elapsed_sec": 0.0,
        "ready_stable_required_sec": 5.0,
        "ues": [],
        "error": null
      },
      {
        "elapsed_sec": 25.3,
        "success": true,
        "connected": false,
        "connection_basis": null,
        "selected_ip": null,
        "source": "no_ue_ip",
        "data_ue_ip": null,
        "data_ip_source": "not_available",
        "phy_rate": {
          "success": true,
          "cells": [
            {
              "cell_id": "1",
              "dl_bitrate_bps": 0,
              "ul_bitrate_bps": 0,
              "dl_bitrate_mbps": 0.0,
              "ul_bitrate_mbps": 0.0,
              "active": false
            }
          ],
          "total_dl_bitrate_bps": 0,
          "total_ul_bitrate_bps": 0,
          "total_dl_bitrate_mbps": 0.0,
          "total_ul_bitrate_mbps": 0.0,
          "active_cell_count": 0,
          "command": "cd /root/enb && ./ws.js 192.168.1.80:9001 '{\"message\":\"stats\"}'",
          "payload": {
            "message": "stats",
            "message_id": "id#1",
            "instance_id": "6a6022a1",
            "cpu": {},
            "cells": {
              "1": {
                "dl_bitrate": 0,
                "ul_bitrate": 0,
                "dl_tx": 0,
                "ul_tx": 0,
                "dl_err": 0,
                "ul_err": 0,
                "dl_retx": 0,
                "ul_retx": 0,
                "dl_use_min": 0,
                "dl_use_max": 0.14,
                "dl_use_avg": 0.007,
                "dl_data_use_min": 0,
                "dl_data_use_max": 0,
                "dl_data_use_avg": 0,
                "ul_use_min": 0.12,
                "ul_use_max": 0.24,
                "ul_use_avg": 0.132,
                "ul_data_use_min": 0,
                "ul_data_use_max": 0,
                "ul_data_use_avg": 0,
                "ctrl_use_min": 0,
                "ctrl_use_max": 0.5,
                "ctrl_use_avg": 0.036,
                "dl_sched_users_min": 0,
                "dl_sched_users_max": 0,
                "dl_sched_users_avg": 0,
                "ul_sched_users_min": 0,
                "ul_sched_users_max": 0,
                "ul_sched_users_avg": 0,
                "ue_count_min": 0,
                "ue_count_max": 0,
                "ue_count_avg": 0,
                "ue_active_count_min": 0,
                "ue_active_count_max": 0,
                "ue_active_count_avg": 0,
                "ue_inactive_count_min": 0,
                "ue_inactive_count_max": 0,
                "ue_inactive_count_avg": 0,
                "erab_count_min": 0,
                "erab_count_max": 0,
                "erab_count_avg": 0,
                "dl_gbr_use_min": 0,
                "dl_gbr_use_max": 0,
                "dl_gbr_use_avg": 0,
                "ul_gbr_use_min": 0,
                "ul_gbr_use_max": 0,
                "ul_gbr_use_avg": 0,
                "counters": {
                  "messages": {},
                  "errors": {}
                }
              }
            },
            "rf_ports": {
              "0": {
                "rxtx_delay": {
                  "min": 2.532,
                  "max": 3.527,
                  "avg": 3.074,
                  "sd": 0.263
                }
              }
            },
            "counters": {
              "messages": {
                "s1_setup_request": 1,
                "s1_setup_response": 1
              },
              "errors": {}
            },
            "duration": 0.4,
            "time": 0.421,
            "utc": 1784685239.877
          }
        },
        "ping": {},
        "ready_now": false,
        "ready_stable_elapsed_sec": 0.0,
        "ready_stable_required_sec": 5.0,
        "ues": [],
        "error": null
      },
      {
        "elapsed_sec": 30.3,
        "success": true,
        "connected": false,
        "connection_basis": null,
        "selected_ip": null,
        "source": "no_ue_ip",
        "data_ue_ip": null,
        "data_ip_source": "not_available",
        "phy_rate": {
          "success": true,
          "cells": [
            {
              "cell_id": "1",
              "dl_bitrate_bps": 0,
              "ul_bitrate_bps": 0,
              "dl_bitrate_mbps": 0.0,
              "ul_bitrate_mbps": 0.0,
              "active": false
            }
          ],
          "total_dl_bitrate_bps": 0,
          "total_ul_bitrate_bps": 0,
          "total_dl_bitrate_mbps": 0.0,
          "total_ul_bitrate_mbps": 0.0,
          "active_cell_count": 0,
          "command": "cd /root/enb && ./ws.js 192.168.1.80:9001 '{\"message\":\"stats\"}'",
          "payload": {
            "message": "stats",
            "message_id": "id#1",
            "instance_id": "6a6022a1",
            "cpu": {},
            "cells": {
              "1": {
                "dl_bitrate": 0,
                "ul_bitrate": 0,
                "dl_tx": 0,
                "ul_tx": 0,
                "dl_err": 0,
                "ul_err": 0,
                "dl_retx": 0,
                "ul_retx": 0,
                "dl_use_min": 0,
                "dl_use_max": 0.14,
                "dl_use_avg": 0.008,
                "dl_data_use_min": 0,
                "dl_data_use_max": 0,
                "dl_data_use_avg": 0,
                "ul_use_min": 0.12,
                "ul_use_max": 0.24,
                "ul_use_avg": 0.132,
                "ul_data_use_min": 0,
                "ul_data_use_max": 0,
                "ul_data_use_avg": 0,
                "ctrl_use_min": 0,
                "ctrl_use_max": 0.5,
                "ctrl_use_avg": 0.04,
                "dl_sched_users_min": 0,
                "dl_sched_users_max": 0,
                "dl_sched_users_avg": 0,
                "ul_sched_users_min": 0,
                "ul_sched_users_max": 0,
                "ul_sched_users_avg": 0,
                "ue_count_min": 0,
                "ue_count_max": 0,
                "ue_count_avg": 0,
                "ue_active_count_min": 0,
                "ue_active_count_max": 0,
                "ue_active_count_avg": 0,
                "ue_inactive_count_min": 0,
                "ue_inactive_count_max": 0,
                "ue_inactive_count_avg": 0,
                "erab_count_min": 0,
                "erab_count_max": 0,
                "erab_count_avg": 0,
                "dl_gbr_use_min": 0,
                "dl_gbr_use_max": 0,
                "dl_gbr_use_avg": 0,
                "ul_gbr_use_min": 0,
                "ul_gbr_use_max": 0,
                "ul_gbr_use_avg": 0,
                "counters": {
                  "messages": {},
                  "errors": {}
                }
              }
            },
            "rf_ports": {
              "0": {
                "rxtx_delay": {
                  "min": 2.532,
                  "max": 3.594,
                  "avg": 3.069,
                  "sd": 0.264
                }
              }
            },
            "counters": {
              "messages": {
                "s1_setup_request": 1,
                "s1_setup_response": 1
              },
              "errors": {}
            },
            "duration": 0.4,
            "time": 5.467,
            "utc": 1784685244.919
          }
        },
        "ping": {},
        "ready_now": false,
        "ready_stable_elapsed_sec": 0.0,
        "ready_stable_required_sec": 5.0,
        "ues": [],
        "error": null
      },
      {
        "elapsed_sec": 35.1,
        "success": true,
        "connected": false,
        "connection_basis": null,
        "selected_ip": null,
        "source": "no_ue_ip",
        "data_ue_ip": null,
        "data_ip_source": "not_available",
        "phy_rate": {
          "success": true,
          "cells": [
            {
              "cell_id": "1",
              "dl_bitrate_bps": 0,
              "ul_bitrate_bps": 0,
              "dl_bitrate_mbps": 0.0,
              "ul_bitrate_mbps": 0.0,
              "active": false
            }
          ],
          "total_dl_bitrate_bps": 0,
          "total_ul_bitrate_bps": 0,
          "total_dl_bitrate_mbps": 0.0,
          "total_ul_bitrate_mbps": 0.0,
          "active_cell_count": 0,
          "command": "cd /root/enb && ./ws.js 192.168.1.80:9001 '{\"message\":\"stats\"}'",
          "payload": {
            "message": "stats",
            "message_id": "id#1",
            "instance_id": "6a6022a1",
            "cpu": {},
            "cells": {
              "1": {
                "dl_bitrate": 0,
                "ul_bitrate": 0,
                "dl_tx": 0,
                "ul_tx": 0,
                "dl_err": 0,
                "ul_err": 0,
                "dl_retx": 0,
                "ul_retx": 0,
                "dl_use_min": 0,
                "dl_use_max": 0.14,
                "dl_use_avg": 0.008,
                "dl_data_use_min": 0,
                "dl_data_use_max": 0,
                "dl_data_use_avg": 0,
                "ul_use_min": 0.12,
                "ul_use_max": 0.24,
                "ul_use_avg": 0.132,
                "ul_data_use_min": 0,
                "ul_data_use_max": 0,
                "ul_data_use_avg": 0,
                "ctrl_use_min": 0,
                "ctrl_use_max": 0.5,
                "ctrl_use_avg": 0.04,
                "dl_sched_users_min": 0,
                "dl_sched_users_max": 0,
                "dl_sched_users_avg": 0,
                "ul_sched_users_min": 0,
                "ul_sched_users_max": 0,
                "ul_sched_users_avg": 0,
                "ue_count_min": 0,
                "ue_count_max": 0,
                "ue_count_avg": 0,
                "ue_active_count_min": 0,
                "ue_active_count_max": 0,
                "ue_active_count_avg": 0,
                "ue_inactive_count_min": 0,
                "ue_inactive_count_max": 0,
                "ue_inactive_count_avg": 0,
                "erab_count_min": 0,
                "erab_count_max": 0,
                "erab_count_avg": 0,
                "dl_gbr_use_min": 0,
                "dl_gbr_use_max": 0,
                "dl_gbr_use_avg": 0,
                "ul_gbr_use_min": 0,
                "ul_gbr_use_max": 0,
                "ul_gbr_use_avg": 0,
                "counters": {
                  "messages": {},
                  "errors": {}
                }
              }
            },
            "rf_ports": {
              "0": {
                "rxtx_delay": {
                  "min": 2.532,
                  "max": 3.594,
                  "avg": 3.073,
                  "sd": 0.265
                }
              }
            },
            "counters": {
              "messages": {
                "s1_setup_request": 1,
                "s1_setup_response": 1
              },
              "errors": {}
            },
            "duration": 0.4,
            "time": 10.297,
            "utc": 1784685249.748
          }
        },
        "ping": {},
        "ready_now": false,
        "ready_stable_elapsed_sec": 0.0,
        "ready_stable_required_sec": 5.0,
        "ues": [],
        "error": null
      },
      {
        "elapsed_sec": 40.4,
        "success": true,
        "connected": false,
        "connection_basis": null,
        "selected_ip": null,
        "source": "no_ue_ip",
        "data_ue_ip": null,
        "data_ip_source": "not_available",
        "phy_rate": {
          "success": true,
          "cells": [
            {
              "cell_id": "1",
              "dl_bitrate_bps": 0,
              "ul_bitrate_bps": 0,
              "dl_bitrate_mbps": 0.0,
              "ul_bitrate_mbps": 0.0,
              "active": false
            }
          ],
          "total_dl_bitrate_bps": 0,
          "total_ul_bitrate_bps": 0,
          "total_dl_bitrate_mbps": 0.0,
          "total_ul_bitrate_mbps": 0.0,
          "active_cell_count": 0,
          "command": "cd /root/enb && ./ws.js 192.168.1.80:9001 '{\"message\":\"stats\"}'",
          "payload": {
            "message": "stats",
            "message_id": "id#1",
            "instance_id": "6a6022a1",
            "cpu": {},
            "cells": {
              "1": {
                "dl_bitrate": 0,
                "ul_bitrate": 0,
                "dl_tx": 0,
                "ul_tx": 0,
                "dl_err": 0,
                "ul_err": 0,
                "dl_retx": 0,
                "ul_retx": 0,
                "dl_use_min": 0,
                "dl_use_max": 0.14,
                "dl_use_avg": 0.008,
                "dl_data_use_min": 0,
                "dl_data_use_max": 0,
                "dl_data_use_avg": 0,
                "ul_use_min": 0.12,
                "ul_use_max": 0.24,
                "ul_use_avg": 0.132,
                "ul_data_use_min": 0,
                "ul_data_use_max": 0,
                "ul_data_use_avg": 0,
                "ctrl_use_min": 0,
                "ctrl_use_max": 0.5,
                "ctrl_use_avg": 0.04,
                "dl_sched_users_min": 0,
                "dl_sched_users_max": 0,
                "dl_sched_users_avg": 0,
                "ul_sched_users_min": 0,
                "ul_sched_users_max": 0,
                "ul_sched_users_avg": 0,
                "ue_count_min": 0,
                "ue_count_max": 0,
                "ue_count_avg": 0,
                "ue_active_count_min": 0,
                "ue_active_count_max": 0,
                "ue_active_count_avg": 0,
                "ue_inactive_count_min": 0,
                "ue_inactive_count_max": 0,
                "ue_inactive_count_avg": 0,
                "erab_count_min": 0,
                "erab_count_max": 0,
                "erab_count_avg": 0,
                "dl_gbr_use_min": 0,
                "dl_gbr_use_max": 0,
                "dl_gbr_use_avg": 0,
                "ul_gbr_use_min": 0,
                "ul_gbr_use_max": 0,
                "ul_gbr_use_avg": 0,
                "counters": {
                  "messages": {},
                  "errors": {}
                }
              }
            },
            "rf_ports": {
              "0": {
                "rxtx_delay": {
                  "min": 2.532,
                  "max": 3.594,
                  "avg": 3.071,
                  "sd": 0.264
                }
              }
            },
            "counters": {
              "messages": {
                "s1_setup_request": 1,
                "s1_setup_response": 1
              },
              "errors": {}
            },
            "duration": 0.4,
            "time": 15.582,
            "utc": 1784685255.034
          }
        },
        "ping": {},
        "ready_now": false,
        "ready_stable_elapsed_sec": 0.0,
        "ready_stable_required_sec": 5.0,
        "ues": [],
        "error": null
      },
      {
        "elapsed_sec": 45.4,
        "success": true,
        "connected": false,
        "connection_basis": null,
        "selected_ip": null,
        "source": "no_ue_ip",
        "data_ue_ip": null,
        "data_ip_source": "not_available",
        "phy_rate": {
          "success": true,
          "cells": [
            {
              "cell_id": "1",
              "dl_bitrate_bps": 0,
              "ul_bitrate_bps": 0,
              "dl_bitrate_mbps": 0.0,
              "ul_bitrate_mbps": 0.0,
              "active": false
            }
          ],
          "total_dl_bitrate_bps": 0,
          "total_ul_bitrate_bps": 0,
          "total_dl_bitrate_mbps": 0.0,
          "total_ul_bitrate_mbps": 0.0,
          "active_cell_count": 0,
          "command": "cd /root/enb && ./ws.js 192.168.1.80:9001 '{\"message\":\"stats\"}'",
          "payload": {
            "message": "stats",
            "message_id": "id#1",
            "instance_id": "6a6022a1",
            "cpu": {},
            "cells": {
              "1": {
                "dl_bitrate": 0,
                "ul_bitrate": 0,
                "dl_tx": 0,
                "ul_tx": 0,
                "dl_err": 0,
                "ul_err": 0,
                "dl_retx": 0,
                "ul_retx": 0,
                "dl_use_min": 0,
                "dl_use_max": 0.14,
                "dl_use_avg": 0.008,
                "dl_data_use_min": 0,
                "dl_data_use_max": 0,
                "dl_data_use_avg": 0,
                "ul_use_min": 0.12,
                "ul_use_max": 0.24,
                "ul_use_avg": 0.132,
                "ul_data_use_min": 0,
                "ul_data_use_max": 0,
                "ul_data_use_avg": 0,
                "ctrl_use_min": 0,
                "ctrl_use_max": 0.5,
                "ctrl_use_avg": 0.04,
                "dl_sched_users_min": 0,
                "dl_sched_users_max": 0,
                "dl_sched_users_avg": 0,
                "ul_sched_users_min": 0,
                "ul_sched_users_max": 0,
                "ul_sched_users_avg": 0,
                "ue_count_min": 0,
                "ue_count_max": 0,
                "ue_count_avg": 0,
                "ue_active_count_min": 0,
                "ue_active_count_max": 0,
                "ue_active_count_avg": 0,
                "ue_inactive_count_min": 0,
                "ue_inactive_count_max": 0,
                "ue_inactive_count_avg": 0,
                "erab_count_min": 0,
                "erab_count_max": 0,
                "erab_count_avg": 0,
                "dl_gbr_use_min": 0,
                "dl_gbr_use_max": 0,
                "dl_gbr_use_avg": 0,
                "ul_gbr_use_min": 0,
                "ul_gbr_use_max": 0,
                "ul_gbr_use_avg": 0,
                "counters": {
                  "messages": {},
                  "errors": {}
                }
              }
            },
            "rf_ports": {
              "0": {
                "rxtx_delay": {
                  "min": 2.532,
                  "max": 3.594,
                  "avg": 3.068,
                  "sd": 0.264
                }
              }
            },
            "counters": {
              "messages": {
                "s1_setup_request": 1,
                "s1_setup_response": 1
              },
              "errors": {}
            },
            "duration": 0.4,
            "time": 20.523,
            "utc": 1784685259.975
          }
        },
        "ping": {},
        "ready_now": false,
        "ready_stable_elapsed_sec": 0.0,
        "ready_stable_required_sec": 5.0,
        "ues": [],
        "error": null
      },
      {
        "elapsed_sec": 50.4,
        "success": true,
        "connected": false,
        "connection_basis": null,
        "selected_ip": null,
        "source": "no_ue_ip",
        "data_ue_ip": null,
        "data_ip_source": "not_available",
        "phy_rate": {
          "success": true,
          "cells": [
            {
              "cell_id": "1",
              "dl_bitrate_bps": 0,
              "ul_bitrate_bps": 0,
              "dl_bitrate_mbps": 0.0,
              "ul_bitrate_mbps": 0.0,
              "active": false
            }
          ],
          "total_dl_bitrate_bps": 0,
          "total_ul_bitrate_bps": 0,
          "total_dl_bitrate_mbps": 0.0,
          "total_ul_bitrate_mbps": 0.0,
          "active_cell_count": 0,
          "command": "cd /root/enb && ./ws.js 192.168.1.80:9001 '{\"message\":\"stats\"}'",
          "payload": {
            "message": "stats",
            "message_id": "id#1",
            "instance_id": "6a6022a1",
            "cpu": {},
            "cells": {
              "1": {
                "dl_bitrate": 0,
                "ul_bitrate": 0,
                "dl_tx": 0,
                "ul_tx": 0,
                "dl_err": 0,
                "ul_err": 0,
                "dl_retx": 0,
                "ul_retx": 0,
                "dl_use_min": 0,
                "dl_use_max": 0.14,
                "dl_use_avg": 0.008,
                "dl_data_use_min": 0,
                "dl_data_use_max": 0,
                "dl_data_use_avg": 0,
                "ul_use_min": 0.12,
                "ul_use_max": 0.24,
                "ul_use_avg": 0.132,
                "ul_data_use_min": 0,
                "ul_data_use_max": 0,
                "ul_data_use_avg": 0,
                "ctrl_use_min": 0,
                "ctrl_use_max": 0.5,
                "ctrl_use_avg": 0.037,
                "dl_sched_users_min": 0,
                "dl_sched_users_max": 0,
                "dl_sched_users_avg": 0,
                "ul_sched_users_min": 0,
                "ul_sched_users_max": 0,
                "ul_sched_users_avg": 0,
                "ue_count_min": 0,
                "ue_count_max": 0,
                "ue_count_avg": 0,
                "ue_active_count_min": 0,
                "ue_active_count_max": 0,
                "ue_active_count_avg": 0,
                "ue_inactive_count_min": 0,
                "ue_inactive_count_max": 0,
                "ue_inactive_count_avg": 0,
                "erab_count_min": 0,
                "erab_count_max": 0,
                "erab_count_avg": 0,
                "dl_gbr_use_min": 0,
                "dl_gbr_use_max": 0,
                "dl_gbr_use_avg": 0,
                "ul_gbr_use_min": 0,
                "ul_gbr_use_max": 0,
                "ul_gbr_use_avg": 0,
                "counters": {
                  "messages": {},
                  "errors": {}
                }
              }
            },
            "rf_ports": {
              "0": {
                "rxtx_delay": {
                  "min": 2.532,
                  "max": 3.527,
                  "avg": 3.071,
                  "sd": 0.264
                }
              }
            },
            "counters": {
              "messages": {
                "s1_setup_request": 1,
                "s1_setup_response": 1
              },
              "errors": {}
            },
            "duration": 0.4,
            "time": 25.528,
            "utc": 1784685264.98
          }
        },
        "ping": {},
        "ready_now": false,
        "ready_stable_elapsed_sec": 0.0,
        "ready_stable_required_sec": 5.0,
        "ues": [],
        "error": null
      },
      {
        "elapsed_sec": 55.3,
        "success": true,
        "connected": false,
        "connection_basis": null,
        "selected_ip": null,
        "source": "no_ue_ip",
        "data_ue_ip": null,
        "data_ip_source": "not_available",
        "phy_rate": {
          "success": true,
          "cells": [
            {
              "cell_id": "1",
              "dl_bitrate_bps": 0,
              "ul_bitrate_bps": 0,
              "dl_bitrate_mbps": 0.0,
              "ul_bitrate_mbps": 0.0,
              "active": false
            }
          ],
          "total_dl_bitrate_bps": 0,
          "total_ul_bitrate_bps": 0,
          "total_dl_bitrate_mbps": 0.0,
          "total_ul_bitrate_mbps": 0.0,
          "active_cell_count": 0,
          "command": "cd /root/enb && ./ws.js 192.168.1.80:9001 '{\"message\":\"stats\"}'",
          "payload": {
            "message": "stats",
            "message_id": "id#1",
            "instance_id": "6a6022a1",
            "cpu": {},
            "cells": {
              "1": {
                "dl_bitrate": 0,
                "ul_bitrate": 0,
                "dl_tx": 0,
                "ul_tx": 0,
                "dl_err": 0,
                "ul_err": 0,
                "dl_retx": 0,
                "ul_retx": 0,
                "dl_use_min": 0,
                "dl_use_max": 0.14,
                "dl_use_avg": 0.008,
                "dl_data_use_min": 0,
                "dl_data_use_max": 0,
                "dl_data_use_avg": 0,
                "ul_use_min": 0.12,
                "ul_use_max": 0.24,
                "ul_use_avg": 0.132,
                "ul_data_use_min": 0,
                "ul_data_use_max": 0,
                "ul_data_use_avg": 0,
                "ctrl_use_min": 0,
                "ctrl_use_max": 0.5,
                "ctrl_use_avg": 0.04,
                "dl_sched_users_min": 0,
                "dl_sched_users_max": 0,
                "dl_sched_users_avg": 0,
                "ul_sched_users_min": 0,
                "ul_sched_users_max": 0,
                "ul_sched_users_avg": 0,
                "ue_count_min": 0,
                "ue_count_max": 0,
                "ue_count_avg": 0,
                "ue_active_count_min": 0,
                "ue_active_count_max": 0,
                "ue_active_count_avg": 0,
                "ue_inactive_count_min": 0,
                "ue_inactive_count_max": 0,
                "ue_inactive_count_avg": 0,
                "erab_count_min": 0,
                "erab_count_max": 0,
                "erab_count_avg": 0,
                "dl_gbr_use_min": 0,
                "dl_gbr_use_max": 0,
                "dl_gbr_use_avg": 0,
                "ul_gbr_use_min": 0,
                "ul_gbr_use_max": 0,
                "ul_gbr_use_avg": 0,
                "counters": {
                  "messages": {},
                  "errors": {}
                }
              }
            },
            "rf_ports": {
              "0": {
                "rxtx_delay": {
                  "min": 2.532,
                  "max": 3.594,
                  "avg": 3.074,
                  "sd": 0.264
                }
              }
            },
            "counters": {
              "messages": {
                "s1_setup_request": 1,
                "s1_setup_response": 1
              },
              "errors": {}
            },
            "duration": 0.4,
            "time": 30.464,
            "utc": 1784685269.915
          }
        },
        "ping": {},
        "ready_now": false,
        "ready_stable_elapsed_sec": 0.0,
        "ready_stable_required_sec": 5.0,
        "ues": [],
        "error": null
      },
      {
        "elapsed_sec": 60.4,
        "success": true,
        "connected": false,
        "connection_basis": null,
        "selected_ip": null,
        "source": "no_ue_ip",
        "data_ue_ip": null,
        "data_ip_source": "not_available",
        "phy_rate": {
          "success": true,
          "cells": [
            {
              "cell_id": "1",
              "dl_bitrate_bps": 0,
              "ul_bitrate_bps": 0,
              "dl_bitrate_mbps": 0.0,
              "ul_bitrate_mbps": 0.0,
              "active": false
            }
          ],
          "total_dl_bitrate_bps": 0,
          "total_ul_bitrate_bps": 0,
          "total_dl_bitrate_mbps": 0.0,
          "total_ul_bitrate_mbps": 0.0,
          "active_cell_count": 0,
          "command": "cd /root/enb && ./ws.js 192.168.1.80:9001 '{\"message\":\"stats\"}'",
          "payload": {
            "message": "stats",
            "message_id": "id#1",
            "instance_id": "6a6022a1",
            "cpu": {},
            "cells": {
              "1": {
                "dl_bitrate": 0,
                "ul_bitrate": 0,
                "dl_tx": 0,
                "ul_tx": 0,
                "dl_err": 0,
                "ul_err": 0,
                "dl_retx": 0,
                "ul_retx": 0,
                "dl_use_min": 0,
                "dl_use_max": 0.14,
                "dl_use_avg": 0.008,
                "dl_data_use_min": 0,
                "dl_data_use_max": 0,
                "dl_data_use_avg": 0,
                "ul_use_min": 0.12,
                "ul_use_max": 0.24,
                "ul_use_avg": 0.132,
                "ul_data_use_min": 0,
                "ul_data_use_max": 0,
                "ul_data_use_avg": 0,
                "ctrl_use_min": 0,
                "ctrl_use_max": 0.5,
                "ctrl_use_avg": 0.037,
                "dl_sched_users_min": 0,
                "dl_sched_users_max": 0,
                "dl_sched_users_avg": 0,
                "ul_sched_users_min": 0,
                "ul_sched_users_max": 0,
                "ul_sched_users_avg": 0,
                "ue_count_min": 0,
                "ue_count_max": 0,
                "ue_count_avg": 0,
                "ue_active_count_min": 0,
                "ue_active_count_max": 0,
                "ue_active_count_avg": 0,
                "ue_inactive_count_min": 0,
                "ue_inactive_count_max": 0,
                "ue_inactive_count_avg": 0,
                "erab_count_min": 0,
                "erab_count_max": 0,
                "erab_count_avg": 0,
                "dl_gbr_use_min": 0,
                "dl_gbr_use_max": 0,
                "dl_gbr_use_avg": 0,
                "ul_gbr_use_min": 0,
                "ul_gbr_use_max": 0,
                "ul_gbr_use_avg": 0,
                "counters": {
                  "messages": {},
                  "errors": {}
                }
              }
            },
            "rf_ports": {
              "0": {
                "rxtx_delay": {
                  "min": 2.532,
                  "max": 3.594,
                  "avg": 3.068,
                  "sd": 0.264
                }
              }
            },
            "counters": {
              "messages": {
                "s1_setup_request": 1,
                "s1_setup_response": 1
              },
              "errors": {}
            },
            "duration": 0.4,
            "time": 35.606,
            "utc": 1784685275.058
          }
        },
        "ping": {},
        "ready_now": false,
        "ready_stable_elapsed_sec": 0.0,
        "ready_stable_required_sec": 5.0,
        "ues": [],
        "error": null
      },
      {
        "elapsed_sec": 65.6,
        "success": true,
        "connected": false,
        "connection_basis": null,
        "selected_ip": null,
        "source": "no_ue_ip",
        "data_ue_ip": null,
        "data_ip_source": "not_available",
        "phy_rate": {
          "success": true,
          "cells": [
            {
              "cell_id": "1",
              "dl_bitrate_bps": 0,
              "ul_bitrate_bps": 0,
              "dl_bitrate_mbps": 0.0,
              "ul_bitrate_mbps": 0.0,
              "active": false
            }
          ],
          "total_dl_bitrate_bps": 0,
          "total_ul_bitrate_bps": 0,
          "total_dl_bitrate_mbps": 0.0,
          "total_ul_bitrate_mbps": 0.0,
          "active_cell_count": 0,
          "command": "cd /root/enb && ./ws.js 192.168.1.80:9001 '{\"message\":\"stats\"}'",
          "payload": {
            "message": "stats",
            "message_id": "id#1",
            "instance_id": "6a6022a1",
            "cpu": {},
            "cells": {
              "1": {
                "dl_bitrate": 0,
                "ul_bitrate": 0,
                "dl_tx": 0,
                "ul_tx": 0,
                "dl_err": 0,
                "ul_err": 0,
                "dl_retx": 0,
                "ul_retx": 0,
                "dl_use_min": 0,
                "dl_use_max": 0.14,
                "dl_use_avg": 0.007,
                "dl_data_use_min": 0,
                "dl_data_use_max": 0,
                "dl_data_use_avg": 0,
                "ul_use_min": 0.12,
                "ul_use_max": 0.24,
                "ul_use_avg": 0.132,
                "ul_data_use_min": 0,
                "ul_data_use_max": 0,
                "ul_data_use_avg": 0,
                "ctrl_use_min": 0,
                "ctrl_use_max": 0.5,
                "ctrl_use_avg": 0.036,
                "dl_sched_users_min": 0,
                "dl_sched_users_max": 0,
                "dl_sched_users_avg": 0,
                "ul_sched_users_min": 0,
                "ul_sched_users_max": 0,
                "ul_sched_users_avg": 0,
                "ue_count_min": 0,
                "ue_count_max": 0,
                "ue_count_avg": 0,
                "ue_active_count_min": 0,
                "ue_active_count_max": 0,
                "ue_active_count_avg": 0,
                "ue_inactive_count_min": 0,
                "ue_inactive_count_max": 0,
                "ue_inactive_count_avg": 0,
                "erab_count_min": 0,
                "erab_count_max": 0,
                "erab_count_avg": 0,
                "dl_gbr_use_min": 0,
                "dl_gbr_use_max": 0,
                "dl_gbr_use_avg": 0,
                "ul_gbr_use_min": 0,
                "ul_gbr_use_max": 0,
                "ul_gbr_use_avg": 0,
                "counters": {
                  "messages": {},
                  "errors": {}
                }
              }
            },
            "rf_ports": {
              "0": {
                "rxtx_delay": {
                  "min": 2.465,
                  "max": 3.594,
                  "avg": 3.07,
                  "sd": 0.264
                }
              }
            },
            "counters": {
              "messages": {
                "s1_setup_request": 1,
                "s1_setup_response": 1
              },
              "errors": {}
            },
            "duration": 0.4,
            "time": 40.738,
            "utc": 1784685280.19
          }
        },
        "ping": {},
        "ready_now": false,
        "ready_stable_elapsed_sec": 0.0,
        "ready_stable_required_sec": 5.0,
        "ues": [],
        "error": null
      },
      {
        "elapsed_sec": 70.8,
        "success": true,
        "connected": false,
        "connection_basis": null,
        "selected_ip": null,
        "source": "no_ue_ip",
        "data_ue_ip": null,
        "data_ip_source": "not_available",
        "phy_rate": {
          "success": true,
          "cells": [
            {
              "cell_id": "1",
              "dl_bitrate_bps": 0,
              "ul_bitrate_bps": 0,
              "dl_bitrate_mbps": 0.0,
              "ul_bitrate_mbps": 0.0,
              "active": false
            }
          ],
          "total_dl_bitrate_bps": 0,
          "total_ul_bitrate_bps": 0,
          "total_dl_bitrate_mbps": 0.0,
          "total_ul_bitrate_mbps": 0.0,
          "active_cell_count": 0,
          "command": "cd /root/enb && ./ws.js 192.168.1.80:9001 '{\"message\":\"stats\"}'",
          "payload": {
            "message": "stats",
            "message_id": "id#1",
            "instance_id": "6a6022a1",
            "cpu": {},
            "cells": {
              "1": {
                "dl_bitrate": 0,
                "ul_bitrate": 0,
                "dl_tx": 0,
                "ul_tx": 0,
                "dl_err": 0,
                "ul_err": 0,
                "dl_retx": 0,
                "ul_retx": 0,
                "dl_use_min": 0,
                "dl_use_max": 0.14,
                "dl_use_avg": 0.007,
                "dl_data_use_min": 0,
                "dl_data_use_max": 0,
                "dl_data_use_avg": 0,
                "ul_use_min": 0.12,
                "ul_use_max": 0.24,
                "ul_use_avg": 0.132,
                "ul_data_use_min": 0,
                "ul_data_use_max": 0,
                "ul_data_use_avg": 0,
                "ctrl_use_min": 0,
                "ctrl_use_max": 0.5,
                "ctrl_use_avg": 0.035,
                "dl_sched_users_min": 0,
                "dl_sched_users_max": 0,
                "dl_sched_users_avg": 0,
                "ul_sched_users_min": 0,
                "ul_sched_users_max": 0,
                "ul_sched_users_avg": 0,
                "ue_count_min": 0,
                "ue_count_max": 0,
                "ue_count_avg": 0,
                "ue_active_count_min": 0,
                "ue_active_count_max": 0,
                "ue_active_count_avg": 0,
                "ue_inactive_count_min": 0,
                "ue_inactive_count_max": 0,
                "ue_inactive_count_avg": 0,
                "erab_count_min": 0,
                "erab_count_max": 0,
                "erab_count_avg": 0,
                "dl_gbr_use_min": 0,
                "dl_gbr_use_max": 0,
                "dl_gbr_use_avg": 0,
                "ul_gbr_use_min": 0,
                "ul_gbr_use_max": 0,
                "ul_gbr_use_avg": 0,
                "counters": {
                  "messages": {},
                  "errors": {}
                }
              }
            },
            "rf_ports": {
              "0": {
                "rxtx_delay": {
                  "min": 2.532,
                  "max": 3.594,
                  "avg": 3.073,
                  "sd": 0.264
                }
              }
            },
            "counters": {
              "messages": {
                "s1_setup_request": 1,
                "s1_setup_response": 1
              },
              "errors": {}
            },
            "duration": 0.4,
            "time": 45.88,
            "utc": 1784685285.332
          }
        },
        "ping": {},
        "ready_now": false,
        "ready_stable_elapsed_sec": 0.0,
        "ready_stable_required_sec": 5.0,
        "ues": [],
        "error": null
      },
      {
        "elapsed_sec": 75.5,
        "success": true,
        "connected": false,
        "connection_basis": null,
        "selected_ip": null,
        "source": "no_ue_ip",
        "data_ue_ip": null,
        "data_ip_source": "not_available",
        "phy_rate": {
          "success": true,
          "cells": [
            {
              "cell_id": "1",
              "dl_bitrate_bps": 0,
              "ul_bitrate_bps": 0,
              "dl_bitrate_mbps": 0.0,
              "ul_bitrate_mbps": 0.0,
              "active": false
            }
          ],
          "total_dl_bitrate_bps": 0,
          "total_ul_bitrate_bps": 0,
          "total_dl_bitrate_mbps": 0.0,
          "total_ul_bitrate_mbps": 0.0,
          "active_cell_count": 0,
          "command": "cd /root/enb && ./ws.js 192.168.1.80:9001 '{\"message\":\"stats\"}'",
          "payload": {
            "message": "stats",
            "message_id": "id#1",
            "instance_id": "6a6022a1",
            "cpu": {},
            "cells": {
              "1": {
                "dl_bitrate": 0,
                "ul_bitrate": 0,
                "dl_tx": 0,
                "ul_tx": 0,
                "dl_err": 0,
                "ul_err": 0,
                "dl_retx": 0,
                "ul_retx": 0,
                "dl_use_min": 0,
                "dl_use_max": 0.14,
                "dl_use_avg": 0.008,
                "dl_data_use_min": 0,
                "dl_data_use_max": 0,
                "dl_data_use_avg": 0,
                "ul_use_min": 0.12,
                "ul_use_max": 0.24,
                "ul_use_avg": 0.132,
                "ul_data_use_min": 0,
                "ul_data_use_max": 0,
                "ul_data_use_avg": 0,
                "ctrl_use_min": 0,
                "ctrl_use_max": 0.5,
                "ctrl_use_avg": 0.04,
                "dl_sched_users_min": 0,
                "dl_sched_users_max": 0,
                "dl_sched_users_avg": 0,
                "ul_sched_users_min": 0,
                "ul_sched_users_max": 0,
                "ul_sched_users_avg": 0,
                "ue_count_min": 0,
                "ue_count_max": 0,
                "ue_count_avg": 0,
                "ue_active_count_min": 0,
                "ue_active_count_max": 0,
                "ue_active_count_avg": 0,
                "ue_inactive_count_min": 0,
                "ue_inactive_count_max": 0,
                "ue_inactive_count_avg": 0,
                "erab_count_min": 0,
                "erab_count_max": 0,
                "erab_count_avg": 0,
                "dl_gbr_use_min": 0,
                "dl_gbr_use_max": 0,
                "dl_gbr_use_avg": 0,
                "ul_gbr_use_min": 0,
                "ul_gbr_use_max": 0,
                "ul_gbr_use_avg": 0,
                "counters": {
                  "messages": {},
                  "errors": {}
                }
              }
            },
            "rf_ports": {
              "0": {
                "rxtx_delay": {
                  "min": 2.532,
                  "max": 3.594,
                  "avg": 3.069,
                  "sd": 0.264
                }
              }
            },
            "counters": {
              "messages": {
                "s1_setup_request": 1,
                "s1_setup_response": 1
              },
              "errors": {}
            },
            "duration": 0.4,
            "time": 50.621,
            "utc": 1784685290.078
          }
        },
        "ping": {},
        "ready_now": false,
        "ready_stable_elapsed_sec": 0.0,
        "ready_stable_required_sec": 5.0,
        "ues": [],
        "error": null
      },
      {
        "elapsed_sec": 80.8,
        "success": true,
        "connected": false,
        "connection_basis": null,
        "selected_ip": null,
        "source": "no_ue_ip",
        "data_ue_ip": null,
        "data_ip_source": "not_available",
        "phy_rate": {
          "success": true,
          "cells": [
            {
              "cell_id": "1",
              "dl_bitrate_bps": 0,
              "ul_bitrate_bps": 0,
              "dl_bitrate_mbps": 0.0,
              "ul_bitrate_mbps": 0.0,
              "active": false
            }
          ],
          "total_dl_bitrate_bps": 0,
          "total_ul_bitrate_bps": 0,
          "total_dl_bitrate_mbps": 0.0,
          "total_ul_bitrate_mbps": 0.0,
          "active_cell_count": 0,
          "command": "cd /root/enb && ./ws.js 192.168.1.80:9001 '{\"message\":\"stats\"}'",
          "payload": {
            "message": "stats",
            "message_id": "id#1",
            "instance_id": "6a6022a1",
            "cpu": {},
            "cells": {
              "1": {
                "dl_bitrate": 0,
                "ul_bitrate": 0,
                "dl_tx": 0,
                "ul_tx": 0,
                "dl_err": 0,
                "ul_err": 0,
                "dl_retx": 0,
                "ul_retx": 0,
                "dl_use_min": 0,
                "dl_use_max": 0.14,
                "dl_use_avg": 0.008,
                "dl_data_use_min": 0,
                "dl_data_use_max": 0,
                "dl_data_use_avg": 0,
                "ul_use_min": 0.12,
                "ul_use_max": 0.24,
                "ul_use_avg": 0.132,
                "ul_data_use_min": 0,
                "ul_data_use_max": 0,
                "ul_data_use_avg": 0,
                "ctrl_use_min": 0,
                "ctrl_use_max": 0.5,
                "ctrl_use_avg": 0.04,
                "dl_sched_users_min": 0,
                "dl_sched_users_max": 0,
                "dl_sched_users_avg": 0,
                "ul_sched_users_min": 0,
                "ul_sched_users_max": 0,
                "ul_sched_users_avg": 0,
                "ue_count_min": 0,
                "ue_count_max": 0,
                "ue_count_avg": 0,
                "ue_active_count_min": 0,
                "ue_active_count_max": 0,
                "ue_active_count_avg": 0,
                "ue_inactive_count_min": 0,
                "ue_inactive_count_max": 0,
                "ue_inactive_count_avg": 0,
                "erab_count_min": 0,
                "erab_count_max": 0,
                "erab_count_avg": 0,
                "dl_gbr_use_min": 0,
                "dl_gbr_use_max": 0,
                "dl_gbr_use_avg": 0,
                "ul_gbr_use_min": 0,
                "ul_gbr_use_max": 0,
                "ul_gbr_use_avg": 0,
                "counters": {
                  "messages": {},
                  "errors": {}
                }
              }
            },
            "rf_ports": {
              "0": {
                "rxtx_delay": {
                  "min": 2.532,
                  "max": 3.527,
                  "avg": 3.069,
                  "sd": 0.264
                }
              }
            },
            "counters": {
              "messages": {
                "s1_setup_request": 1,
                "s1_setup_response": 1
              },
              "errors": {}
            },
            "duration": 0.4,
            "time": 55.899,
            "utc": 1784685295.351
          }
        },
        "ping": {},
        "ready_now": false,
        "ready_stable_elapsed_sec": 0.0,
        "ready_stable_required_sec": 5.0,
        "ues": [],
        "error": null
      },
      {
        "elapsed_sec": 85.7,
        "success": true,
        "connected": true,
        "connection_basis": "phy_rate",
        "selected_ip": "192.168.2.2",
        "source": "only_ue_ip_fallback",
        "data_ue_ip": "192.168.2.2",
        "data_ip_source": "only_ue_ip_fallback",
        "phy_rate": {
          "success": true,
          "cells": [
            {
              "cell_id": "1",
              "dl_bitrate_bps": 62627520,
              "ul_bitrate_bps": 8757240,
              "dl_bitrate_mbps": 62.628,
              "ul_bitrate_mbps": 8.757,
              "active": true
            }
          ],
          "total_dl_bitrate_bps": 62627520,
          "total_ul_bitrate_bps": 8757240,
          "total_dl_bitrate_mbps": 62.628,
          "total_ul_bitrate_mbps": 8.757,
          "active_cell_count": 1,
          "command": "cd /root/enb && ./ws.js 192.168.1.80:9001 '{\"message\":\"stats\"}'",
          "payload": {
            "message": "stats",
            "message_id": "id#1",
            "instance_id": "6a6022a1",
            "cpu": {},
            "cells": {
              "1": {
                "dl_bitrate": 62627520,
                "ul_bitrate": 8757240,
                "dl_tx": 800,
                "ul_tx": 351,
                "dl_err": 0,
                "ul_err": 0,
                "dl_retx": 0,
                "ul_retx": 40,
                "dl_use_min": 0.96,
                "dl_use_max": 1,
                "dl_use_avg": 0.998,
                "dl_data_use_min": 0.82,
                "dl_data_use_max": 1,
                "dl_data_use_avg": 0.991,
                "ul_use_min": 0.24,
                "ul_use_max": 0.96,
                "ul_use_avg": 0.908,
                "ul_data_use_min": 0,
                "ul_data_use_max": 0.8,
                "ul_data_use_avg": 0.714,
                "ctrl_use_min": 0.211,
                "ctrl_use_max": 0.421,
                "ctrl_use_avg": 0.394,
                "dl_sched_users_min": 1,
                "dl_sched_users_max": 1,
                "dl_sched_users_avg": 1,
                "ul_sched_users_min": 0,
                "ul_sched_users_max": 1,
                "ul_sched_users_avg": 0.9,
                "ue_count_min": 1,
                "ue_count_max": 1,
                "ue_count_avg": 1,
                "ue_active_count_min": 1,
                "ue_active_count_max": 1,
                "ue_active_count_avg": 1,
                "ue_inactive_count_min": 0,
                "ue_inactive_count_max": 0,
                "ue_inactive_count_avg": 0,
                "erab_count_min": 1,
                "erab_count_max": 1,
                "erab_count_avg": 1,
                "dl_gbr_use_min": 0,
                "dl_gbr_use_max": 0,
                "dl_gbr_use_avg": 0,
                "ul_gbr_use_min": 0,
                "ul_gbr_use_max": 0,
                "ul_gbr_use_avg": 0,
                "counters": {
                  "messages": {
                    "prach": 1,
                    "rrc_connection_request": 1,
                    "rrc_connection_setup": 1,
                    "rrc_connection_setup_complete": 1,
                    "rrc_ul_information_transfer": 3,
                    "rrc_dl_information_transfer": 3,
                    "rrc_security_mode_command": 1,
                    "rrc_security_mode_complete": 1,
                    "rrc_ue_capability_enquiry": 1,
                    "rrc_ue_capability_information": 1,
                    "rrc_connection_reconfiguration": 1,
                    "rrc_connection_reconfiguration_complete": 1
                  },
                  "errors": {}
                }
              }
            },
            "rf_ports": {
              "0": {
                "rxtx_delay": {
                  "min": 2.199,
                  "max": 3.461,
                  "avg": 2.948,
                  "sd": 0.27
                }
              }
            },
            "counters": {
              "messages": {
                "s1_initial_context_setup_request": 1,
                "s1_initial_context_setup_response": 1,
                "s1_downlink_nas_transport": 3,
                "s1_initial_ue_message": 1,
                "s1_uplink_nas_transport": 3,
                "s1_setup_request": 1,
                "s1_setup_response": 1,
                "s1_ue_capability_info_indication": 1
              },
              "errors": {}
            },
            "duration": 0.4,
            "time": 60.801,
            "utc": 1784685300.254
          }
        },
        "ping": {
          "success": true,
          "ip": "192.168.2.2",
          "command": "ping -c 1 -W 2 192.168.2.2",
          "stdout": "PING 192.168.2.2 (192.168.2.2) 56(84) bytes of data.\n64 bytes from 192.168.2.2: icmp_seq=1 ttl=64 time=11.3 ms\n\n--- 192.168.2.2 ping statistics ---\n1 packets transmitted, 1 received, 0% packet loss, time 0ms\nrtt min/avg/max/mdev = 11.327/11.327/11.327/0.000 ms\n",
          "stderr": "",
          "exit_code": 0
        },
        "ready_now": true,
        "ready_stable_elapsed_sec": 0.0,
        "ready_stable_required_sec": 5.0,
        "ues": [
          {
            "ip": null,
            "imsi": "001010123888888",
            "imei": "8668870400991301",
            "apn": null,
            "enb_ue_id": 1,
            "mme_ue_id": 100,
            "rnti": null
          },
          {
            "ip": "192.168.2.2",
            "imsi": null,
            "imei": null,
            "apn": "TestPLMN",
            "enb_ue_id": null,
            "mme_ue_id": null,
            "rnti": null
          }
        ],
        "error": null
      },
      {
        "elapsed_sec": 91.0,
        "success": true,
        "connected": true,
        "connection_basis": "phy_rate",
        "selected_ip": "192.168.2.2",
        "source": "only_ue_ip_fallback",
        "data_ue_ip": "192.168.2.2",
        "data_ip_source": "only_ue_ip_fallback",
        "phy_rate": {
          "success": true,
          "cells": [
            {
              "cell_id": "1",
              "dl_bitrate_bps": 62623480,
              "ul_bitrate_bps": 8655720,
              "dl_bitrate_mbps": 62.623,
              "ul_bitrate_mbps": 8.656,
              "active": true
            }
          ],
          "total_dl_bitrate_bps": 62623480,
          "total_ul_bitrate_bps": 8655720,
          "total_dl_bitrate_mbps": 62.623,
          "total_ul_bitrate_mbps": 8.656,
          "active_cell_count": 1,
          "command": "cd /root/enb && ./ws.js 192.168.1.80:9001 '{\"message\":\"stats\"}'",
          "payload": {
            "message": "stats",
            "message_id": "id#1",
            "instance_id": "6a6022a1",
            "cpu": {},
            "cells": {
              "1": {
                "dl_bitrate": 62623480,
                "ul_bitrate": 8655720,
                "dl_tx": 800,
                "ul_tx": 356,
                "dl_err": 0,
                "ul_err": 0,
                "dl_retx": 0,
                "ul_retx": 37,
                "dl_use_min": 0.96,
                "dl_use_max": 1,
                "dl_use_avg": 0.998,
                "dl_data_use_min": 0.82,
                "dl_data_use_max": 1,
                "dl_data_use_avg": 0.991,
                "ul_use_min": 0.24,
                "ul_use_max": 0.96,
                "ul_use_avg": 0.911,
                "ul_data_use_min": 0,
                "ul_data_use_max": 0.8,
                "ul_data_use_avg": 0.719,
                "ctrl_use_min": 0.211,
                "ctrl_use_max": 0.421,
                "ctrl_use_avg": 0.396,
                "dl_sched_users_min": 1,
                "dl_sched_users_max": 1,
                "dl_sched_users_avg": 1,
                "ul_sched_users_min": 0,
                "ul_sched_users_max": 1,
                "ul_sched_users_avg": 0.907,
                "ue_count_min": 1,
                "ue_count_max": 1,
                "ue_count_avg": 1,
                "ue_active_count_min": 1,
                "ue_active_count_max": 1,
                "ue_active_count_avg": 1,
                "ue_inactive_count_min": 0,
                "ue_inactive_count_max": 0,
                "ue_inactive_count_avg": 0,
                "erab_count_min": 1,
                "erab_count_max": 1,
                "erab_count_avg": 1,
                "dl_gbr_use_min": 0,
                "dl_gbr_use_max": 0,
                "dl_gbr_use_avg": 0,
                "ul_gbr_use_min": 0,
                "ul_gbr_use_max": 0,
                "ul_gbr_use_avg": 0,
                "counters": {
                  "messages": {
                    "prach": 1,
                    "rrc_connection_request": 1,
                    "rrc_connection_setup": 1,
                    "rrc_connection_setup_complete": 1,
                    "rrc_ul_information_transfer": 3,
                    "rrc_dl_information_transfer": 3,
                    "rrc_security_mode_command": 1,
                    "rrc_security_mode_complete": 1,
                    "rrc_ue_capability_enquiry": 1,
                    "rrc_ue_capability_information": 1,
                    "rrc_connection_reconfiguration": 1,
                    "rrc_connection_reconfiguration_complete": 1
                  },
                  "errors": {}
                }
              }
            },
            "rf_ports": {
              "0": {
                "rxtx_delay": {
                  "min": 2.199,
                  "max": 3.461,
                  "avg": 2.952,
                  "sd": 0.271
                }
              }
            },
            "counters": {
              "messages": {
                "s1_initial_context_setup_request": 1,
                "s1_initial_context_setup_response": 1,
                "s1_downlink_nas_transport": 3,
                "s1_initial_ue_message": 1,
                "s1_uplink_nas_transport": 3,
                "s1_setup_request": 1,
                "s1_setup_response": 1,
                "s1_ue_capability_info_indication": 1
              },
              "errors": {}
            },
            "duration": 0.4,
            "time": 66.036,
            "utc": 1784685305.489
          }
        },
        "ping": {
          "success": true,
          "ip": "192.168.2.2",
          "command": "ping -c 1 -W 2 192.168.2.2",
          "stdout": "PING 192.168.2.2 (192.168.2.2) 56(84) bytes of data.\n64 bytes from 192.168.2.2: icmp_seq=1 ttl=64 time=12.4 ms\n\n--- 192.168.2.2 ping statistics ---\n1 packets transmitted, 1 received, 0% packet loss, time 0ms\nrtt min/avg/max/mdev = 12.428/12.428/12.428/0.000 ms\n",
          "stderr": "",
          "exit_code": 0
        },
        "ready_now": true,
        "ready_stable_elapsed_sec": 5.2,
        "ready_stable_required_sec": 5.0,
        "ues": [
          {
            "ip": null,
            "imsi": "001010123888888",
            "imei": "8668870400991301",
            "apn": null,
            "enb_ue_id": 1,
            "mme_ue_id": 100,
            "rnti": null
          },
          {
            "ip": "192.168.2.2",
            "imsi": null,
            "imei": null,
            "apn": "TestPLMN",
            "enb_ue_id": null,
            "mme_ue_id": null,
            "rnti": null
          }
        ],
        "error": null
      }
    ],
    "band_result": {
      "success": true,
      "tool": "amarisoft.set_band",
      "human_summary": "PASS｜LTE Band 設定完成\n\n【Band】\nCell：1\nBand：B5\n頻寬：10.0 MHz\nDL EARFCN：2525\n\n【Connection】\nLTE Service：Stable\nUE 連線：未連線\n判定依據：N/A\nUE Data IP：等待資料 APN\nIP 來源：not_available\nPHY DL：N/A Mbps\nPHY UL：N/A Mbps\n\n【Timing】\nLTE Service 穩定：2.1 秒\n\n結果：PASS",
      "machine_result": {
        "success": true,
        "stage_success": {
          "config_generated": true,
          "uploaded": true,
          "lte_service_stable": true,
          "remote_config_verified": true,
          "ue_connected": false
        },
        "modifier": {
          "success": true,
          "input_cfg": "D:\\NetworkAutomation\\plugins\\amarisoft\\AutoConfig.cfg",
          "output_cfg": "D:\\NetworkAutomation\\generated\\AutoConfig_LTE_B5_Cell1.cfg",
          "cell": 1,
          "band": 5,
          "mode": "FDD",
          "dl_earfcn": 2525,
          "bandwidth_mhz": 10.0,
          "rb_dl": 50,
          "changes": [
            {
              "key": "LTE_Cell_1_EARFCN_DL",
              "old": "2525",
              "new": "2525"
            },
            {
              "key": "LTE_Cell_1_RB_DL",
              "old": "50",
              "new": "50"
            },
            {
              "key": "LTE_TDD_Cell_1",
              "old": "0",
              "new": "0"
            }
          ]
        },
        "generated_cfg": "D:\\NetworkAutomation\\generated\\AutoConfig_LTE_B5_Cell1.cfg",
        "dry_run": false,
        "backup": {
          "success": true,
          "stdout": "",
          "stderr": ""
        },
        "upload": {
          "success": true,
          "local_path": "D:\\NetworkAutomation\\generated\\AutoConfig_LTE_B5_Cell1.cfg",
          "remote_path": "/root/enb/config/AutoConfig.cfg"
        },
        "restart": {
          "success": true,
          "commands": [
            {
              "success": true,
              "command": "cd /root/enb/config && ln -sfn AutoConfig.cfg enb.cfg",
              "exit_code": 0,
              "stdout": "",
              "stderr": ""
            },
            {
              "success": true,
              "command": "service lte restart",
              "exit_code": 0,
              "stdout": "",
              "stderr": "Redirecting to /bin/systemctl restart lte.service\n"
            }
          ]
        },
        "lte_service": {
          "success": true,
          "elapsed_sec": 2.1,
          "attempts": [
            {
              "elapsed_sec": 0.0,
              "running": true,
              "consecutive_success": 1
            },
            {
              "elapsed_sec": 2.1,
              "running": true,
              "consecutive_success": 2
            }
          ]
        },
        "config_verify": {
          "success": true,
          "command": "grep -E '^#define LTE_Cell_1_(EARFCN_DL|RB_DL)' /root/enb/config/AutoConfig.cfg",
          "earfcn_ok": true,
          "rb_ok": true,
          "stdout": "#define LTE_Cell_1_RB_DL 50\r\n#define LTE_Cell_1_EARFCN_DL 2525\r\n",
          "stderr": ""
        },
        "connection": {
          "success": true,
          "connected": false,
          "skipped": true,
          "message": "�w���L UE �s�u���ݡC"
        },
        "state": {
          "mode": "LTE",
          "cell": 1,
          "band": 5,
          "bandwidth_mhz": 10.0,
          "dl_earfcn": 2525,
          "rb_dl": 50,
          "service_stable": true,
          "remote_config_verified": true,
          "ue_connected": false,
          "connection_basis": null,
          "phy_rate": null,
          "ue": null,
          "data_ue_ip": null,
          "data_ip_source": null
        },
        "message": "Band ���������GCell1, B5, 10.0MHz�FLTE service í�w�B���� config ���T�BUE �w�s�u�FPHY DL=0 Mbps�APHY UL=0 Mbps�C",
        "returncode": 0
      },
      "schema_version": "1.0",
      "timestamp": "2026-07-22T10:01:35+08:00",
      "result_file": null,
      "returncode": 0
    },
    "iperf_results": [
      {
        "direction": "upload",
        "result": {
          "success": false,
          "tool": "iperf.run",
          "human_summary": "FAIL｜iPerf 測試失敗\n\niPerf Server 192.168.2.2:5201 �� Listen�A�B�۰ʱҰʩ|���]�w�C",
          "machine_result": {
            "success": false,
            "error": "RuntimeError",
            "message": "iPerf Server 192.168.2.2:5201 �� Listen�A�B�۰ʱҰʩ|���]�w�C",
            "returncode": 1
          },
          "schema_version": "1.0",
          "timestamp": "2026-07-22T10:03:10+08:00",
          "result_file": null,
          "returncode": 1
        }
      }
    ],
    "message": "Band 已完成，但 upload iPerf 失敗。"
  },
  "schema_version": "1.0",
  "timestamp": "2026-07-22T10:03:10+08:00",
  "result_file": null
}
