2019/8/29 上午 08:17:18：Web_SendMail：至少必須指定下列其中一個參數。"@recipients, @copy_recipients, @blind_copy_recipients"。
2019/8/29 上午 08:17:18：Web_SendMail：至少必須指定下列其中一個參數。"@recipients, @copy_recipients, @blind_copy_recipients"。
2019/8/29 上午 08:17:18：Web_SendMail：至少必須指定下列其中一個參數。"@recipients, @copy_recipients, @blind_copy_recipients"。
2019/8/29 上午 11:43:45：Web_SendMail：至少必須指定下列其中一個參數。"@recipients, @copy_recipients, @blind_copy_recipients"。
2019/8/29 上午 11:43:45：Web_SendMail：至少必須指定下列其中一個參數。"@recipients, @copy_recipients, @blind_copy_recipients"。
2019/8/29 下午 03:09:59：Web_SendMail：至少必須指定下列其中一個參數。"@recipients, @copy_recipients, @blind_copy_recipients"。
2019/8/29 下午 04:32:54：Web_ProjectTask：無效的資料行名稱 'Pass'。
2019/8/29 下午 04:32:54：Web_ProjectTask：無效的資料行名稱 'Pass'。
2019/8/29 下午 04:32:54：Web_ProjectTask：無效的資料行名稱 'Pass'。
2019/8/29 下午 04:32:54：Web_ProjectTask：無效的資料行名稱 'Pass'。
2019/8/29 下午 04:32:54：Web_ProjectTask：無效的資料行名稱 'Pass'。
2019/8/29 下午 04:32:54：Web_ProjectTask：無效的資料行名稱 'Pass'。
2019/8/29 下午 04:32:54：Web_ProjectTask：無效的資料行名稱 'Pass'。
2019/8/29 下午 04:32:54：Web_ProjectTask：無效的資料行名稱 'Pass'。
2019/8/29 下午 04:32:54：Web_ProjectTask：無效的資料行名稱 'Pass'。
2019/8/29 下午 04:32:54：Web_ProjectTask：無效的資料行名稱 'Pass'。
2019/8/29 下午 04:32:54：Web_ProjectTask：無效的資料行名稱 'Pass'。
2019/8/29 下午 04:32:54：Web_ProjectTask：無效的資料行名稱 'Pass'。
2019/8/29 下午 04:32:54：Web_ProjectTask：無效的資料行名稱 'Pass'。
2019/8/29 下午 04:32:54：Web_ProjectTask：無效的資料行名稱 'Pass'。
2019/8/29 下午 04:32:54：Web_ProjectTask：無效的資料行名稱 'Pass'。
2019/8/29 下午 04:32:54：Web_ProjectTask：無效的資料行名稱 'Pass'。
2019/8/29 下午 04:32:54：Web_ProjectTask：無效的資料行名稱 'Pass'。
2019/8/29 下午 04:32:54：Web_ProjectTask：無效的資料行名稱 'Pass'。
2019/8/29 下午 04:32:54：Web_ProjectTask：無效的資料行名稱 'Pass'。
2019/8/29 下午 04:32:54：Web_ProjectTask：無效的資料行名稱 'Pass'。
2019/8/29 下午 04:32:54：Web_ProjectTask：無效的資料行名稱 'Pass'。
2019/8/29 下午 04:32:54：Web_ProjectTask：無效的資料行名稱 'Pass'。
2019/8/29 下午 04:32:54：Web_ProjectTask：無效的資料行名稱 'Pass'。
2019/8/29 下午 04:32:54：Web_ProjectTask：無效的資料行名稱 'Pass'。
2019/8/29 下午 04:32:54：Web_ProjectTask：無效的資料行名稱 'Pass'。
2019/8/29 下午 04:32:54：Web_ProjectTask：無效的資料行名稱 'Pass'。
2019/8/29 下午 04:32:54：Web_ProjectTask：無效的資料行名稱 'Pass'。
2019/8/29 下午 04:32:54：Web_ProjectTask：無效的資料行名稱 'Pass'。
2019/8/29 下午 04:32:54：Web_ProjectTask：無效的資料行名稱 'Pass'。
2019/8/29 下午 04:32:54：Web_ProjectTask：無效的資料行名稱 'Pass'。
2019/8/29 下午 04:32:54：Web_ProjectTask：無效的資料行名稱 'Pass'。
2019/8/29 下午 04:32:54：Web_ProjectTask：無效的資料行名稱 'Pass'。
2019/8/29 下午 04:32:54：Web_ProjectTask：無效的資料行名稱 'Pass'。
2019/8/29 下午 04:32:54：Web_ProjectTask：無效的資料行名稱 'Pass'。
2019/8/29 下午 04:32:54：Web_ProjectTask：無效的資料行名稱 'Pass'。
2019/8/29 下午 04:32:54：Web_ProjectTask：無效的資料行名稱 'Pass'。
2019/8/29 下午 04:32:54：Web_ProjectTask：無效的資料行名稱 'Pass'。
2019/8/29 下午 04:32:54：Web_ProjectTask：無效的資料行名稱 'Pass'。
2019/8/29 下午 04:32:54：Web_ProjectTask：無效的資料行名稱 'Pass'。
2019/8/29 下午 04:32:54：Web_ProjectTask：無效的資料行名稱 'Pass'。
2019/8/29 下午 04:32:54：Web_ProjectTask：無效的資料行名稱 'Pass'。
2019/8/29 下午 04:32:54：Web_ProjectTask：無效的資料行名稱 'Fail'。
2019/8/29 下午 04:32:54：Web_ProjectTask：無效的資料行名稱 'Fail'。
2019/8/29 下午 04:32:54：Web_ProjectTask：無效的資料行名稱 'Fail'。
2019/8/29 下午 04:32:54：Web_ProjectTask：無效的資料行名稱 'Fail'。
2019/8/29 下午 04:38:47：Web_SendMail：至少必須指定下列其中一個參數。"@recipients, @copy_recipients, @blind_copy_recipients"。
2019/8/29 下午 05:51:56：Web_ApparatusReservation：字串或二進位資料會被截斷。
陳述式已經結束。
2019/8/29 下午 05:52:08：Web_ApparatusReservation：字串或二進位資料會被截斷。
陳述式已經結束。
2019/8/29 下午 05:52:25：Web_ApparatusReservation：字串或二進位資料會被截斷。
陳述式已經結束。
2019/8/29 下午 05:52:37：Web_ApparatusReservation：字串或二進位資料會被截斷。
陳述式已經結束。
