2019/9/16 上午 10:29:44：Web_InsertUploadFile：接近 's' 之處的語法不正確。
遺漏字元字串 ')' 後面的引號。
2019/9/16 上午 11:01:17：Web_SendMail：至少必須指定下列其中一個參數。"@recipients, @copy_recipients, @blind_copy_recipients"。
2019/9/16 上午 11:01:17：Web_SendMail：至少必須指定下列其中一個參數。"@recipients, @copy_recipients, @blind_copy_recipients"。
2019/9/16 上午 11:01:53：Web_SendMail：至少必須指定下列其中一個參數。"@recipients, @copy_recipients, @blind_copy_recipients"。
2019/9/16 上午 11:01:53：Web_SendMail：至少必須指定下列其中一個參數。"@recipients, @copy_recipients, @blind_copy_recipients"。
2019/9/16 上午 11:51:46：Web_SendMail：至少必須指定下列其中一個參數。"@recipients, @copy_recipients, @blind_copy_recipients"。
2019/9/16 上午 11:52:17：Web_SendMail：至少必須指定下列其中一個參數。"@recipients, @copy_recipients, @blind_copy_recipients"。
2019/9/16 下午 02:06:57：Web_SendMail：至少必須指定下列其中一個參數。"@recipients, @copy_recipients, @blind_copy_recipients"。
2019/9/16 下午 04:33:02：Web_SendMail：至少必須指定下列其中一個參數。"@recipients, @copy_recipients, @blind_copy_recipients"。
2019/9/16 下午 04:33:20：Web_ProjectTask：無效的資料行名稱 'Pass'。
2019/9/16 下午 04:33:20：Web_ProjectTask：無效的資料行名稱 'Pass'。
2019/9/16 下午 04:33:20：Web_ProjectTask：無效的資料行名稱 'Pass'。
2019/9/16 下午 04:33:20：Web_ProjectTask：無效的資料行名稱 'Pass'。
2019/9/16 下午 04:33:20：Web_ProjectTask：無效的資料行名稱 'Pass'。
2019/9/16 下午 04:33:20：Web_ProjectTask：無效的資料行名稱 'Pass'。
2019/9/16 下午 04:33:20：Web_ProjectTask：無效的資料行名稱 'Pass'。
2019/9/16 下午 04:33:20：Web_ProjectTask：無效的資料行名稱 'Pass'。
2019/9/16 下午 04:33:20：Web_ProjectTask：無效的資料行名稱 'Pass'。
2019/9/16 下午 04:33:20：Web_ProjectTask：無效的資料行名稱 'Pass'。
2019/9/16 下午 04:33:20：Web_ProjectTask：無效的資料行名稱 'Pass'。
2019/9/16 下午 04:33:20：Web_ProjectTask：無效的資料行名稱 'Pass'。
2019/9/16 下午 04:33:20：Web_ProjectTask：無效的資料行名稱 'Pass'。
2019/9/16 下午 04:33:20：Web_ProjectTask：無效的資料行名稱 'Pass'。
2019/9/16 下午 04:33:20：Web_ProjectTask：無效的資料行名稱 'Pass'。
2019/9/16 下午 04:33:20：Web_ProjectTask：無效的資料行名稱 'Pass'。
2019/9/16 下午 04:33:20：Web_ProjectTask：無效的資料行名稱 'Pass'。
2019/9/16 下午 04:33:20：Web_ProjectTask：無效的資料行名稱 'Pass'。
2019/9/16 下午 04:33:20：Web_ProjectTask：無效的資料行名稱 'Pass'。
2019/9/16 下午 04:33:20：Web_ProjectTask：無效的資料行名稱 'Pass'。
2019/9/16 下午 04:33:20：Web_ProjectTask：無效的資料行名稱 'Pass'。
2019/9/16 下午 04:33:20：Web_ProjectTask：無效的資料行名稱 'Pass'。
2019/9/16 下午 04:33:20：Web_ProjectTask：無效的資料行名稱 'Pass'。
2019/9/16 下午 04:33:20：Web_ProjectTask：無效的資料行名稱 'Pass'。
2019/9/16 下午 04:33:20：Web_ProjectTask：無效的資料行名稱 'Pass'。
2019/9/16 下午 04:33:20：Web_ProjectTask：無效的資料行名稱 'Pass'。
2019/9/16 下午 04:33:20：Web_ProjectTask：無效的資料行名稱 'Pass'。
2019/9/16 下午 04:33:20：Web_ProjectTask：無效的資料行名稱 'Pass'。
2019/9/16 下午 04:33:20：Web_ProjectTask：無效的資料行名稱 'Pass'。
2019/9/16 下午 04:33:20：Web_ProjectTask：無效的資料行名稱 'Pass'。
2019/9/16 下午 04:33:20：Web_ProjectTask：無效的資料行名稱 'Pass'。
2019/9/16 下午 04:33:20：Web_ProjectTask：無效的資料行名稱 'Pass'。
2019/9/16 下午 04:33:20：Web_ProjectTask：無效的資料行名稱 'Pass'。
2019/9/16 下午 04:33:20：Web_ProjectTask：無效的資料行名稱 'Pass'。
2019/9/16 下午 04:33:20：Web_ProjectTask：無效的資料行名稱 'Pass'。
2019/9/16 下午 04:33:20：Web_ProjectTask：無效的資料行名稱 'Pass'。
2019/9/16 下午 04:33:20：Web_ProjectTask：無效的資料行名稱 'Pass'。
2019/9/16 下午 04:33:20：Web_ProjectTask：無效的資料行名稱 'Pass'。
2019/9/16 下午 04:33:20：Web_ProjectTask：無效的資料行名稱 'Pass'。
2019/9/16 下午 04:33:20：Web_ProjectTask：無效的資料行名稱 'Pass'。
2019/9/16 下午 04:33:20：Web_ProjectTask：無效的資料行名稱 'Pass'。
2019/9/16 下午 04:33:20：Web_ProjectTask：無效的資料行名稱 'Pass'。
2019/9/16 下午 04:33:20：Web_ProjectTask：無效的資料行名稱 'Pass'。
2019/9/16 下午 04:33:20：Web_ProjectTask：無效的資料行名稱 'Pass'。
2019/9/16 下午 04:33:20：Web_ProjectTask：無效的資料行名稱 'Pass'。
2019/9/16 下午 04:33:49：Web_SendMail：至少必須指定下列其中一個參數。"@recipients, @copy_recipients, @blind_copy_recipients"。
2019/9/16 下午 04:35:49：Web_SendMail：至少必須指定下列其中一個參數。"@recipients, @copy_recipients, @blind_copy_recipients"。
