2019/12/18 上午 08:47:27：Web_SendMail：至少必須指定下列其中一個參數。"@recipients, @copy_recipients, @blind_copy_recipients"。
2019/12/18 上午 08:47:27：Web_SendMail：至少必須指定下列其中一個參數。"@recipients, @copy_recipients, @blind_copy_recipients"。
2019/12/18 上午 08:56:24：Web_SendMail：至少必須指定下列其中一個參數。"@recipients, @copy_recipients, @blind_copy_recipients"。
2019/12/18 上午 08:56:56：Web_SendMail：至少必須指定下列其中一個參數。"@recipients, @copy_recipients, @blind_copy_recipients"。
2019/12/18 上午 08:56:56：Web_SendMail：至少必須指定下列其中一個參數。"@recipients, @copy_recipients, @blind_copy_recipients"。
2019/12/18 上午 08:57:13：Web_SendMail：至少必須指定下列其中一個參數。"@recipients, @copy_recipients, @blind_copy_recipients"。
2019/12/18 上午 08:59:00：Web_SendMail：至少必須指定下列其中一個參數。"@recipients, @copy_recipients, @blind_copy_recipients"。
2019/12/18 上午 08:59:02：Web_SendMail：至少必須指定下列其中一個參數。"@recipients, @copy_recipients, @blind_copy_recipients"。
2019/12/18 上午 11:26:32：Web_SendMail：至少必須指定下列其中一個參數。"@recipients, @copy_recipients, @blind_copy_recipients"。
2019/12/18 上午 11:26:32：Web_SendMail：至少必須指定下列其中一個參數。"@recipients, @copy_recipients, @blind_copy_recipients"。
2019/12/18 上午 11:27:57：Web_SendMail：至少必須指定下列其中一個參數。"@recipients, @copy_recipients, @blind_copy_recipients"。
2019/12/18 上午 11:27:57：Web_SendMail：至少必須指定下列其中一個參數。"@recipients, @copy_recipients, @blind_copy_recipients"。
2019/12/18 上午 11:29:02：Web_ProjectTask：無效的資料行名稱 'Pass'。
2019/12/18 上午 11:29:02：Web_ProjectTask：無效的資料行名稱 'Pass'。
2019/12/18 上午 11:29:02：Web_ProjectTask：無效的資料行名稱 'Pass'。
2019/12/18 上午 11:29:02：Web_ProjectTask：無效的資料行名稱 'Pass'。
2019/12/18 上午 11:29:02：Web_ProjectTask：無效的資料行名稱 'Pass'。
2019/12/18 上午 11:29:02：Web_ProjectTask：無效的資料行名稱 'Pass'。
2019/12/18 上午 11:29:02：Web_ProjectTask：無效的資料行名稱 'Pass'。
2019/12/18 上午 11:29:02：Web_ProjectTask：無效的資料行名稱 'Pass'。
2019/12/18 上午 11:29:02：Web_ProjectTask：無效的資料行名稱 'Pass'。
2019/12/18 上午 11:29:02：Web_ProjectTask：無效的資料行名稱 'Pass'。
2019/12/18 上午 11:29:02：Web_ProjectTask：無效的資料行名稱 'Pass'。
2019/12/18 上午 11:29:02：Web_ProjectTask：無效的資料行名稱 'Pass'。
2019/12/18 上午 11:29:02：Web_ProjectTask：無效的資料行名稱 'Pass'。
2019/12/18 上午 11:29:02：Web_ProjectTask：無效的資料行名稱 'Pass'。
2019/12/18 上午 11:29:02：Web_ProjectTask：無效的資料行名稱 'Pass'。
2019/12/18 上午 11:29:43：Web_SendMail：至少必須指定下列其中一個參數。"@recipients, @copy_recipients, @blind_copy_recipients"。
2019/12/18 上午 11:29:43：Web_SendMail：至少必須指定下列其中一個參數。"@recipients, @copy_recipients, @blind_copy_recipients"。
2019/12/18 下午 12:00:18：Web_SendMail：至少必須指定下列其中一個參數。"@recipients, @copy_recipients, @blind_copy_recipients"。
2019/12/18 下午 03:45:46：Web_SendMail：至少必須指定下列其中一個參數。"@recipients, @copy_recipients, @blind_copy_recipients"。
2019/12/18 下午 03:45:46：Web_SendMail：至少必須指定下列其中一個參數。"@recipients, @copy_recipients, @blind_copy_recipients"。
2019/12/18 下午 04:08:56：Web_InsertProjectCase：接近 't' 之處的語法不正確。
CREATE、DROP 或 ALTER 陳述式中使用未知的物件類型 'one'。
遺漏字元字串 ',',')' 後面的引號。
2019/12/18 下午 04:10:08：Web_InsertProjectCase：接近 't' 之處的語法不正確。
CREATE、DROP 或 ALTER 陳述式中使用未知的物件類型 'one'。
遺漏字元字串 ',',')' 後面的引號。
2019/12/18 下午 04:41:28：Web_SendMail：至少必須指定下列其中一個參數。"@recipients, @copy_recipients, @blind_copy_recipients"。
2019/12/18 下午 04:42:58：Web_SendMail：至少必須指定下列其中一個參數。"@recipients, @copy_recipients, @blind_copy_recipients"。
2019/12/18 下午 04:43:18：Web_ProjectTask：無效的資料行名稱 'Pass'。
2019/12/18 下午 04:43:18：Web_ProjectTask：無效的資料行名稱 'Pass'。
2019/12/18 下午 04:43:18：Web_ProjectTask：無效的資料行名稱 'Pass'。
2019/12/18 下午 04:43:18：Web_ProjectTask：無效的資料行名稱 'Pass'。
2019/12/18 下午 04:43:18：Web_ProjectTask：無效的資料行名稱 'Pass'。
2019/12/18 下午 04:43:18：Web_ProjectTask：無效的資料行名稱 'Pass'。
2019/12/18 下午 04:43:18：Web_ProjectTask：無效的資料行名稱 'Pass'。
2019/12/18 下午 04:43:18：Web_ProjectTask：無效的資料行名稱 'Pass'。
2019/12/18 下午 04:43:18：Web_ProjectTask：無效的資料行名稱 'Pass'。
2019/12/18 下午 04:43:18：Web_ProjectTask：無效的資料行名稱 'Pass'。
2019/12/18 下午 04:43:18：Web_ProjectTask：無效的資料行名稱 'Pass'。
2019/12/18 下午 04:43:18：Web_ProjectTask：無效的資料行名稱 'Pass'。
2019/12/18 下午 04:43:18：Web_ProjectTask：無效的資料行名稱 'Pass'。
2019/12/18 下午 04:43:18：Web_ProjectTask：無效的資料行名稱 'Pass'。
2019/12/18 下午 04:43:18：Web_ProjectTask：無效的資料行名稱 'Pass'。
2019/12/18 下午 04:43:18：Web_ProjectTask：無效的資料行名稱 'Pass'。
2019/12/18 下午 04:43:18：Web_ProjectTask：無效的資料行名稱 'Pass'。
2019/12/18 下午 04:43:18：Web_ProjectTask：無效的資料行名稱 'Pass'。
2019/12/18 下午 04:43:18：Web_ProjectTask：無效的資料行名稱 'Pass'。
2019/12/18 下午 04:43:18：Web_ProjectTask：無效的資料行名稱 'Pass'。
2019/12/18 下午 04:43:18：Web_ProjectTask：無效的資料行名稱 'Pass'。
2019/12/18 下午 04:43:18：Web_ProjectTask：無效的資料行名稱 'Pass'。
2019/12/18 下午 04:43:18：Web_ProjectTask：無效的資料行名稱 'Pass'。
2019/12/18 下午 04:43:18：Web_ProjectTask：無效的資料行名稱 'Pass'。
2019/12/18 下午 04:43:18：Web_ProjectTask：無效的資料行名稱 'Pass'。
2019/12/18 下午 04:43:18：Web_ProjectTask：無效的資料行名稱 'Pass'。
2019/12/18 下午 04:43:18：Web_ProjectTask：無效的資料行名稱 'Pass'。
2019/12/18 下午 04:43:18：Web_ProjectTask：無效的資料行名稱 'Pass'。
2019/12/18 下午 04:43:19：Web_ProjectTask：無效的資料行名稱 'Pass'。
2019/12/18 下午 04:43:19：Web_ProjectTask：無效的資料行名稱 'Pass'。
2019/12/18 下午 04:43:19：Web_ProjectTask：無效的資料行名稱 'Pass'。
2019/12/18 下午 04:43:19：Web_ProjectTask：無效的資料行名稱 'Pass'。
2019/12/18 下午 04:43:19：Web_ProjectTask：無效的資料行名稱 'Pass'。
2019/12/18 下午 04:43:19：Web_ProjectTask：無效的資料行名稱 'Pass'。
2019/12/18 下午 04:43:19：Web_ProjectTask：無效的資料行名稱 'Fail'。
2019/12/18 下午 04:43:19：Web_ProjectTask：無效的資料行名稱 'Fail'。
2019/12/18 下午 04:43:19：Web_ProjectTask：無效的資料行名稱 'Fail'。
2019/12/18 下午 04:43:19：Web_ProjectTask：無效的資料行名稱 'Pass'。
