2019/5/8 上午 09:53:46：Web_ProjectTask：無效的資料行名稱 'Pass'。
2019/5/8 上午 09:53:46：Web_ProjectTask：無效的資料行名稱 'Pass'。
2019/5/8 上午 09:53:46：Web_ProjectTask：無效的資料行名稱 'Pass'。
2019/5/8 上午 09:53:46：Web_ProjectTask：無效的資料行名稱 'Pass'。
2019/5/8 上午 09:53:46：Web_ProjectTask：無效的資料行名稱 'Pass'。
2019/5/8 上午 09:53:46：Web_ProjectTask：無效的資料行名稱 'Pass'。
2019/5/8 上午 09:53:46：Web_ProjectTask：無效的資料行名稱 'Pass'。
2019/5/8 上午 09:53:46：Web_ProjectTask：無效的資料行名稱 'Pass'。
2019/5/8 上午 09:53:46：Web_ProjectTask：無效的資料行名稱 'Pass'。
2019/5/8 上午 09:53:46：Web_ProjectTask：無效的資料行名稱 'Pass'。
2019/5/8 上午 09:53:46：Web_ProjectTask：無效的資料行名稱 'Pass'。
2019/5/8 上午 09:53:46：Web_ProjectTask：無效的資料行名稱 'Pass'。
2019/5/8 上午 09:53:46：Web_ProjectTask：無效的資料行名稱 'Pass'。
2019/5/8 上午 09:53:46：Web_ProjectTask：無效的資料行名稱 'Pass'。
2019/5/8 上午 09:53:46：Web_ProjectTask：無效的資料行名稱 'Pass'。
2019/5/8 上午 09:53:46：Web_ProjectTask：無效的資料行名稱 'Pass'。
2019/5/8 上午 09:53:46：Web_ProjectTask：無效的資料行名稱 'Fail'。
2019/5/8 上午 09:53:46：Web_ProjectTask：無效的資料行名稱 'Pass'。
2019/5/8 上午 09:53:46：Web_ProjectTask：無效的資料行名稱 'Pass'。
2019/5/8 上午 09:53:46：Web_ProjectTask：無效的資料行名稱 'Pass'。
2019/5/8 上午 09:53:46：Web_ProjectTask：無效的資料行名稱 'Pass'。
2019/5/8 上午 09:53:46：Web_ProjectTask：無效的資料行名稱 'Pass'。
2019/5/8 上午 09:53:46：Web_ProjectTask：無效的資料行名稱 'Pass'。
2019/5/8 上午 09:53:46：Web_ProjectTask：無效的資料行名稱 'Pass'。
2019/5/8 上午 09:53:46：Web_ProjectTask：無效的資料行名稱 'Pass'。
2019/5/8 上午 09:53:46：Web_ProjectTask：無效的資料行名稱 'Pass'。
2019/5/8 上午 09:53:46：Web_ProjectTask：無效的資料行名稱 'Pass'。
2019/5/8 上午 09:53:46：Web_ProjectTask：無效的資料行名稱 'Pass'。
2019/5/8 上午 09:53:46：Web_ProjectTask：無效的資料行名稱 'Pass'。
2019/5/8 上午 09:53:46：Web_ProjectTask：無效的資料行名稱 'Pass'。
2019/5/8 上午 09:53:46：Web_ProjectTask：無效的資料行名稱 'Pass'。
2019/5/8 上午 09:53:46：Web_ProjectTask：無效的資料行名稱 'Pass'。
2019/5/8 上午 09:53:46：Web_ProjectTask：無效的資料行名稱 'Pass'。
2019/5/8 上午 09:53:46：Web_ProjectTask：無效的資料行名稱 'Pass'。
2019/5/8 上午 09:53:46：Web_ProjectTask：無效的資料行名稱 'Pass'。
2019/5/8 上午 09:53:46：Web_ProjectTask：無效的資料行名稱 'Pass'。
2019/5/8 上午 09:53:46：Web_ProjectTask：無效的資料行名稱 'Fail'。
2019/5/8 上午 09:53:46：Web_ProjectTask：無效的資料行名稱 'Pass'。
2019/5/8 上午 09:53:46：Web_ProjectTask：無效的資料行名稱 'Pass'。
2019/5/8 上午 09:53:46：Web_ProjectTask：無效的資料行名稱 'Pass'。
2019/5/8 上午 09:53:46：Web_ProjectTask：無效的資料行名稱 'Pass'。
2019/5/8 上午 09:53:46：Web_ProjectTask：無效的資料行名稱 'Pass'。
2019/5/8 上午 09:53:46：Web_ProjectTask：無效的資料行名稱 'Pass'。
2019/5/8 上午 09:53:46：Web_ProjectTask：無效的資料行名稱 'Pass'。
2019/5/8 上午 09:53:46：Web_ProjectTask：無效的資料行名稱 'Fail'。
2019/5/8 上午 09:53:46：Web_ProjectTask：無效的資料行名稱 'Fail'。
2019/5/8 上午 09:53:46：Web_ProjectTask：無效的資料行名稱 'Fail'。
2019/5/8 上午 09:53:46：Web_ProjectTask：無效的資料行名稱 'Fail'。
2019/5/8 上午 09:53:46：Web_ProjectTask：無效的資料行名稱 'Fail'。
2019/5/8 上午 09:53:46：Web_ProjectTask：無效的資料行名稱 'Fail'。
2019/5/8 上午 09:53:46：Web_ProjectTask：無效的資料行名稱 'Fail'。
2019/5/8 上午 09:53:46：Web_ProjectTask：無效的資料行名稱 'Fail'。
2019/5/8 上午 09:53:46：Web_ProjectTask：無效的資料行名稱 'Fail'。
2019/5/8 上午 09:53:46：Web_ProjectTask：無效的資料行名稱 'Pass'。
2019/5/8 上午 09:53:46：Web_ProjectTask：無效的資料行名稱 'Fail'。
2019/5/8 上午 09:53:46：Web_ProjectTask：無效的資料行名稱 'Fail'。
2019/5/8 上午 09:53:46：Web_ProjectTask：無效的資料行名稱 'Pass'。
2019/5/8 上午 09:53:46：Web_ProjectTask：無效的資料行名稱 'Pass'。
2019/5/8 上午 09:53:46：Web_ProjectTask：無效的資料行名稱 'Fail'。
2019/5/8 上午 09:53:46：Web_ProjectTask：無效的資料行名稱 'Fail'。
2019/5/8 上午 09:54:24：Web_SendMail：至少必須指定下列其中一個參數。"@recipients, @copy_recipients, @blind_copy_recipients"。
2019/5/8 上午 09:54:24：Web_SendMail：至少必須指定下列其中一個參數。"@recipients, @copy_recipients, @blind_copy_recipients"。
2019/5/8 上午 11:08:40：Web_SendMail：至少必須指定下列其中一個參數。"@recipients, @copy_recipients, @blind_copy_recipients"。
2019/5/8 上午 11:09:01：Web_SendMail：至少必須指定下列其中一個參數。"@recipients, @copy_recipients, @blind_copy_recipients"。
2019/5/8 上午 11:09:31：Web_SendMail：至少必須指定下列其中一個參數。"@recipients, @copy_recipients, @blind_copy_recipients"。
2019/5/8 上午 11:09:51：Web_SendMail：至少必須指定下列其中一個參數。"@recipients, @copy_recipients, @blind_copy_recipients"。
2019/5/8 下午 12:00:21：Web_SendMail：至少必須指定下列其中一個參數。"@recipients, @copy_recipients, @blind_copy_recipients"。
2019/5/8 下午 01:55:01：Web_ProjectTask：無效的資料行名稱 'Pass'。
2019/5/8 下午 01:55:01：Web_ProjectTask：無效的資料行名稱 'Pass'。
2019/5/8 下午 01:55:01：Web_ProjectTask：無效的資料行名稱 'Pass'。
2019/5/8 下午 01:55:01：Web_ProjectTask：無效的資料行名稱 'Pass'。
2019/5/8 下午 01:55:01：Web_ProjectTask：無效的資料行名稱 'Pass'。
2019/5/8 下午 01:55:01：Web_ProjectTask：無效的資料行名稱 'Pass'。
2019/5/8 下午 01:55:01：Web_ProjectTask：無效的資料行名稱 'Pass'。
2019/5/8 下午 01:55:01：Web_ProjectTask：無效的資料行名稱 'Pass'。
2019/5/8 下午 01:55:01：Web_ProjectTask：無效的資料行名稱 'Pass'。
2019/5/8 下午 01:55:01：Web_ProjectTask：無效的資料行名稱 'Pass'。
2019/5/8 下午 01:55:01：Web_ProjectTask：無效的資料行名稱 'Pass'。
2019/5/8 下午 01:55:01：Web_ProjectTask：無效的資料行名稱 'Pass'。
2019/5/8 下午 01:55:01：Web_ProjectTask：無效的資料行名稱 'Pass'。
2019/5/8 下午 01:55:01：Web_ProjectTask：無效的資料行名稱 'Pass'。
2019/5/8 下午 01:55:01：Web_ProjectTask：無效的資料行名稱 'Pass'。
2019/5/8 下午 01:55:01：Web_ProjectTask：無效的資料行名稱 'Pass'。
2019/5/8 下午 01:55:01：Web_ProjectTask：無效的資料行名稱 'Pass'。
2019/5/8 下午 01:55:01：Web_ProjectTask：無效的資料行名稱 'Pass'。
2019/5/8 下午 01:55:01：Web_ProjectTask：無效的資料行名稱 'Pass'。
2019/5/8 下午 01:55:01：Web_ProjectTask：無效的資料行名稱 'Pass'。
2019/5/8 下午 01:55:01：Web_ProjectTask：無效的資料行名稱 'Pass'。
2019/5/8 下午 01:55:01：Web_ProjectTask：無效的資料行名稱 'Pass'。
2019/5/8 下午 01:55:01：Web_ProjectTask：無效的資料行名稱 'Pass'。
2019/5/8 下午 01:55:01：Web_ProjectTask：無效的資料行名稱 'Pass'。
2019/5/8 下午 01:55:01：Web_ProjectTask：無效的資料行名稱 'Pass'。
2019/5/8 下午 01:55:01：Web_ProjectTask：無效的資料行名稱 'Pass'。
2019/5/8 下午 01:55:01：Web_ProjectTask：無效的資料行名稱 'Pass'。
2019/5/8 下午 01:55:01：Web_ProjectTask：無效的資料行名稱 'Pass'。
2019/5/8 下午 01:55:01：Web_ProjectTask：無效的資料行名稱 'Pass'。
2019/5/8 下午 01:55:01：Web_ProjectTask：無效的資料行名稱 'Pass'。
2019/5/8 下午 01:55:01：Web_ProjectTask：無效的資料行名稱 'Pass'。
2019/5/8 下午 01:55:01：Web_ProjectTask：無效的資料行名稱 'Pass'。
2019/5/8 下午 01:55:01：Web_ProjectTask：無效的資料行名稱 'Pass'。
2019/5/8 下午 01:55:01：Web_ProjectTask：無效的資料行名稱 'Pass'。
2019/5/8 下午 01:55:01：Web_ProjectTask：無效的資料行名稱 'Pass'。
2019/5/8 下午 01:55:01：Web_ProjectTask：無效的資料行名稱 'Pass'。
2019/5/8 下午 01:55:01：Web_ProjectTask：無效的資料行名稱 'Pass'。
2019/5/8 下午 01:55:01：Web_ProjectTask：無效的資料行名稱 'Pass'。
2019/5/8 下午 01:55:01：Web_ProjectTask：無效的資料行名稱 'Pass'。
2019/5/8 下午 01:55:01：Web_ProjectTask：無效的資料行名稱 'Pass'。
2019/5/8 下午 01:55:01：Web_ProjectTask：無效的資料行名稱 'Pass'。
2019/5/8 下午 01:55:01：Web_ProjectTask：無效的資料行名稱 'Pass'。
2019/5/8 下午 01:55:01：Web_ProjectTask：無效的資料行名稱 'Pass'。
2019/5/8 下午 01:55:01：Web_ProjectTask：無效的資料行名稱 'Pass'。
2019/5/8 下午 01:55:30：Web_SendMail：至少必須指定下列其中一個參數。"@recipients, @copy_recipients, @blind_copy_recipients"。
2019/5/8 下午 01:55:30：Web_SendMail：至少必須指定下列其中一個參數。"@recipients, @copy_recipients, @blind_copy_recipients"。
2019/5/8 下午 01:55:30：Web_SendMail：至少必須指定下列其中一個參數。"@recipients, @copy_recipients, @blind_copy_recipients"。
