2019/8/19 上午 08:42:43：Web_SendMail：至少必須指定下列其中一個參數。"@recipients, @copy_recipients, @blind_copy_recipients"。
2019/8/19 上午 09:00:19：Web_SendMail：至少必須指定下列其中一個參數。"@recipients, @copy_recipients, @blind_copy_recipients"。
2019/8/19 上午 09:01:37：Web_SendMail：至少必須指定下列其中一個參數。"@recipients, @copy_recipients, @blind_copy_recipients"。
2019/8/19 上午 11:03:04：Web_SendMail：至少必須指定下列其中一個參數。"@recipients, @copy_recipients, @blind_copy_recipients"。
2019/8/19 上午 11:03:04：Web_SendMail：至少必須指定下列其中一個參數。"@recipients, @copy_recipients, @blind_copy_recipients"。
2019/8/19 上午 11:03:04：Web_SendMail：至少必須指定下列其中一個參數。"@recipients, @copy_recipients, @blind_copy_recipients"。
2019/8/19 上午 11:04:34：Web_SendMail：至少必須指定下列其中一個參數。"@recipients, @copy_recipients, @blind_copy_recipients"。
2019/8/19 上午 11:04:34：Web_SendMail：至少必須指定下列其中一個參數。"@recipients, @copy_recipients, @blind_copy_recipients"。
2019/8/19 上午 11:05:48：Web_SendMail：至少必須指定下列其中一個參數。"@recipients, @copy_recipients, @blind_copy_recipients"。
2019/8/19 上午 11:05:48：Web_SendMail：至少必須指定下列其中一個參數。"@recipients, @copy_recipients, @blind_copy_recipients"。
2019/8/19 上午 11:06:31：Web_SendMail：至少必須指定下列其中一個參數。"@recipients, @copy_recipients, @blind_copy_recipients"。
2019/8/19 上午 11:06:31：Web_SendMail：至少必須指定下列其中一個參數。"@recipients, @copy_recipients, @blind_copy_recipients"。
2019/8/19 上午 11:06:31：Web_SendMail：至少必須指定下列其中一個參數。"@recipients, @copy_recipients, @blind_copy_recipients"。
2019/8/19 上午 11:07:42：Web_InsertProject：字串或二進位資料會被截斷。
陳述式已經結束。
2019/8/19 上午 11:07:49：Web_SendMail：至少必須指定下列其中一個參數。"@recipients, @copy_recipients, @blind_copy_recipients"。
2019/8/19 上午 11:07:49：Web_SendMail：至少必須指定下列其中一個參數。"@recipients, @copy_recipients, @blind_copy_recipients"。
2019/8/19 上午 11:07:49：Web_SendMail：至少必須指定下列其中一個參數。"@recipients, @copy_recipients, @blind_copy_recipients"。
2019/8/19 上午 11:08:17：Web_SendMail：至少必須指定下列其中一個參數。"@recipients, @copy_recipients, @blind_copy_recipients"。
2019/8/19 上午 11:08:17：Web_SendMail：至少必須指定下列其中一個參數。"@recipients, @copy_recipients, @blind_copy_recipients"。
2019/8/19 上午 11:08:17：Web_SendMail：至少必須指定下列其中一個參數。"@recipients, @copy_recipients, @blind_copy_recipients"。
2019/8/19 上午 11:08:49：Web_SendMail：至少必須指定下列其中一個參數。"@recipients, @copy_recipients, @blind_copy_recipients"。
2019/8/19 上午 11:08:49：Web_SendMail：至少必須指定下列其中一個參數。"@recipients, @copy_recipients, @blind_copy_recipients"。
2019/8/19 上午 11:09:26：Web_SendMail：至少必須指定下列其中一個參數。"@recipients, @copy_recipients, @blind_copy_recipients"。
2019/8/19 上午 11:09:26：Web_SendMail：至少必須指定下列其中一個參數。"@recipients, @copy_recipients, @blind_copy_recipients"。
2019/8/19 上午 11:09:26：Web_SendMail：至少必須指定下列其中一個參數。"@recipients, @copy_recipients, @blind_copy_recipients"。
2019/8/19 上午 11:10:04：Web_SendMail：至少必須指定下列其中一個參數。"@recipients, @copy_recipients, @blind_copy_recipients"。
2019/8/19 上午 11:10:04：Web_SendMail：至少必須指定下列其中一個參數。"@recipients, @copy_recipients, @blind_copy_recipients"。
2019/8/19 上午 11:10:04：Web_SendMail：至少必須指定下列其中一個參數。"@recipients, @copy_recipients, @blind_copy_recipients"。
2019/8/19 上午 11:10:51：Web_SendMail：至少必須指定下列其中一個參數。"@recipients, @copy_recipients, @blind_copy_recipients"。
2019/8/19 上午 11:10:51：Web_SendMail：至少必須指定下列其中一個參數。"@recipients, @copy_recipients, @blind_copy_recipients"。
2019/8/19 上午 11:10:51：Web_SendMail：至少必須指定下列其中一個參數。"@recipients, @copy_recipients, @blind_copy_recipients"。
2019/8/19 上午 11:12:08：Web_InsertProject：字串或二進位資料會被截斷。
陳述式已經結束。
2019/8/19 上午 11:12:32：Web_SendMail：至少必須指定下列其中一個參數。"@recipients, @copy_recipients, @blind_copy_recipients"。
2019/8/19 上午 11:12:32：Web_SendMail：至少必須指定下列其中一個參數。"@recipients, @copy_recipients, @blind_copy_recipients"。
2019/8/19 上午 11:12:32：Web_SendMail：至少必須指定下列其中一個參數。"@recipients, @copy_recipients, @blind_copy_recipients"。
2019/8/19 上午 11:13:03：Web_SendMail：至少必須指定下列其中一個參數。"@recipients, @copy_recipients, @blind_copy_recipients"。
2019/8/19 上午 11:13:03：Web_SendMail：至少必須指定下列其中一個參數。"@recipients, @copy_recipients, @blind_copy_recipients"。
2019/8/19 上午 11:13:03：Web_SendMail：至少必須指定下列其中一個參數。"@recipients, @copy_recipients, @blind_copy_recipients"。
2019/8/19 上午 11:14:16：Web_SendMail：至少必須指定下列其中一個參數。"@recipients, @copy_recipients, @blind_copy_recipients"。
2019/8/19 上午 11:14:16：Web_SendMail：至少必須指定下列其中一個參數。"@recipients, @copy_recipients, @blind_copy_recipients"。
2019/8/19 上午 11:14:55：Web_SendMail：至少必須指定下列其中一個參數。"@recipients, @copy_recipients, @blind_copy_recipients"。
2019/8/19 上午 11:14:55：Web_SendMail：至少必須指定下列其中一個參數。"@recipients, @copy_recipients, @blind_copy_recipients"。
2019/8/19 上午 11:15:04：Web_SendMail：至少必須指定下列其中一個參數。"@recipients, @copy_recipients, @blind_copy_recipients"。
2019/8/19 上午 11:15:04：Web_SendMail：至少必須指定下列其中一個參數。"@recipients, @copy_recipients, @blind_copy_recipients"。
2019/8/19 上午 11:15:16：Web_SendMail：至少必須指定下列其中一個參數。"@recipients, @copy_recipients, @blind_copy_recipients"。
2019/8/19 上午 11:15:32：Web_SendMail：至少必須指定下列其中一個參數。"@recipients, @copy_recipients, @blind_copy_recipients"。
2019/8/19 上午 11:15:32：Web_SendMail：至少必須指定下列其中一個參數。"@recipients, @copy_recipients, @blind_copy_recipients"。
2019/8/19 上午 11:15:32：Web_SendMail：至少必須指定下列其中一個參數。"@recipients, @copy_recipients, @blind_copy_recipients"。
2019/8/19 上午 11:16:04：Web_SendMail：至少必須指定下列其中一個參數。"@recipients, @copy_recipients, @blind_copy_recipients"。
2019/8/19 上午 11:16:04：Web_SendMail：至少必須指定下列其中一個參數。"@recipients, @copy_recipients, @blind_copy_recipients"。
2019/8/19 上午 11:16:04：Web_SendMail：至少必須指定下列其中一個參數。"@recipients, @copy_recipients, @blind_copy_recipients"。
2019/8/19 上午 11:34:36：Web_SendMail：至少必須指定下列其中一個參數。"@recipients, @copy_recipients, @blind_copy_recipients"。
2019/8/19 上午 11:35:04：Web_SendMail：至少必須指定下列其中一個參數。"@recipients, @copy_recipients, @blind_copy_recipients"。
2019/8/19 上午 11:35:25：Web_SendMail：至少必須指定下列其中一個參數。"@recipients, @copy_recipients, @blind_copy_recipients"。
2019/8/19 下午 05:05:54：Web_SendMail：至少必須指定下列其中一個參數。"@recipients, @copy_recipients, @blind_copy_recipients"。
2019/8/19 下午 06:45:47：Web_ProjectTask：無效的資料行名稱 'Pass'。
2019/8/19 下午 06:45:47：Web_ProjectTask：無效的資料行名稱 'Pass'。
2019/8/19 下午 06:45:47：Web_ProjectTask：無效的資料行名稱 'Pass'。
2019/8/19 下午 06:45:47：Web_ProjectTask：無效的資料行名稱 'Pass'。
2019/8/19 下午 06:45:47：Web_ProjectTask：無效的資料行名稱 'Pass'。
2019/8/19 下午 06:45:47：Web_ProjectTask：無效的資料行名稱 'Pass'。
2019/8/19 下午 06:45:47：Web_ProjectTask：無效的資料行名稱 'Pass'。
2019/8/19 下午 06:45:47：Web_ProjectTask：無效的資料行名稱 'Pass'。
2019/8/19 下午 06:45:47：Web_ProjectTask：無效的資料行名稱 'Pass'。
2019/8/19 下午 06:45:47：Web_ProjectTask：無效的資料行名稱 'Pass'。
2019/8/19 下午 06:45:47：Web_ProjectTask：無效的資料行名稱 'Pass'。
2019/8/19 下午 06:45:47：Web_ProjectTask：無效的資料行名稱 'Pass'。
2019/8/19 下午 06:45:47：Web_ProjectTask：無效的資料行名稱 'Pass'。
2019/8/19 下午 06:45:47：Web_ProjectTask：無效的資料行名稱 'Pass'。
2019/8/19 下午 06:45:47：Web_ProjectTask：無效的資料行名稱 'Pass'。
2019/8/19 下午 06:45:47：Web_ProjectTask：無效的資料行名稱 'Pass'。
2019/8/19 下午 06:45:47：Web_ProjectTask：無效的資料行名稱 'Pass'。
2019/8/19 下午 06:45:47：Web_ProjectTask：無效的資料行名稱 'Pass'。
2019/8/19 下午 06:45:47：Web_ProjectTask：無效的資料行名稱 'Pass'。
2019/8/19 下午 06:45:47：Web_ProjectTask：無效的資料行名稱 'Pass'。
2019/8/19 下午 06:45:47：Web_ProjectTask：無效的資料行名稱 'Pass'。
2019/8/19 下午 06:45:47：Web_ProjectTask：無效的資料行名稱 'Pass'。
2019/8/19 下午 06:45:47：Web_ProjectTask：無效的資料行名稱 'Pass'。
2019/8/19 下午 06:45:47：Web_ProjectTask：無效的資料行名稱 'Pass'。
2019/8/19 下午 06:45:47：Web_ProjectTask：無效的資料行名稱 'Pass'。
2019/8/19 下午 06:45:47：Web_ProjectTask：無效的資料行名稱 'Pass'。
2019/8/19 下午 06:45:47：Web_ProjectTask：無效的資料行名稱 'Pass'。
2019/8/19 下午 06:45:47：Web_ProjectTask：無效的資料行名稱 'Pass'。
2019/8/19 下午 06:45:47：Web_ProjectTask：無效的資料行名稱 'Pass'。
2019/8/19 下午 06:45:47：Web_ProjectTask：無效的資料行名稱 'Pass'。
2019/8/19 下午 06:45:47：Web_ProjectTask：無效的資料行名稱 'Pass'。
2019/8/19 下午 06:45:47：Web_ProjectTask：無效的資料行名稱 'Pass'。
2019/8/19 下午 06:45:47：Web_ProjectTask：無效的資料行名稱 'Pass'。
2019/8/19 下午 06:45:47：Web_ProjectTask：無效的資料行名稱 'Pass'。
2019/8/19 下午 06:45:47：Web_ProjectTask：無效的資料行名稱 'Pass'。
2019/8/19 下午 06:45:47：Web_ProjectTask：無效的資料行名稱 'Pass'。
2019/8/19 下午 06:45:47：Web_ProjectTask：無效的資料行名稱 'Pass'。
2019/8/19 下午 06:45:47：Web_ProjectTask：無效的資料行名稱 'Pass'。
2019/8/19 下午 06:45:47：Web_ProjectTask：無效的資料行名稱 'Pass'。
2019/8/19 下午 06:45:47：Web_ProjectTask：無效的資料行名稱 'Pass'。
2019/8/19 下午 06:45:47：Web_ProjectTask：無效的資料行名稱 'Pass'。
2019/8/19 下午 06:45:47：Web_ProjectTask：無效的資料行名稱 'Pass'。
2019/8/19 下午 06:45:47：Web_ProjectTask：無效的資料行名稱 'Pass'。
2019/8/19 下午 06:45:47：Web_ProjectTask：無效的資料行名稱 'Pass'。
2019/8/19 下午 06:45:47：Web_ProjectTask：無效的資料行名稱 'Pass'。
2019/8/19 下午 06:46:39：Web_SendMail：至少必須指定下列其中一個參數。"@recipients, @copy_recipients, @blind_copy_recipients"。
2019/8/19 下午 10:20:33：Web_SendMail：至少必須指定下列其中一個參數。"@recipients, @copy_recipients, @blind_copy_recipients"。
