2019/7/12 上午 09:13:07：Web_SendMail：至少必須指定下列其中一個參數。"@recipients, @copy_recipients, @blind_copy_recipients"。
2019/7/12 上午 11:19:08：Web_SendMail：至少必須指定下列其中一個參數。"@recipients, @copy_recipients, @blind_copy_recipients"。
2019/7/12 上午 11:19:08：Web_SendMail：至少必須指定下列其中一個參數。"@recipients, @copy_recipients, @blind_copy_recipients"。
2019/7/12 上午 11:19:08：Web_SendMail：至少必須指定下列其中一個參數。"@recipients, @copy_recipients, @blind_copy_recipients"。
2019/7/12 下午 01:20:54：Web_SendMail：至少必須指定下列其中一個參數。"@recipients, @copy_recipients, @blind_copy_recipients"。
2019/7/12 下午 02:32:25：Web_ProjectTask：無效的資料行名稱 'Pass'。
2019/7/12 下午 02:32:25：Web_ProjectTask：無效的資料行名稱 'Pass'。
2019/7/12 下午 02:32:25：Web_ProjectTask：無效的資料行名稱 'Pass'。
2019/7/12 下午 02:32:25：Web_ProjectTask：無效的資料行名稱 'Pass'。
2019/7/12 下午 02:32:25：Web_ProjectTask：無效的資料行名稱 'Pass'。
2019/7/12 下午 02:32:25：Web_ProjectTask：無效的資料行名稱 'Pass'。
2019/7/12 下午 02:32:25：Web_ProjectTask：無效的資料行名稱 'Pass'。
2019/7/12 下午 02:32:25：Web_ProjectTask：無效的資料行名稱 'Pass'。
2019/7/12 下午 02:32:25：Web_ProjectTask：無效的資料行名稱 'Pass'。
2019/7/12 下午 02:32:25：Web_ProjectTask：無效的資料行名稱 'Pass'。
2019/7/12 下午 02:32:25：Web_ProjectTask：無效的資料行名稱 'Pass'。
2019/7/12 下午 02:32:25：Web_ProjectTask：無效的資料行名稱 'Pass'。
2019/7/12 下午 02:32:25：Web_ProjectTask：無效的資料行名稱 'Pass'。
2019/7/12 下午 02:32:25：Web_ProjectTask：無效的資料行名稱 'Pass'。
2019/7/12 下午 02:32:25：Web_ProjectTask：無效的資料行名稱 'Pass'。
2019/7/12 下午 02:32:25：Web_ProjectTask：無效的資料行名稱 'Pass'。
2019/7/12 下午 02:32:25：Web_ProjectTask：無效的資料行名稱 'Pass'。
2019/7/12 下午 02:32:25：Web_ProjectTask：無效的資料行名稱 'Pass'。
2019/7/12 下午 02:32:54：Web_SendMail：至少必須指定下列其中一個參數。"@recipients, @copy_recipients, @blind_copy_recipients"。
2019/7/12 下午 02:54:33：Web_SendMail：至少必須指定下列其中一個參數。"@recipients, @copy_recipients, @blind_copy_recipients"。
2019/7/12 下午 06:02:05：Web_SendMail：至少必須指定下列其中一個參數。"@recipients, @copy_recipients, @blind_copy_recipients"。
2019/7/12 下午 06:02:05：Web_SendMail：至少必須指定下列其中一個參數。"@recipients, @copy_recipients, @blind_copy_recipients"。
2019/7/12 下午 06:02:05：Web_SendMail：至少必須指定下列其中一個參數。"@recipients, @copy_recipients, @blind_copy_recipients"。
2019/7/12 下午 06:02:05：Web_SendMail：至少必須指定下列其中一個參數。"@recipients, @copy_recipients, @blind_copy_recipients"。
2019/7/12 下午 06:02:05：Web_SendMail：至少必須指定下列其中一個參數。"@recipients, @copy_recipients, @blind_copy_recipients"。
2019/7/12 下午 06:02:33：Web_ProjectTask：無效的資料行名稱 'Pass'。
2019/7/12 下午 06:02:33：Web_ProjectTask：無效的資料行名稱 'Pass'。
2019/7/12 下午 06:02:33：Web_ProjectTask：無效的資料行名稱 'Pass'。
2019/7/12 下午 06:02:33：Web_ProjectTask：無效的資料行名稱 'Pass'。
2019/7/12 下午 06:02:33：Web_ProjectTask：無效的資料行名稱 'Pass'。
2019/7/12 下午 06:02:33：Web_ProjectTask：無效的資料行名稱 'Pass'。
2019/7/12 下午 06:02:33：Web_ProjectTask：無效的資料行名稱 'Pass'。
2019/7/12 下午 06:02:33：Web_ProjectTask：無效的資料行名稱 'Pass'。
2019/7/12 下午 06:02:33：Web_ProjectTask：無效的資料行名稱 'Pass'。
2019/7/12 下午 06:02:33：Web_ProjectTask：無效的資料行名稱 'Pass'。
2019/7/12 下午 06:02:33：Web_ProjectTask：無效的資料行名稱 'Pass'。
2019/7/12 下午 06:02:33：Web_ProjectTask：無效的資料行名稱 'Pass'。
2019/7/12 下午 06:02:33：Web_ProjectTask：無效的資料行名稱 'Pass'。
2019/7/12 下午 06:02:33：Web_ProjectTask：無效的資料行名稱 'Pass'。
2019/7/12 下午 06:02:33：Web_ProjectTask：無效的資料行名稱 'Pass'。
2019/7/12 下午 06:02:33：Web_ProjectTask：無效的資料行名稱 'Pass'。
2019/7/12 下午 06:02:33：Web_ProjectTask：無效的資料行名稱 'Pass'。
2019/7/12 下午 06:02:33：Web_ProjectTask：無效的資料行名稱 'Pass'。
2019/7/12 下午 06:02:33：Web_ProjectTask：無效的資料行名稱 'Pass'。
2019/7/12 下午 06:02:33：Web_ProjectTask：無效的資料行名稱 'Pass'。
2019/7/12 下午 06:02:33：Web_ProjectTask：無效的資料行名稱 'Pass'。
2019/7/12 下午 06:02:33：Web_ProjectTask：無效的資料行名稱 'Pass'。
2019/7/12 下午 06:02:33：Web_ProjectTask：無效的資料行名稱 'Pass'。
2019/7/12 下午 06:02:33：Web_ProjectTask：無效的資料行名稱 'Pass'。
2019/7/12 下午 06:02:33：Web_ProjectTask：無效的資料行名稱 'Pass'。
2019/7/12 下午 06:02:33：Web_ProjectTask：無效的資料行名稱 'Pass'。
2019/7/12 下午 06:02:33：Web_ProjectTask：無效的資料行名稱 'Pass'。
2019/7/12 下午 06:02:33：Web_ProjectTask：無效的資料行名稱 'Pass'。
2019/7/12 下午 06:02:33：Web_ProjectTask：無效的資料行名稱 'Pass'。
2019/7/12 下午 06:02:33：Web_ProjectTask：無效的資料行名稱 'Pass'。
2019/7/12 下午 06:02:33：Web_ProjectTask：無效的資料行名稱 'Pass'。
2019/7/12 下午 06:02:33：Web_ProjectTask：無效的資料行名稱 'Pass'。
2019/7/12 下午 06:02:33：Web_ProjectTask：無效的資料行名稱 'Pass'。
2019/7/12 下午 06:02:33：Web_ProjectTask：無效的資料行名稱 'Pass'。
2019/7/12 下午 06:02:33：Web_ProjectTask：無效的資料行名稱 'Pass'。
2019/7/12 下午 06:02:33：Web_ProjectTask：無效的資料行名稱 'Pass'。
2019/7/12 下午 06:02:33：Web_ProjectTask：無效的資料行名稱 'Pass'。
2019/7/12 下午 06:02:33：Web_ProjectTask：無效的資料行名稱 'Pass'。
2019/7/12 下午 06:02:33：Web_ProjectTask：無效的資料行名稱 'Pass'。
2019/7/12 下午 06:02:33：Web_ProjectTask：無效的資料行名稱 'Pass'。
2019/7/12 下午 06:02:33：Web_ProjectTask：無效的資料行名稱 'Fail'。
2019/7/12 下午 06:02:33：Web_ProjectTask：無效的資料行名稱 'Pass'。
2019/7/12 下午 06:02:33：Web_ProjectTask：無效的資料行名稱 'Pass'。
2019/7/12 下午 06:02:33：Web_ProjectTask：無效的資料行名稱 'Pass'。
2019/7/12 下午 06:02:33：Web_ProjectTask：無效的資料行名稱 'Pass'。
2019/7/12 下午 06:02:33：Web_ProjectTask：無效的資料行名稱 'Fail'。
2019/7/12 下午 06:09:11：Web_ProjectTask：字串或二進位資料會被截斷。
陳述式已經結束。
2019/7/12 下午 06:09:11：Web_ProjectTask：字串或二進位資料會被截斷。
陳述式已經結束。
2019/7/12 下午 06:16:36：Web_SendMail：至少必須指定下列其中一個參數。"@recipients, @copy_recipients, @blind_copy_recipients"。
2019/7/12 下午 06:16:48：Web_SendMail：至少必須指定下列其中一個參數。"@recipients, @copy_recipients, @blind_copy_recipients"。
2019/7/12 下午 06:40:09：Web_SendMail：至少必須指定下列其中一個參數。"@recipients, @copy_recipients, @blind_copy_recipients"。
2019/7/12 下午 06:40:09：Web_SendMail：至少必須指定下列其中一個參數。"@recipients, @copy_recipients, @blind_copy_recipients"。
2019/7/12 下午 06:40:09：Web_SendMail：至少必須指定下列其中一個參數。"@recipients, @copy_recipients, @blind_copy_recipients"。
