2019/7/31 上午 10:24:36：Web_InsertUploadFile：接近 's' 之處的語法不正確。
遺漏字元字串 ')' 後面的引號。
2019/7/31 上午 11:30:00：Web_ProjectAssign：接近 's' 之處的語法不正確。
遺漏字元字串 ' ' 後面的引號。
2019/7/31 上午 11:33:35：Web_SendMail：至少必須指定下列其中一個參數。"@recipients, @copy_recipients, @blind_copy_recipients"。
2019/7/31 上午 11:33:35：Web_SendMail：至少必須指定下列其中一個參數。"@recipients, @copy_recipients, @blind_copy_recipients"。
2019/7/31 上午 11:33:35：Web_SendMail：至少必須指定下列其中一個參數。"@recipients, @copy_recipients, @blind_copy_recipients"。
2019/7/31 上午 11:33:35：Web_SendMail：至少必須指定下列其中一個參數。"@recipients, @copy_recipients, @blind_copy_recipients"。
2019/7/31 上午 11:33:35：Web_SendMail：至少必須指定下列其中一個參數。"@recipients, @copy_recipients, @blind_copy_recipients"。
2019/7/31 下午 12:00:29：Web_SendMail：至少必須指定下列其中一個參數。"@recipients, @copy_recipients, @blind_copy_recipients"。
2019/7/31 下午 03:38:44：Web_SendMail：至少必須指定下列其中一個參數。"@recipients, @copy_recipients, @blind_copy_recipients"。
2019/7/31 下午 03:39:16：Web_SendMail：至少必須指定下列其中一個參數。"@recipients, @copy_recipients, @blind_copy_recipients"。
2019/7/31 下午 04:38:46：Web_SendMail：至少必須指定下列其中一個參數。"@recipients, @copy_recipients, @blind_copy_recipients"。
2019/7/31 下午 04:38:46：Web_SendMail：至少必須指定下列其中一個參數。"@recipients, @copy_recipients, @blind_copy_recipients"。
2019/7/31 下午 04:38:46：Web_SendMail：至少必須指定下列其中一個參數。"@recipients, @copy_recipients, @blind_copy_recipients"。
2019/7/31 下午 05:13:25：Web_SendMail：至少必須指定下列其中一個參數。"@recipients, @copy_recipients, @blind_copy_recipients"。
2019/7/31 下午 05:15:36：Web_SendMail：至少必須指定下列其中一個參數。"@recipients, @copy_recipients, @blind_copy_recipients"。
2019/7/31 下午 06:16:06：Web_ProjectTask：無效的資料行名稱 'Pass'。
2019/7/31 下午 06:16:06：Web_ProjectTask：無效的資料行名稱 'Pass'。
2019/7/31 下午 06:16:06：Web_ProjectTask：無效的資料行名稱 'Pass'。
2019/7/31 下午 06:16:06：Web_ProjectTask：無效的資料行名稱 'Pass'。
2019/7/31 下午 06:16:06：Web_ProjectTask：無效的資料行名稱 'Pass'。
2019/7/31 下午 06:16:06：Web_ProjectTask：無效的資料行名稱 'Pass'。
2019/7/31 下午 06:16:06：Web_ProjectTask：無效的資料行名稱 'Pass'。
2019/7/31 下午 06:16:06：Web_ProjectTask：無效的資料行名稱 'Pass'。
2019/7/31 下午 06:16:06：Web_ProjectTask：無效的資料行名稱 'Pass'。
2019/7/31 下午 06:16:06：Web_ProjectTask：無效的資料行名稱 'Pass'。
2019/7/31 下午 06:16:06：Web_ProjectTask：無效的資料行名稱 'Pass'。
2019/7/31 下午 06:16:06：Web_ProjectTask：無效的資料行名稱 'Pass'。
2019/7/31 下午 06:16:06：Web_ProjectTask：無效的資料行名稱 'Pass'。
2019/7/31 下午 06:16:06：Web_ProjectTask：無效的資料行名稱 'Pass'。
2019/7/31 下午 06:16:06：Web_ProjectTask：無效的資料行名稱 'Pass'。
2019/7/31 下午 06:16:06：Web_ProjectTask：無效的資料行名稱 'Pass'。
2019/7/31 下午 06:16:06：Web_ProjectTask：無效的資料行名稱 'Pass'。
2019/7/31 下午 06:16:06：Web_ProjectTask：無效的資料行名稱 'Pass'。
2019/7/31 下午 06:16:06：Web_ProjectTask：無效的資料行名稱 'Pass'。
2019/7/31 下午 06:16:06：Web_ProjectTask：無效的資料行名稱 'Pass'。
2019/7/31 下午 06:16:06：Web_ProjectTask：無效的資料行名稱 'Pass'。
2019/7/31 下午 06:16:06：Web_ProjectTask：無效的資料行名稱 'Pass'。
2019/7/31 下午 06:16:06：Web_ProjectTask：無效的資料行名稱 'Pass'。
2019/7/31 下午 06:16:06：Web_ProjectTask：無效的資料行名稱 'Pass'。
2019/7/31 下午 06:16:06：Web_ProjectTask：無效的資料行名稱 'Pass'。
2019/7/31 下午 06:16:06：Web_ProjectTask：無效的資料行名稱 'Pass'。
2019/7/31 下午 06:16:06：Web_ProjectTask：無效的資料行名稱 'Pass'。
2019/7/31 下午 06:16:06：Web_ProjectTask：無效的資料行名稱 'Pass'。
2019/7/31 下午 06:16:06：Web_ProjectTask：無效的資料行名稱 'Pass'。
2019/7/31 下午 06:16:06：Web_ProjectTask：無效的資料行名稱 'Pass'。
2019/7/31 下午 06:16:06：Web_ProjectTask：無效的資料行名稱 'Pass'。
2019/7/31 下午 06:16:06：Web_ProjectTask：無效的資料行名稱 'Pass'。
2019/7/31 下午 06:16:06：Web_ProjectTask：無效的資料行名稱 'Pass'。
2019/7/31 下午 06:16:06：Web_ProjectTask：無效的資料行名稱 'Pass'。
2019/7/31 下午 06:16:06：Web_ProjectTask：無效的資料行名稱 'Pass'。
2019/7/31 下午 06:16:06：Web_ProjectTask：無效的資料行名稱 'Pass'。
2019/7/31 下午 06:16:06：Web_ProjectTask：無效的資料行名稱 'Pass'。
2019/7/31 下午 06:16:06：Web_ProjectTask：無效的資料行名稱 'Pass'。
2019/7/31 下午 06:16:06：Web_ProjectTask：無效的資料行名稱 'Pass'。
2019/7/31 下午 06:16:06：Web_ProjectTask：無效的資料行名稱 'Pass'。
2019/7/31 下午 06:16:06：Web_ProjectTask：無效的資料行名稱 'Pass'。
2019/7/31 下午 06:16:06：Web_ProjectTask：無效的資料行名稱 'Pass'。
2019/7/31 下午 06:16:06：Web_ProjectTask：無效的資料行名稱 'Pass'。
2019/7/31 下午 06:16:06：Web_ProjectTask：無效的資料行名稱 'Pass'。
2019/7/31 下午 06:16:06：Web_ProjectTask：無效的資料行名稱 'Pass'。
2019/7/31 下午 06:16:43：Web_SendMail：至少必須指定下列其中一個參數。"@recipients, @copy_recipients, @blind_copy_recipients"。
2019/7/31 下午 06:16:43：Web_SendMail：至少必須指定下列其中一個參數。"@recipients, @copy_recipients, @blind_copy_recipients"。
2019/7/31 下午 06:16:43：Web_SendMail：至少必須指定下列其中一個參數。"@recipients, @copy_recipients, @blind_copy_recipients"。
