2019/5/22 上午 08:46:06：Web_SendMail：至少必須指定下列其中一個參數。"@recipients, @copy_recipients, @blind_copy_recipients"。
2019/5/22 上午 08:51:14：Web_SendMail：至少必須指定下列其中一個參數。"@recipients, @copy_recipients, @blind_copy_recipients"。
2019/5/22 上午 08:51:14：Web_SendMail：至少必須指定下列其中一個參數。"@recipients, @copy_recipients, @blind_copy_recipients"。
2019/5/22 上午 08:54:42：Web_SendMail：至少必須指定下列其中一個參數。"@recipients, @copy_recipients, @blind_copy_recipients"。
2019/5/22 上午 08:54:42：Web_SendMail：至少必須指定下列其中一個參數。"@recipients, @copy_recipients, @blind_copy_recipients"。
2019/5/22 上午 09:44:37：Web_InsertProject：違反 PRIMARY KEY 條件約束 'PK_Project'。無法在物件 'dbo.Project' 中插入重複的索引鍵。
陳述式已經結束。
2019/5/22 上午 09:45:46：Web_InsertProject：違反 PRIMARY KEY 條件約束 'PK_Project'。無法在物件 'dbo.Project' 中插入重複的索引鍵。
陳述式已經結束。
2019/5/22 上午 09:46:40：Web_InsertProject：違反 PRIMARY KEY 條件約束 'PK_Project'。無法在物件 'dbo.Project' 中插入重複的索引鍵。
陳述式已經結束。
2019/5/22 下午 12:00:18：Web_SendMail：至少必須指定下列其中一個參數。"@recipients, @copy_recipients, @blind_copy_recipients"。
2019/5/22 下午 03:28:22：Web_ProjectTask：無效的資料行名稱 'Pass'。
2019/5/22 下午 03:28:22：Web_ProjectTask：無效的資料行名稱 'Pass'。
2019/5/22 下午 03:28:22：Web_ProjectTask：無效的資料行名稱 'Pass'。
2019/5/22 下午 03:28:22：Web_ProjectTask：無效的資料行名稱 'Pass'。
2019/5/22 下午 03:28:22：Web_ProjectTask：無效的資料行名稱 'Pass'。
2019/5/22 下午 03:28:22：Web_ProjectTask：無效的資料行名稱 'Pass'。
2019/5/22 下午 03:28:22：Web_ProjectTask：無效的資料行名稱 'Pass'。
2019/5/22 下午 03:28:22：Web_ProjectTask：無效的資料行名稱 'Pass'。
2019/5/22 下午 03:28:22：Web_ProjectTask：無效的資料行名稱 'Pass'。
2019/5/22 下午 03:28:22：Web_ProjectTask：無效的資料行名稱 'Pass'。
2019/5/22 下午 03:28:22：Web_ProjectTask：無效的資料行名稱 'Pass'。
2019/5/22 下午 03:28:22：Web_ProjectTask：無效的資料行名稱 'Pass'。
2019/5/22 下午 03:28:22：Web_ProjectTask：無效的資料行名稱 'Pass'。
2019/5/22 下午 03:28:22：Web_ProjectTask：無效的資料行名稱 'Pass'。
2019/5/22 下午 03:28:22：Web_ProjectTask：無效的資料行名稱 'Pass'。
2019/5/22 下午 03:28:22：Web_ProjectTask：無效的資料行名稱 'Pass'。
2019/5/22 下午 03:28:22：Web_ProjectTask：無效的資料行名稱 'Pass'。
2019/5/22 下午 03:28:22：Web_ProjectTask：無效的資料行名稱 'Pass'。
2019/5/22 下午 03:28:22：Web_ProjectTask：無效的資料行名稱 'Pass'。
2019/5/22 下午 03:28:22：Web_ProjectTask：無效的資料行名稱 'Pass'。
2019/5/22 下午 03:28:22：Web_ProjectTask：無效的資料行名稱 'Pass'。
2019/5/22 下午 03:28:22：Web_ProjectTask：無效的資料行名稱 'Pass'。
2019/5/22 下午 03:28:22：Web_ProjectTask：無效的資料行名稱 'Pass'。
2019/5/22 下午 03:28:22：Web_ProjectTask：無效的資料行名稱 'Pass'。
2019/5/22 下午 03:28:22：Web_ProjectTask：無效的資料行名稱 'Pass'。
2019/5/22 下午 03:28:22：Web_ProjectTask：無效的資料行名稱 'Pass'。
2019/5/22 下午 03:28:22：Web_ProjectTask：無效的資料行名稱 'Pass'。
2019/5/22 下午 03:28:22：Web_ProjectTask：無效的資料行名稱 'Pass'。
2019/5/22 下午 03:28:22：Web_ProjectTask：無效的資料行名稱 'Pass'。
2019/5/22 下午 03:28:22：Web_ProjectTask：無效的資料行名稱 'Fail'。
2019/5/22 下午 03:28:22：Web_ProjectTask：無效的資料行名稱 'Fail'。
2019/5/22 下午 03:28:22：Web_ProjectTask：無效的資料行名稱 'Fail'。
2019/5/22 下午 03:28:22：Web_ProjectTask：無效的資料行名稱 'Fail'。
2019/5/22 下午 03:28:22：Web_ProjectTask：無效的資料行名稱 'Fail'。
2019/5/22 下午 03:28:22：Web_ProjectTask：無效的資料行名稱 'Fail'。
2019/5/22 下午 03:28:22：Web_ProjectTask：無效的資料行名稱 'Fail'。
2019/5/22 下午 03:28:22：Web_ProjectTask：無效的資料行名稱 'Fail'。
2019/5/22 下午 03:28:22：Web_ProjectTask：無效的資料行名稱 'Fail'。
2019/5/22 下午 03:28:22：Web_ProjectTask：無效的資料行名稱 'Fail'。
2019/5/22 下午 03:28:22：Web_ProjectTask：無效的資料行名稱 'Fail'。
2019/5/22 下午 03:28:22：Web_ProjectTask：無效的資料行名稱 'Fail'。
2019/5/22 下午 03:28:53：Web_SendMail：至少必須指定下列其中一個參數。"@recipients, @copy_recipients, @blind_copy_recipients"。
2019/5/22 下午 03:28:53：Web_SendMail：至少必須指定下列其中一個參數。"@recipients, @copy_recipients, @blind_copy_recipients"。
2019/5/22 下午 03:28:53：Web_SendMail：至少必須指定下列其中一個參數。"@recipients, @copy_recipients, @blind_copy_recipients"。
