2019/6/25 上午 08:53:25：Web_SendMail：至少必須指定下列其中一個參數。"@recipients, @copy_recipients, @blind_copy_recipients"。
2019/6/25 上午 09:02:33：Web_SendMail：至少必須指定下列其中一個參數。"@recipients, @copy_recipients, @blind_copy_recipients"。
2019/6/25 上午 10:07:38：Web_SendMail：至少必須指定下列其中一個參數。"@recipients, @copy_recipients, @blind_copy_recipients"。
2019/6/25 上午 10:07:38：Web_SendMail：至少必須指定下列其中一個參數。"@recipients, @copy_recipients, @blind_copy_recipients"。
2019/6/25 上午 10:08:15：Web_SendMail：至少必須指定下列其中一個參數。"@recipients, @copy_recipients, @blind_copy_recipients"。
2019/6/25 上午 10:08:15：Web_SendMail：至少必須指定下列其中一個參數。"@recipients, @copy_recipients, @blind_copy_recipients"。
2019/6/25 上午 11:01:33：Web_SendMail：至少必須指定下列其中一個參數。"@recipients, @copy_recipients, @blind_copy_recipients"。
2019/6/25 上午 11:09:40：Web_SendMail：至少必須指定下列其中一個參數。"@recipients, @copy_recipients, @blind_copy_recipients"。
2019/6/25 上午 11:19:18：Web_ProjectTask：無效的資料行名稱 'Pass'。
2019/6/25 上午 11:19:18：Web_ProjectTask：無效的資料行名稱 'Pass'。
2019/6/25 上午 11:19:18：Web_ProjectTask：無效的資料行名稱 'Pass'。
2019/6/25 上午 11:19:18：Web_ProjectTask：無效的資料行名稱 'Pass'。
2019/6/25 上午 11:19:18：Web_ProjectTask：無效的資料行名稱 'Pass'。
2019/6/25 上午 11:19:18：Web_ProjectTask：無效的資料行名稱 'Pass'。
2019/6/25 上午 11:19:18：Web_ProjectTask：無效的資料行名稱 'Pass'。
2019/6/25 上午 11:19:18：Web_ProjectTask：無效的資料行名稱 'Fail'。
2019/6/25 上午 11:19:18：Web_ProjectTask：無效的資料行名稱 'Fail'。
2019/6/25 上午 11:19:18：Web_ProjectTask：無效的資料行名稱 'Pass'。
2019/6/25 上午 11:19:18：Web_ProjectTask：無效的資料行名稱 'Fail'。
2019/6/25 上午 11:19:18：Web_ProjectTask：無效的資料行名稱 'Pass'。
2019/6/25 上午 11:19:18：Web_ProjectTask：無效的資料行名稱 'Pass'。
2019/6/25 上午 11:19:18：Web_ProjectTask：無效的資料行名稱 'Pass'。
2019/6/25 上午 11:19:18：Web_ProjectTask：無效的資料行名稱 'Pass'。
2019/6/25 上午 11:19:18：Web_ProjectTask：無效的資料行名稱 'Pass'。
2019/6/25 上午 11:19:18：Web_ProjectTask：無效的資料行名稱 'Pass'。
2019/6/25 上午 11:19:18：Web_ProjectTask：無效的資料行名稱 'Pass'。
2019/6/25 上午 11:19:18：Web_ProjectTask：無效的資料行名稱 'Pass'。
2019/6/25 上午 11:19:18：Web_ProjectTask：無效的資料行名稱 'Pass'。
2019/6/25 上午 11:19:18：Web_ProjectTask：無效的資料行名稱 'Pass'。
2019/6/25 上午 11:19:18：Web_ProjectTask：無效的資料行名稱 'Pass'。
2019/6/25 上午 11:19:18：Web_ProjectTask：無效的資料行名稱 'Pass'。
2019/6/25 上午 11:19:18：Web_ProjectTask：無效的資料行名稱 'Pass'。
2019/6/25 上午 11:19:18：Web_ProjectTask：無效的資料行名稱 'Fail'。
2019/6/25 上午 11:19:18：Web_ProjectTask：無效的資料行名稱 'Fail'。
2019/6/25 上午 11:19:18：Web_ProjectTask：無效的資料行名稱 'Fail'。
2019/6/25 上午 11:19:18：Web_ProjectTask：無效的資料行名稱 'Fail'。
2019/6/25 上午 11:19:18：Web_ProjectTask：無效的資料行名稱 'Fail'。
2019/6/25 上午 11:19:18：Web_ProjectTask：無效的資料行名稱 'Fail'。
2019/6/25 上午 11:19:18：Web_ProjectTask：無效的資料行名稱 'Fail'。
2019/6/25 上午 11:19:18：Web_ProjectTask：無效的資料行名稱 'Fail'。
2019/6/25 上午 11:19:18：Web_ProjectTask：無效的資料行名稱 'Fail'。
2019/6/25 上午 11:19:36：Web_SendMail：至少必須指定下列其中一個參數。"@recipients, @copy_recipients, @blind_copy_recipients"。
2019/6/25 上午 11:19:36：Web_SendMail：至少必須指定下列其中一個參數。"@recipients, @copy_recipients, @blind_copy_recipients"。
2019/6/25 上午 11:19:36：Web_SendMail：至少必須指定下列其中一個參數。"@recipients, @copy_recipients, @blind_copy_recipients"。
2019/6/25 上午 11:24:32：Web_SendMail：至少必須指定下列其中一個參數。"@recipients, @copy_recipients, @blind_copy_recipients"。
2019/6/25 下午 01:57:51：Web_ProjectTask：無效的資料行名稱 'Pass'。
2019/6/25 下午 01:57:51：Web_ProjectTask：無效的資料行名稱 'Pass'。
2019/6/25 下午 01:57:51：Web_ProjectTask：無效的資料行名稱 'Pass'。
2019/6/25 下午 01:57:51：Web_ProjectTask：無效的資料行名稱 'Pass'。
2019/6/25 下午 01:57:51：Web_ProjectTask：無效的資料行名稱 'Pass'。
2019/6/25 下午 01:57:51：Web_ProjectTask：無效的資料行名稱 'Pass'。
2019/6/25 下午 01:57:51：Web_ProjectTask：無效的資料行名稱 'Pass'。
2019/6/25 下午 01:57:51：Web_ProjectTask：無效的資料行名稱 'Pass'。
2019/6/25 下午 01:57:51：Web_ProjectTask：無效的資料行名稱 'Pass'。
2019/6/25 下午 01:57:51：Web_ProjectTask：無效的資料行名稱 'Pass'。
2019/6/25 下午 01:57:51：Web_ProjectTask：無效的資料行名稱 'Pass'。
2019/6/25 下午 01:57:51：Web_ProjectTask：無效的資料行名稱 'Pass'。
2019/6/25 下午 01:57:51：Web_ProjectTask：無效的資料行名稱 'Pass'。
2019/6/25 下午 01:57:51：Web_ProjectTask：無效的資料行名稱 'Pass'。
2019/6/25 下午 01:57:51：Web_ProjectTask：無效的資料行名稱 'Pass'。
2019/6/25 下午 01:57:51：Web_ProjectTask：無效的資料行名稱 'Pass'。
2019/6/25 下午 01:57:51：Web_ProjectTask：無效的資料行名稱 'Pass'。
2019/6/25 下午 01:57:51：Web_ProjectTask：無效的資料行名稱 'Pass'。
2019/6/25 下午 01:57:51：Web_ProjectTask：無效的資料行名稱 'Pass'。
2019/6/25 下午 01:57:51：Web_ProjectTask：無效的資料行名稱 'Pass'。
2019/6/25 下午 01:57:51：Web_ProjectTask：無效的資料行名稱 'Pass'。
2019/6/25 下午 01:57:51：Web_ProjectTask：無效的資料行名稱 'Pass'。
2019/6/25 下午 01:57:51：Web_ProjectTask：無效的資料行名稱 'Pass'。
2019/6/25 下午 01:57:51：Web_ProjectTask：無效的資料行名稱 'Pass'。
2019/6/25 下午 01:57:51：Web_ProjectTask：無效的資料行名稱 'Pass'。
2019/6/25 下午 01:57:51：Web_ProjectTask：無效的資料行名稱 'Pass'。
2019/6/25 下午 01:57:51：Web_ProjectTask：無效的資料行名稱 'Pass'。
2019/6/25 下午 01:57:51：Web_ProjectTask：無效的資料行名稱 'Pass'。
2019/6/25 下午 01:57:51：Web_ProjectTask：無效的資料行名稱 'Pass'。
2019/6/25 下午 01:57:51：Web_ProjectTask：無效的資料行名稱 'Pass'。
2019/6/25 下午 01:57:51：Web_ProjectTask：無效的資料行名稱 'Pass'。
2019/6/25 下午 01:57:51：Web_ProjectTask：無效的資料行名稱 'Pass'。
2019/6/25 下午 01:57:51：Web_ProjectTask：無效的資料行名稱 'Pass'。
2019/6/25 下午 01:58:46：Web_SendMail：至少必須指定下列其中一個參數。"@recipients, @copy_recipients, @blind_copy_recipients"。
2019/6/25 下午 01:58:46：Web_SendMail：至少必須指定下列其中一個參數。"@recipients, @copy_recipients, @blind_copy_recipients"。
2019/6/25 下午 01:58:46：Web_SendMail：至少必須指定下列其中一個參數。"@recipients, @copy_recipients, @blind_copy_recipients"。
2019/6/25 下午 02:25:12：Web_SendMail：至少必須指定下列其中一個參數。"@recipients, @copy_recipients, @blind_copy_recipients"。
2019/6/25 下午 02:25:12：Web_SendMail：至少必須指定下列其中一個參數。"@recipients, @copy_recipients, @blind_copy_recipients"。
2019/6/25 下午 04:17:37：Web_SendMail：至少必須指定下列其中一個參數。"@recipients, @copy_recipients, @blind_copy_recipients"。
2019/6/25 下午 04:48:21：Web_SendMail：至少必須指定下列其中一個參數。"@recipients, @copy_recipients, @blind_copy_recipients"。
2019/6/25 下午 06:04:41：Web_SendMail：至少必須指定下列其中一個參數。"@recipients, @copy_recipients, @blind_copy_recipients"。
2019/6/25 下午 06:04:41：Web_SendMail：至少必須指定下列其中一個參數。"@recipients, @copy_recipients, @blind_copy_recipients"。
2019/6/25 下午 06:04:41：Web_SendMail：至少必須指定下列其中一個參數。"@recipients, @copy_recipients, @blind_copy_recipients"。
2019/6/25 下午 06:43:52：Web_ProjectTask：無效的資料行名稱 'Pass'。
2019/6/25 下午 06:43:52：Web_ProjectTask：無效的資料行名稱 'Pass'。
2019/6/25 下午 06:43:52：Web_ProjectTask：無效的資料行名稱 'Pass'。
2019/6/25 下午 06:43:52：Web_ProjectTask：無效的資料行名稱 'Pass'。
2019/6/25 下午 06:43:52：Web_ProjectTask：無效的資料行名稱 'Pass'。
2019/6/25 下午 06:43:52：Web_ProjectTask：無效的資料行名稱 'Pass'。
2019/6/25 下午 06:43:52：Web_ProjectTask：無效的資料行名稱 'Pass'。
2019/6/25 下午 06:43:52：Web_ProjectTask：無效的資料行名稱 'Pass'。
2019/6/25 下午 06:43:52：Web_ProjectTask：無效的資料行名稱 'Pass'。
2019/6/25 下午 06:43:52：Web_ProjectTask：無效的資料行名稱 'Pass'。
2019/6/25 下午 06:43:52：Web_ProjectTask：無效的資料行名稱 'Pass'。
2019/6/25 下午 06:43:52：Web_ProjectTask：無效的資料行名稱 'Pass'。
2019/6/25 下午 06:43:52：Web_ProjectTask：無效的資料行名稱 'Pass'。
2019/6/25 下午 06:43:52：Web_ProjectTask：無效的資料行名稱 'Pass'。
2019/6/25 下午 06:43:52：Web_ProjectTask：無效的資料行名稱 'Pass'。
2019/6/25 下午 06:43:52：Web_ProjectTask：無效的資料行名稱 'Pass'。
2019/6/25 下午 06:43:52：Web_ProjectTask：無效的資料行名稱 'Pass'。
2019/6/25 下午 06:43:52：Web_ProjectTask：無效的資料行名稱 'Pass'。
2019/6/25 下午 06:44:12：Web_SendMail：至少必須指定下列其中一個參數。"@recipients, @copy_recipients, @blind_copy_recipients"。
2019/6/25 下午 06:44:12：Web_SendMail：至少必須指定下列其中一個參數。"@recipients, @copy_recipients, @blind_copy_recipients"。
2019/6/25 下午 06:45:32：Web_SendMail：至少必須指定下列其中一個參數。"@recipients, @copy_recipients, @blind_copy_recipients"。
2019/6/25 下午 06:45:32：Web_SendMail：至少必須指定下列其中一個參數。"@recipients, @copy_recipients, @blind_copy_recipients"。
2019/6/25 下午 06:45:44：Web_ProjectTask：無效的資料行名稱 'Pass'。
2019/6/25 下午 06:45:44：Web_ProjectTask：無效的資料行名稱 'Pass'。
2019/6/25 下午 06:45:44：Web_ProjectTask：無效的資料行名稱 'Pass'。
2019/6/25 下午 06:45:44：Web_ProjectTask：無效的資料行名稱 'Pass'。
2019/6/25 下午 06:45:44：Web_ProjectTask：無效的資料行名稱 'Pass'。
2019/6/25 下午 06:45:44：Web_ProjectTask：無效的資料行名稱 'Pass'。
2019/6/25 下午 06:45:44：Web_ProjectTask：無效的資料行名稱 'Pass'。
2019/6/25 下午 06:45:44：Web_ProjectTask：無效的資料行名稱 'Pass'。
2019/6/25 下午 06:45:44：Web_ProjectTask：無效的資料行名稱 'Pass'。
2019/6/25 下午 06:45:44：Web_ProjectTask：無效的資料行名稱 'Pass'。
2019/6/25 下午 06:45:44：Web_ProjectTask：無效的資料行名稱 'Pass'。
2019/6/25 下午 06:45:44：Web_ProjectTask：無效的資料行名稱 'Pass'。
2019/6/25 下午 06:45:44：Web_ProjectTask：無效的資料行名稱 'Pass'。
2019/6/25 下午 06:45:44：Web_ProjectTask：無效的資料行名稱 'Pass'。
2019/6/25 下午 06:45:44：Web_ProjectTask：無效的資料行名稱 'Pass'。
2019/6/25 下午 06:45:44：Web_ProjectTask：無效的資料行名稱 'Pass'。
2019/6/25 下午 06:45:44：Web_ProjectTask：無效的資料行名稱 'Pass'。
2019/6/25 下午 06:45:44：Web_ProjectTask：無效的資料行名稱 'Pass'。
