2020/11/4 上午 10:40:30：Web_ApparatusReservation：字串或二進位資料會被截斷。
陳述式已經結束。
2020/11/4 上午 10:40:30：Web_ApparatusReservation：字串或二進位資料會被截斷。
陳述式已經結束。
2020/11/4 上午 10:40:30：Web_ApparatusReservation：字串或二進位資料會被截斷。
陳述式已經結束。
2020/11/4 上午 10:40:30：Web_ApparatusReservation：字串或二進位資料會被截斷。
陳述式已經結束。
2020/11/4 上午 10:40:30：Web_ApparatusReservation：字串或二進位資料會被截斷。
陳述式已經結束。
2020/11/4 上午 10:40:30：Web_ApparatusReservation：字串或二進位資料會被截斷。
陳述式已經結束。
2020/11/4 上午 10:40:30：Web_ApparatusReservation：字串或二進位資料會被截斷。
陳述式已經結束。
2020/11/4 上午 10:40:30：Web_ApparatusReservation：字串或二進位資料會被截斷。
陳述式已經結束。
2020/11/4 上午 10:40:30：Web_ApparatusReservation：字串或二進位資料會被截斷。
陳述式已經結束。
2020/11/4 上午 10:40:30：Web_ApparatusReservation：字串或二進位資料會被截斷。
陳述式已經結束。
2020/11/4 上午 10:40:30：Web_ApparatusReservation：字串或二進位資料會被截斷。
陳述式已經結束。
2020/11/4 上午 10:40:30：Web_ApparatusReservation：字串或二進位資料會被截斷。
陳述式已經結束。
2020/11/4 上午 10:40:30：Web_ApparatusReservation：字串或二進位資料會被截斷。
陳述式已經結束。
2020/11/4 上午 11:22:35：Web_ApparatusReservation：字串或二進位資料會被截斷。
陳述式已經結束。
2020/11/4 上午 11:22:35：Web_ApparatusReservation：字串或二進位資料會被截斷。
陳述式已經結束。
2020/11/4 上午 11:22:35：Web_ApparatusReservation：字串或二進位資料會被截斷。
陳述式已經結束。
2020/11/4 上午 11:22:35：Web_ApparatusReservation：字串或二進位資料會被截斷。
陳述式已經結束。
2020/11/4 上午 11:22:35：Web_ApparatusReservation：字串或二進位資料會被截斷。
陳述式已經結束。
2020/11/4 上午 11:22:35：Web_ApparatusReservation：字串或二進位資料會被截斷。
陳述式已經結束。
2020/11/4 上午 11:22:35：Web_ApparatusReservation：字串或二進位資料會被截斷。
陳述式已經結束。
2020/11/4 上午 11:22:35：Web_ApparatusReservation：字串或二進位資料會被截斷。
陳述式已經結束。
2020/11/4 上午 11:22:35：Web_ApparatusReservation：字串或二進位資料會被截斷。
陳述式已經結束。
2020/11/4 上午 11:22:35：Web_ApparatusReservation：字串或二進位資料會被截斷。
陳述式已經結束。
2020/11/4 上午 11:22:35：Web_ApparatusReservation：字串或二進位資料會被截斷。
陳述式已經結束。
2020/11/4 上午 11:22:35：Web_ApparatusReservation：字串或二進位資料會被截斷。
陳述式已經結束。
2020/11/4 上午 11:22:35：Web_ApparatusReservation：字串或二進位資料會被截斷。
陳述式已經結束。
2020/11/4 下午 04:41:36：Web_InsertProject：遺漏字元字串 'NPI驗証)' 後面的引號。
接近 'NPI驗証)' 之處的語法不正確。
2020/11/4 下午 04:41:41：Web_InsertProject：遺漏字元字串 'NPI驗証)' 後面的引號。
接近 'NPI驗証)' 之處的語法不正確。
2020/11/4 下午 04:41:42：Web_InsertProject：遺漏字元字串 'NPI驗証)' 後面的引號。
接近 'NPI驗証)' 之處的語法不正確。
2020/11/4 下午 04:41:42：Web_InsertProject：遺漏字元字串 'NPI驗証)' 後面的引號。
接近 'NPI驗証)' 之處的語法不正確。
2020/11/4 下午 04:41:42：Web_InsertProject：遺漏字元字串 'NPI驗証)' 後面的引號。
接近 'NPI驗証)' 之處的語法不正確。
2020/11/4 下午 04:41:43：Web_InsertProject：遺漏字元字串 'NPI驗証)' 後面的引號。
接近 'NPI驗証)' 之處的語法不正確。
2020/11/4 下午 04:41:43：Web_InsertProject：遺漏字元字串 'NPI驗証)' 後面的引號。
接近 'NPI驗証)' 之處的語法不正確。
2020/11/4 下午 04:41:43：Web_InsertProject：遺漏字元字串 'NPI驗証)' 後面的引號。
接近 'NPI驗証)' 之處的語法不正確。
2020/11/4 下午 04:41:43：Web_InsertProject：遺漏字元字串 'NPI驗証)' 後面的引號。
接近 'NPI驗証)' 之處的語法不正確。
2020/11/4 下午 04:41:43：Web_InsertProject：遺漏字元字串 'NPI驗証)' 後面的引號。
接近 'NPI驗証)' 之處的語法不正確。
2020/11/4 下午 04:41:44：Web_InsertProject：遺漏字元字串 'NPI驗証)' 後面的引號。
接近 'NPI驗証)' 之處的語法不正確。
2020/11/4 下午 04:41:44：Web_InsertProject：遺漏字元字串 'NPI驗証)' 後面的引號。
接近 'NPI驗証)' 之處的語法不正確。
2020/11/4 下午 04:41:44：Web_InsertProject：遺漏字元字串 'NPI驗証)' 後面的引號。
接近 'NPI驗証)' 之處的語法不正確。
2020/11/4 下午 04:41:44：Web_InsertProject：遺漏字元字串 'NPI驗証)' 後面的引號。
接近 'NPI驗証)' 之處的語法不正確。
2020/11/4 下午 04:41:44：Web_InsertProject：遺漏字元字串 'NPI驗証)' 後面的引號。
接近 'NPI驗証)' 之處的語法不正確。
2020/11/4 下午 04:41:45：Web_InsertProject：遺漏字元字串 'NPI驗証)' 後面的引號。
接近 'NPI驗証)' 之處的語法不正確。
2020/11/4 下午 04:41:45：Web_InsertProject：遺漏字元字串 'NPI驗証)' 後面的引號。
接近 'NPI驗証)' 之處的語法不正確。
2020/11/4 下午 04:41:45：Web_InsertProject：遺漏字元字串 'NPI驗証)' 後面的引號。
接近 'NPI驗証)' 之處的語法不正確。
2020/11/4 下午 04:41:45：Web_InsertProject：遺漏字元字串 'NPI驗証)' 後面的引號。
接近 'NPI驗証)' 之處的語法不正確。
2020/11/4 下午 04:42:41：Web_InsertProject：遺漏字元字串 'NPI驗証)' 後面的引號。
接近 'NPI驗証)' 之處的語法不正確。
2020/11/4 下午 06:38:13：Web_SendMail：至少必須指定下列其中一個參數。"@recipients, @copy_recipients, @blind_copy_recipients"。
2020/11/4 下午 06:38:13：Web_SendMail：至少必須指定下列其中一個參數。"@recipients, @copy_recipients, @blind_copy_recipients"。
2020/11/4 下午 06:38:26：Web_SendMail：至少必須指定下列其中一個參數。"@recipients, @copy_recipients, @blind_copy_recipients"。
2020/11/4 下午 06:38:26：Web_SendMail：至少必須指定下列其中一個參數。"@recipients, @copy_recipients, @blind_copy_recipients"。
