2020/6/1 上午 09:56:33：Web_InsertProject：接近 'LIVE' 之處的語法不正確。
遺漏字元字串 ')' 後面的引號。
2020/6/1 上午 10:01:06：Web_InsertProject：接近 'LIVE' 之處的語法不正確。
遺漏字元字串 ')' 後面的引號。
2020/6/1 上午 10:01:10：Web_InsertProject：接近 'LIVE' 之處的語法不正確。
遺漏字元字串 ')' 後面的引號。
2020/6/1 上午 10:02:50：Web_InsertProject：接近 'LIVE' 之處的語法不正確。
遺漏字元字串 ')' 後面的引號。
2020/6/1 上午 10:07:11：Web_Application_N：無效的物件名稱 'dbo.Application_TestCase_Temporarily'。
2020/6/1 上午 10:07:39：Web_Application_N：無效的物件名稱 'dbo.Application_TestCase_Temporarily'。
2020/6/1 上午 10:10:09：Web_SendMail：至少必須指定下列其中一個參數。"@recipients, @copy_recipients, @blind_copy_recipients"。
2020/6/1 上午 11:11:15：Web_ProjectTask：無效的資料行名稱 'Pass'。
2020/6/1 上午 11:11:15：Web_ProjectTask：無效的資料行名稱 'Pass'。
2020/6/1 上午 11:11:15：Web_ProjectTask：無效的資料行名稱 'Pass'。
2020/6/1 上午 11:11:15：Web_ProjectTask：無效的資料行名稱 'Pass'。
2020/6/1 上午 11:11:15：Web_ProjectTask：無效的資料行名稱 'Pass'。
2020/6/1 上午 11:11:15：Web_ProjectTask：無效的資料行名稱 'Pass'。
2020/6/1 上午 11:11:15：Web_ProjectTask：無效的資料行名稱 'Pass'。
2020/6/1 上午 11:11:15：Web_ProjectTask：無效的資料行名稱 'Pass'。
2020/6/1 上午 11:11:15：Web_ProjectTask：無效的資料行名稱 'Pass'。
2020/6/1 上午 11:11:15：Web_ProjectTask：無效的資料行名稱 'Pass'。
2020/6/1 上午 11:11:15：Web_ProjectTask：無效的資料行名稱 'Pass'。
2020/6/1 上午 11:11:15：Web_ProjectTask：無效的資料行名稱 'Pass'。
2020/6/1 上午 11:11:15：Web_ProjectTask：無效的資料行名稱 'Pass'。
2020/6/1 上午 11:11:15：Web_ProjectTask：無效的資料行名稱 'Pass'。
2020/6/1 上午 11:11:15：Web_ProjectTask：無效的資料行名稱 'Pass'。
2020/6/1 上午 11:11:15：Web_ProjectTask：無效的資料行名稱 'Pass'。
2020/6/1 上午 11:11:15：Web_ProjectTask：無效的資料行名稱 'Pass'。
2020/6/1 上午 11:11:15：Web_ProjectTask：無效的資料行名稱 'Pass'。
2020/6/1 上午 11:11:15：Web_ProjectTask：無效的資料行名稱 'Pass'。
2020/6/1 上午 11:11:15：Web_ProjectTask：無效的資料行名稱 'Pass'。
2020/6/1 上午 11:11:15：Web_ProjectTask：無效的資料行名稱 'Pass'。
2020/6/1 上午 11:11:15：Web_ProjectTask：無效的資料行名稱 'Pass'。
2020/6/1 上午 11:11:15：Web_ProjectTask：無效的資料行名稱 'Pass'。
2020/6/1 上午 11:11:15：Web_ProjectTask：無效的資料行名稱 'Pass'。
2020/6/1 上午 11:11:15：Web_ProjectTask：無效的資料行名稱 'Pass'。
2020/6/1 上午 11:11:15：Web_ProjectTask：無效的資料行名稱 'Pass'。
2020/6/1 上午 11:11:15：Web_ProjectTask：無效的資料行名稱 'Pass'。
2020/6/1 上午 11:11:15：Web_ProjectTask：無效的資料行名稱 'Pass'。
2020/6/1 上午 11:11:15：Web_ProjectTask：無效的資料行名稱 'Pass'。
2020/6/1 上午 11:11:15：Web_ProjectTask：無效的資料行名稱 'Pass'。
2020/6/1 上午 11:11:15：Web_ProjectTask：無效的資料行名稱 'Pass'。
2020/6/1 上午 11:11:15：Web_ProjectTask：無效的資料行名稱 'Pass'。
2020/6/1 上午 11:11:15：Web_ProjectTask：無效的資料行名稱 'Pass'。
2020/6/1 上午 11:11:15：Web_ProjectTask：無效的資料行名稱 'Pass'。
2020/6/1 上午 11:11:15：Web_ProjectTask：無效的資料行名稱 'Pass'。
2020/6/1 上午 11:11:15：Web_ProjectTask：無效的資料行名稱 'Pass'。
2020/6/1 上午 11:11:15：Web_ProjectTask：無效的資料行名稱 'Pass'。
2020/6/1 上午 11:11:15：Web_ProjectTask：無效的資料行名稱 'Pass'。
2020/6/1 上午 11:11:15：Web_ProjectTask：無效的資料行名稱 'Pass'。
2020/6/1 上午 11:11:15：Web_ProjectTask：無效的資料行名稱 'Pass'。
2020/6/1 上午 11:11:15：Web_ProjectTask：無效的資料行名稱 'Pass'。
2020/6/1 上午 11:11:15：Web_ProjectTask：無效的資料行名稱 'Pass'。
2020/6/1 上午 11:11:15：Web_ProjectTask：無效的資料行名稱 'Pass'。
2020/6/1 上午 11:11:15：Web_ProjectTask：無效的資料行名稱 'Pass'。
2020/6/1 上午 11:11:15：Web_ProjectTask：無效的資料行名稱 'Pass'。
2020/6/1 上午 11:11:15：Web_ProjectTask：無效的資料行名稱 'Pass'。
2020/6/1 上午 11:11:15：Web_ProjectTask：無效的資料行名稱 'Pass'。
2020/6/1 上午 11:11:15：Web_ProjectTask：無效的資料行名稱 'Pass'。
2020/6/1 上午 11:11:15：Web_ProjectTask：無效的資料行名稱 'Pass'。
2020/6/1 上午 11:11:15：Web_ProjectTask：無效的資料行名稱 'Pass'。
2020/6/1 上午 11:11:15：Web_ProjectTask：無效的資料行名稱 'Pass'。
2020/6/1 上午 11:11:15：Web_ProjectTask：無效的資料行名稱 'Pass'。
2020/6/1 上午 11:11:15：Web_ProjectTask：無效的資料行名稱 'Pass'。
2020/6/1 上午 11:13:20：Web_InsertProject：接近 'LIVE' 之處的語法不正確。
遺漏字元字串 ')' 後面的引號。
2020/6/1 下午 03:43:23：Web_SendMail：至少必須指定下列其中一個參數。"@recipients, @copy_recipients, @blind_copy_recipients"。
2020/6/1 下午 05:09:43：Web_SendMail：至少必須指定下列其中一個參數。"@recipients, @copy_recipients, @blind_copy_recipients"。
2020/6/1 下午 05:10:43：Web_SendMail：至少必須指定下列其中一個參數。"@recipients, @copy_recipients, @blind_copy_recipients"。
2020/6/1 下午 05:11:07：Web_SendMail：至少必須指定下列其中一個參數。"@recipients, @copy_recipients, @blind_copy_recipients"。
2020/6/1 下午 07:18:45：Web_SendMail：至少必須指定下列其中一個參數。"@recipients, @copy_recipients, @blind_copy_recipients"。
2020/6/1 下午 07:19:49：Web_SendMail：至少必須指定下列其中一個參數。"@recipients, @copy_recipients, @blind_copy_recipients"。
2020/6/1 下午 07:22:08：Web_SendMail：至少必須指定下列其中一個參數。"@recipients, @copy_recipients, @blind_copy_recipients"。
