2020/5/26 上午 10:35:38：Web_ProjectTask：字串或二進位資料會被截斷。
陳述式已經結束。
2020/5/26 上午 10:35:59：Web_SendMail：至少必須指定下列其中一個參數。"@recipients, @copy_recipients, @blind_copy_recipients"。
2020/5/26 上午 10:58:46：Web_SendMail：至少必須指定下列其中一個參數。"@recipients, @copy_recipients, @blind_copy_recipients"。
2020/5/26 上午 11:04:42：Web_ProjectTask：無效的資料行名稱 'Pass'。
2020/5/26 上午 11:04:42：Web_ProjectTask：無效的資料行名稱 'Pass'。
2020/5/26 上午 11:04:42：Web_ProjectTask：無效的資料行名稱 'Pass'。
2020/5/26 上午 11:04:42：Web_ProjectTask：無效的資料行名稱 'Pass'。
2020/5/26 上午 11:04:42：Web_ProjectTask：無效的資料行名稱 'Pass'。
2020/5/26 上午 11:04:42：Web_ProjectTask：無效的資料行名稱 'Pass'。
2020/5/26 上午 11:04:42：Web_ProjectTask：無效的資料行名稱 'Pass'。
2020/5/26 上午 11:04:42：Web_ProjectTask：無效的資料行名稱 'Pass'。
2020/5/26 上午 11:04:42：Web_ProjectTask：無效的資料行名稱 'Pass'。
2020/5/26 上午 11:04:42：Web_ProjectTask：無效的資料行名稱 'Pass'。
2020/5/26 上午 11:04:42：Web_ProjectTask：無效的資料行名稱 'Pass'。
2020/5/26 上午 11:04:42：Web_ProjectTask：無效的資料行名稱 'Fail'。
2020/5/26 上午 11:04:42：Web_ProjectTask：無效的資料行名稱 'Fail'。
2020/5/26 上午 11:04:42：Web_ProjectTask：無效的資料行名稱 'Fail'。
2020/5/26 上午 11:04:42：Web_ProjectTask：無效的資料行名稱 'Fail'。
2020/5/26 上午 11:04:42：Web_ProjectTask：無效的資料行名稱 'Fail'。
2020/5/26 上午 11:04:42：Web_ProjectTask：無效的資料行名稱 'Fail'。
2020/5/26 上午 11:04:42：Web_ProjectTask：無效的資料行名稱 'Fail'。
2020/5/26 上午 11:04:42：Web_ProjectTask：無效的資料行名稱 'Pass'。
2020/5/26 上午 11:04:42：Web_ProjectTask：無效的資料行名稱 'Pass'。
2020/5/26 上午 11:04:42：Web_ProjectTask：無效的資料行名稱 'Pass'。
2020/5/26 上午 11:04:42：Web_ProjectTask：無效的資料行名稱 'Pass'。
2020/5/26 上午 11:04:42：Web_ProjectTask：無效的資料行名稱 'Pass'。
2020/5/26 上午 11:04:42：Web_ProjectTask：無效的資料行名稱 'Fail'。
2020/5/26 上午 11:04:42：Web_ProjectTask：無效的資料行名稱 'Pass'。
2020/5/26 上午 11:04:42：Web_ProjectTask：無效的資料行名稱 'Fail'。
2020/5/26 上午 11:04:42：Web_ProjectTask：無效的資料行名稱 'Pass'。
2020/5/26 上午 11:04:42：Web_ProjectTask：無效的資料行名稱 'Fail'。
2020/5/26 上午 11:04:42：Web_ProjectTask：無效的資料行名稱 'Fail'。
2020/5/26 上午 11:04:42：Web_ProjectTask：無效的資料行名稱 'Fail'。
2020/5/26 上午 11:04:42：Web_ProjectTask：無效的資料行名稱 'Fail'。
2020/5/26 上午 11:04:42：Web_ProjectTask：無效的資料行名稱 'Fail'。
2020/5/26 上午 11:04:42：Web_ProjectTask：無效的資料行名稱 'Fail'。
2020/5/26 上午 11:04:42：Web_ProjectTask：無效的資料行名稱 'Fail'。
2020/5/26 上午 11:04:42：Web_ProjectTask：無效的資料行名稱 'Fail'。
2020/5/26 上午 11:04:42：Web_ProjectTask：無效的資料行名稱 'Fail'。
2020/5/26 上午 11:04:42：Web_ProjectTask：無效的資料行名稱 'Fail'。
2020/5/26 上午 11:04:42：Web_ProjectTask：無效的資料行名稱 'Fail'。
2020/5/26 上午 11:04:42：Web_ProjectTask：無效的資料行名稱 'Fail'。
2020/5/26 下午 02:11:34：Web_ModifyApplication：無效的物件名稱 'dbo.Application_TestCase_Temporarily'。
2020/5/26 下午 03:32:30：Web_SendMail：至少必須指定下列其中一個參數。"@recipients, @copy_recipients, @blind_copy_recipients"。
