2020/10/14 下午 04:05:07：Web_SendMail：至少必須指定下列其中一個參數。"@recipients, @copy_recipients, @blind_copy_recipients"。
2020/10/14 下午 04:07:45：Web_SendMail：至少必須指定下列其中一個參數。"@recipients, @copy_recipients, @blind_copy_recipients"。
2020/10/14 下午 04:08:34：Web_SendMail：至少必須指定下列其中一個參數。"@recipients, @copy_recipients, @blind_copy_recipients"。
2020/10/14 下午 04:18:57：Web_ProjectTask：無效的資料行名稱 'Fail'。
2020/10/14 下午 04:18:57：Web_ProjectTask：無效的資料行名稱 'Fail'。
2020/10/14 下午 04:18:57：Web_ProjectTask：無效的資料行名稱 'Fail'。
2020/10/14 下午 04:18:57：Web_ProjectTask：無效的資料行名稱 'Fail'。
2020/10/14 下午 04:18:57：Web_ProjectTask：無效的資料行名稱 'Fail'。
2020/10/14 下午 04:18:57：Web_ProjectTask：無效的資料行名稱 '#N'。
無效的資料行名稱 'A'。
2020/10/14 下午 04:18:57：Web_ProjectTask：無效的資料行名稱 '#N'。
無效的資料行名稱 'A'。
2020/10/14 下午 04:18:57：Web_ProjectTask：無效的資料行名稱 'Pass'。
2020/10/14 下午 04:18:57：Web_ProjectTask：無效的資料行名稱 'Pass'。
2020/10/14 下午 04:18:57：Web_ProjectTask：無效的資料行名稱 'Pass'。
2020/10/14 下午 04:18:57：Web_ProjectTask：無效的資料行名稱 'Pass'。
2020/10/14 下午 04:18:57：Web_ProjectTask：無效的資料行名稱 'Pass'。
2020/10/14 下午 04:18:57：Web_ProjectTask：無效的資料行名稱 'Pass'。
2020/10/14 下午 04:18:57：Web_ProjectTask：無效的資料行名稱 'Pass'。
2020/10/14 下午 04:18:57：Web_ProjectTask：無效的資料行名稱 'Pass'。
2020/10/14 下午 04:18:57：Web_ProjectTask：無效的資料行名稱 '#N'。
無效的資料行名稱 'A'。
2020/10/14 下午 04:18:57：Web_ProjectTask：無效的資料行名稱 'Pass'。
2020/10/14 下午 04:18:57：Web_ProjectTask：無效的資料行名稱 'Pass'。
2020/10/14 下午 04:18:57：Web_ProjectTask：無效的資料行名稱 'Pass'。
2020/10/14 下午 04:18:57：Web_ProjectTask：無效的資料行名稱 'Pass'。
2020/10/14 下午 04:18:57：Web_ProjectTask：無效的資料行名稱 'Pass'。
2020/10/14 下午 04:18:57：Web_ProjectTask：無效的資料行名稱 'Pass'。
2020/10/14 下午 04:18:57：Web_ProjectTask：無效的資料行名稱 'Pass'。
2020/10/14 下午 04:18:57：Web_ProjectTask：無效的資料行名稱 'Pass'。
2020/10/14 下午 04:18:57：Web_ProjectTask：無效的資料行名稱 'Pass'。
2020/10/14 下午 04:18:57：Web_ProjectTask：無效的資料行名稱 'Pass'。
2020/10/14 下午 04:18:57：Web_ProjectTask：無效的資料行名稱 'Pass'。
2020/10/14 下午 04:18:57：Web_ProjectTask：無效的資料行名稱 'Fail'。
2020/10/14 下午 04:18:57：Web_ProjectTask：無效的資料行名稱 'Pass'。
2020/10/14 下午 04:18:57：Web_ProjectTask：無效的資料行名稱 'Fail'。
2020/10/14 下午 04:18:57：Web_ProjectTask：無效的資料行名稱 'Pass'。
2020/10/14 下午 04:18:57：Web_ProjectTask：無效的資料行名稱 'Pass'。
2020/10/14 下午 04:18:57：Web_ProjectTask：無效的資料行名稱 'Pass'。
2020/10/14 下午 04:18:57：Web_ProjectTask：無效的資料行名稱 'Pass'。
2020/10/14 下午 04:18:57：Web_ProjectTask：無效的資料行名稱 'Pass'。
2020/10/14 下午 04:18:57：Web_ProjectTask：無效的資料行名稱 'Fail'。
2020/10/14 下午 04:18:57：Web_ProjectTask：無效的資料行名稱 'Fail'。
2020/10/14 下午 04:18:57：Web_ProjectTask：無效的資料行名稱 'Fail'。
2020/10/14 下午 04:18:57：Web_ProjectTask：無效的資料行名稱 'Fail'。
2020/10/14 下午 04:18:57：Web_ProjectTask：無效的資料行名稱 'Fail'。
2020/10/14 下午 04:18:57：Web_ProjectTask：無效的資料行名稱 'Fail'。
2020/10/14 下午 04:18:57：Web_ProjectTask：無效的資料行名稱 'Pass'。
2020/10/14 下午 04:18:57：Web_ProjectTask：無效的資料行名稱 'Fail'。
2020/10/14 下午 04:18:57：Web_ProjectTask：無效的資料行名稱 'Pass'。
2020/10/14 下午 04:18:57：Web_ProjectTask：無效的資料行名稱 'Pass'。
2020/10/14 下午 04:18:57：Web_ProjectTask：無效的資料行名稱 'Pass'。
2020/10/14 下午 04:18:57：Web_ProjectTask：無效的資料行名稱 'Pass'。
2020/10/14 下午 04:18:58：Web_ProjectTask：無效的資料行名稱 '#N'。
無效的資料行名稱 'A'。
2020/10/14 下午 04:18:58：Web_ProjectTask：無效的資料行名稱 '#N'。
無效的資料行名稱 'A'。
2020/10/14 下午 04:18:58：Web_ProjectTask：無效的資料行名稱 '#N'。
無效的資料行名稱 'A'。
2020/10/14 下午 04:18:58：Web_ProjectTask：無效的資料行名稱 '#N'。
無效的資料行名稱 'A'。
2020/10/14 下午 04:18:58：Web_ProjectTask：無效的資料行名稱 '#N'。
無效的資料行名稱 'A'。
2020/10/14 下午 04:18:58：Web_ProjectTask：無效的資料行名稱 '#N'。
無效的資料行名稱 'A'。
2020/10/14 下午 04:21:22：Web_SendMail：至少必須指定下列其中一個參數。"@recipients, @copy_recipients, @blind_copy_recipients"。
2020/10/14 下午 05:33:35：Web_SendMail：至少必須指定下列其中一個參數。"@recipients, @copy_recipients, @blind_copy_recipients"。
2020/10/14 下午 05:34:38：Web_SendMail：至少必須指定下列其中一個參數。"@recipients, @copy_recipients, @blind_copy_recipients"。
