2020/5/25 上午 11:35:08：Web_SendMail：至少必須指定下列其中一個參數。"@recipients, @copy_recipients, @blind_copy_recipients"。
2020/5/25 上午 11:39:26：Web_SendMail：至少必須指定下列其中一個參數。"@recipients, @copy_recipients, @blind_copy_recipients"。
2020/5/25 下午 01:55:30：Web_ModifyApplication：無效的物件名稱 'dbo.Application_TestCase_Temporarily'。
2020/5/25 下午 02:00:30：Web_ModifyApplication：無效的物件名稱 'dbo.Application_TestCase_Temporarily'。
2020/5/25 下午 02:09:26：Web_SendMail：至少必須指定下列其中一個參數。"@recipients, @copy_recipients, @blind_copy_recipients"。
2020/5/25 下午 02:09:46：Web_ProjectTask：無效的資料行名稱 'Pass'。
2020/5/25 下午 02:09:46：Web_ProjectTask：無效的資料行名稱 'Pass'。
2020/5/25 下午 02:09:46：Web_ProjectTask：無效的資料行名稱 'Pass'。
2020/5/25 下午 02:09:46：Web_ProjectTask：無效的資料行名稱 'Pass'。
2020/5/25 下午 02:09:46：Web_ProjectTask：無效的資料行名稱 'Pass'。
2020/5/25 下午 02:09:46：Web_ProjectTask：無效的資料行名稱 'Pass'。
2020/5/25 下午 02:09:46：Web_ProjectTask：無效的資料行名稱 'Pass'。
2020/5/25 下午 02:09:46：Web_ProjectTask：無效的資料行名稱 'Pass'。
2020/5/25 下午 02:09:46：Web_ProjectTask：無效的資料行名稱 'Pass'。
2020/5/25 下午 02:09:46：Web_ProjectTask：無效的資料行名稱 'Pass'。
2020/5/25 下午 02:09:46：Web_ProjectTask：無效的資料行名稱 'Pass'。
2020/5/25 下午 02:09:46：Web_ProjectTask：無效的資料行名稱 'Pass'。
2020/5/25 下午 02:09:46：Web_ProjectTask：無效的資料行名稱 'Pass'。
2020/5/25 下午 02:09:46：Web_ProjectTask：無效的資料行名稱 'Pass'。
2020/5/25 下午 02:09:46：Web_ProjectTask：無效的資料行名稱 'Pass'。
2020/5/25 下午 02:09:46：Web_ProjectTask：無效的資料行名稱 'Pass'。
2020/5/25 下午 02:09:46：Web_ProjectTask：無效的資料行名稱 'Pass'。
2020/5/25 下午 02:09:46：Web_ProjectTask：無效的資料行名稱 'Pass'。
2020/5/25 下午 02:09:46：Web_ProjectTask：無效的資料行名稱 'Pass'。
2020/5/25 下午 02:09:46：Web_ProjectTask：無效的資料行名稱 'Pass'。
2020/5/25 下午 02:09:46：Web_ProjectTask：無效的資料行名稱 'Pass'。
2020/5/25 下午 02:09:46：Web_ProjectTask：無效的資料行名稱 'Pass'。
2020/5/25 下午 02:09:46：Web_ProjectTask：無效的資料行名稱 'Pass'。
2020/5/25 下午 02:09:46：Web_ProjectTask：無效的資料行名稱 'Pass'。
2020/5/25 下午 02:09:46：Web_ProjectTask：無效的資料行名稱 'Pass'。
2020/5/25 下午 02:09:46：Web_ProjectTask：無效的資料行名稱 'Pass'。
2020/5/25 下午 02:09:46：Web_ProjectTask：無效的資料行名稱 'Pass'。
2020/5/25 下午 02:09:46：Web_ProjectTask：無效的資料行名稱 'Pass'。
2020/5/25 下午 02:09:46：Web_ProjectTask：無效的資料行名稱 'Pass'。
2020/5/25 下午 02:09:46：Web_ProjectTask：無效的資料行名稱 'Pass'。
2020/5/25 下午 02:09:46：Web_ProjectTask：無效的資料行名稱 'Pass'。
2020/5/25 下午 02:09:46：Web_ProjectTask：無效的資料行名稱 'Pass'。
2020/5/25 下午 02:09:46：Web_ProjectTask：無效的資料行名稱 'Pass'。
2020/5/25 下午 02:09:46：Web_ProjectTask：無效的資料行名稱 'Pass'。
2020/5/25 下午 02:09:46：Web_ProjectTask：無效的資料行名稱 'Pass'。
2020/5/25 下午 02:09:46：Web_ProjectTask：無效的資料行名稱 'Pass'。
2020/5/25 下午 02:09:46：Web_ProjectTask：無效的資料行名稱 'Pass'。
2020/5/25 下午 02:09:46：Web_ProjectTask：無效的資料行名稱 'Pass'。
2020/5/25 下午 02:09:46：Web_ProjectTask：無效的資料行名稱 'Pass'。
2020/5/25 下午 02:09:46：Web_ProjectTask：無效的資料行名稱 'Pass'。
2020/5/25 下午 02:09:46：Web_ProjectTask：無效的資料行名稱 'Pass'。
2020/5/25 下午 02:09:46：Web_ProjectTask：無效的資料行名稱 'Pass'。
2020/5/25 下午 02:09:46：Web_ProjectTask：無效的資料行名稱 'Pass'。
2020/5/25 下午 02:09:46：Web_ProjectTask：無效的資料行名稱 'Pass'。
2020/5/25 下午 02:09:46：Web_ProjectTask：無效的資料行名稱 'Pass'。
2020/5/25 下午 02:09:46：Web_ProjectTask：無效的資料行名稱 'Pass'。
2020/5/25 下午 02:09:46：Web_ProjectTask：無效的資料行名稱 'Pass'。
2020/5/25 下午 02:09:46：Web_ProjectTask：無效的資料行名稱 'Pass'。
2020/5/25 下午 02:09:46：Web_ProjectTask：無效的資料行名稱 'Pass'。
2020/5/25 下午 02:09:46：Web_ProjectTask：無效的資料行名稱 'Pass'。
2020/5/25 下午 02:09:46：Web_ProjectTask：無效的資料行名稱 'Pass'。
2020/5/25 下午 02:09:46：Web_ProjectTask：無效的資料行名稱 'Pass'。
2020/5/25 下午 02:09:46：Web_ProjectTask：無效的資料行名稱 'Pass'。
2020/5/25 下午 03:18:51：Web_Application_N：無效的物件名稱 'dbo.Application_TestCase_Temporarily'。
2020/5/25 下午 03:37:59：Web_SendMail：至少必須指定下列其中一個參數。"@recipients, @copy_recipients, @blind_copy_recipients"。
2020/5/25 下午 03:38:20：Web_SendMail：至少必須指定下列其中一個參數。"@recipients, @copy_recipients, @blind_copy_recipients"。
2020/5/25 下午 03:38:50：Web_SendMail：至少必須指定下列其中一個參數。"@recipients, @copy_recipients, @blind_copy_recipients"。
2020/5/25 下午 03:39:08：Web_SendMail：至少必須指定下列其中一個參數。"@recipients, @copy_recipients, @blind_copy_recipients"。
2020/5/25 下午 03:39:08：Web_SendMail：至少必須指定下列其中一個參數。"@recipients, @copy_recipients, @blind_copy_recipients"。
2020/5/25 下午 03:55:26：Web_ModifyApplication：無效的物件名稱 'dbo.Application_TestCase_Temporarily'。
2020/5/25 下午 03:58:40：Web_SendMail：至少必須指定下列其中一個參數。"@recipients, @copy_recipients, @blind_copy_recipients"。
2020/5/25 下午 03:59:03：Web_SendMail：至少必須指定下列其中一個參數。"@recipients, @copy_recipients, @blind_copy_recipients"。
2020/5/25 下午 04:00:51：Web_SendMail：至少必須指定下列其中一個參數。"@recipients, @copy_recipients, @blind_copy_recipients"。
2020/5/25 下午 06:03:52：Web_ProjectTask：無效的資料行名稱 'Pass'。
2020/5/25 下午 06:03:52：Web_ProjectTask：無效的資料行名稱 'Pass'。
2020/5/25 下午 06:03:52：Web_ProjectTask：無效的資料行名稱 'Pass'。
2020/5/25 下午 06:03:52：Web_ProjectTask：無效的資料行名稱 'Pass'。
2020/5/25 下午 06:03:52：Web_ProjectTask：無效的資料行名稱 'Pass'。
2020/5/25 下午 06:03:52：Web_ProjectTask：無效的資料行名稱 'Pass'。
2020/5/25 下午 06:03:52：Web_ProjectTask：無效的資料行名稱 'Pass'。
2020/5/25 下午 06:03:52：Web_ProjectTask：無效的資料行名稱 'Pass'。
2020/5/25 下午 06:03:52：Web_ProjectTask：無效的資料行名稱 'Pass'。
2020/5/25 下午 06:03:52：Web_ProjectTask：無效的資料行名稱 'Pass'。
2020/5/25 下午 06:03:52：Web_ProjectTask：無效的資料行名稱 'Pass'。
2020/5/25 下午 06:03:52：Web_ProjectTask：無效的資料行名稱 'Fail'。
2020/5/25 下午 06:03:52：Web_ProjectTask：無效的資料行名稱 'Fail'。
2020/5/25 下午 06:03:52：Web_ProjectTask：無效的資料行名稱 'Fail'。
2020/5/25 下午 06:03:52：Web_ProjectTask：無效的資料行名稱 'Fail'。
2020/5/25 下午 06:03:52：Web_ProjectTask：無效的資料行名稱 'Fail'。
2020/5/25 下午 06:03:52：Web_ProjectTask：無效的資料行名稱 'Fail'。
2020/5/25 下午 06:03:52：Web_ProjectTask：無效的資料行名稱 'Fail'。
2020/5/25 下午 06:03:52：Web_ProjectTask：無效的資料行名稱 'Pass'。
2020/5/25 下午 06:03:52：Web_ProjectTask：無效的資料行名稱 'Pass'。
2020/5/25 下午 06:03:52：Web_ProjectTask：無效的資料行名稱 'Pass'。
2020/5/25 下午 06:03:52：Web_ProjectTask：無效的資料行名稱 'Pass'。
2020/5/25 下午 06:03:52：Web_ProjectTask：無效的資料行名稱 'Pass'。
2020/5/25 下午 06:03:52：Web_ProjectTask：無效的資料行名稱 'Fail'。
2020/5/25 下午 06:03:52：Web_ProjectTask：無效的資料行名稱 'Pass'。
2020/5/25 下午 06:03:52：Web_ProjectTask：無效的資料行名稱 'Fail'。
2020/5/25 下午 06:03:52：Web_ProjectTask：無效的資料行名稱 'Pass'。
2020/5/25 下午 06:03:52：Web_ProjectTask：無效的資料行名稱 'Fail'。
2020/5/25 下午 06:03:52：Web_ProjectTask：無效的資料行名稱 'Fail'。
2020/5/25 下午 06:03:52：Web_ProjectTask：無效的資料行名稱 'Fail'。
2020/5/25 下午 06:03:52：Web_ProjectTask：無效的資料行名稱 'Fail'。
2020/5/25 下午 06:03:52：Web_ProjectTask：無效的資料行名稱 'Fail'。
2020/5/25 下午 06:03:52：Web_ProjectTask：無效的資料行名稱 'Fail'。
2020/5/25 下午 06:03:52：Web_ProjectTask：無效的資料行名稱 'Fail'。
2020/5/25 下午 06:03:52：Web_ProjectTask：無效的資料行名稱 'Fail'。
2020/5/25 下午 06:03:52：Web_ProjectTask：無效的資料行名稱 'Fail'。
2020/5/25 下午 06:03:52：Web_ProjectTask：無效的資料行名稱 'Fail'。
2020/5/25 下午 06:03:52：Web_ProjectTask：無效的資料行名稱 'Fail'。
2020/5/25 下午 06:03:52：Web_ProjectTask：無效的資料行名稱 'Fail'。
