2020/5/18 上午 10:27:31：Web_ProjectTask：無效的資料行名稱 'Pass'。
2020/5/18 上午 10:27:31：Web_ProjectTask：無效的資料行名稱 'Pass'。
2020/5/18 上午 10:27:31：Web_ProjectTask：無效的資料行名稱 'Pass'。
2020/5/18 上午 10:27:31：Web_ProjectTask：無效的資料行名稱 'Pass'。
2020/5/18 上午 10:27:31：Web_ProjectTask：無效的資料行名稱 'Pass'。
2020/5/18 上午 10:27:31：Web_ProjectTask：無效的資料行名稱 'Pass'。
2020/5/18 上午 10:27:31：Web_ProjectTask：無效的資料行名稱 'Pass'。
2020/5/18 上午 10:27:31：Web_ProjectTask：無效的資料行名稱 'Pass'。
2020/5/18 上午 10:27:31：Web_ProjectTask：無效的資料行名稱 'Pass'。
2020/5/18 上午 10:27:31：Web_ProjectTask：無效的資料行名稱 'Pass'。
2020/5/18 上午 10:27:31：Web_ProjectTask：無效的資料行名稱 'Pass'。
2020/5/18 上午 10:27:31：Web_ProjectTask：無效的資料行名稱 'Fail'。
2020/5/18 上午 10:27:31：Web_ProjectTask：無效的資料行名稱 'Fail'。
2020/5/18 上午 10:27:31：Web_ProjectTask：無效的資料行名稱 'Fail'。
2020/5/18 上午 10:27:31：Web_ProjectTask：無效的資料行名稱 'Fail'。
2020/5/18 上午 10:27:31：Web_ProjectTask：無效的資料行名稱 'Fail'。
2020/5/18 上午 10:27:31：Web_ProjectTask：無效的資料行名稱 'Fail'。
2020/5/18 上午 10:27:31：Web_ProjectTask：無效的資料行名稱 'Fail'。
2020/5/18 上午 10:27:31：Web_ProjectTask：無效的資料行名稱 'Pass'。
2020/5/18 上午 10:27:31：Web_ProjectTask：無效的資料行名稱 'Pass'。
2020/5/18 上午 10:27:31：Web_ProjectTask：無效的資料行名稱 'Pass'。
2020/5/18 上午 10:27:31：Web_ProjectTask：無效的資料行名稱 'Pass'。
2020/5/18 上午 10:27:31：Web_ProjectTask：無效的資料行名稱 'Pass'。
2020/5/18 上午 10:27:31：Web_ProjectTask：無效的資料行名稱 'Pass'。
2020/5/18 上午 10:27:31：Web_ProjectTask：無效的資料行名稱 'Pass'。
2020/5/18 上午 10:27:31：Web_ProjectTask：無效的資料行名稱 'Pass'。
2020/5/18 上午 10:27:31：Web_ProjectTask：無效的資料行名稱 'Pass'。
2020/5/18 上午 10:27:31：Web_ProjectTask：無效的資料行名稱 'Pass'。
2020/5/18 上午 10:27:31：Web_ProjectTask：無效的資料行名稱 'Pass'。
2020/5/18 上午 10:27:31：Web_ProjectTask：無效的資料行名稱 'Pass'。
2020/5/18 上午 10:27:31：Web_ProjectTask：無效的資料行名稱 'Fail'。
2020/5/18 上午 10:27:31：Web_ProjectTask：無效的資料行名稱 'Fail'。
2020/5/18 上午 10:27:31：Web_ProjectTask：無效的資料行名稱 'Fail'。
2020/5/18 上午 10:27:40：Web_SendMail：至少必須指定下列其中一個參數。"@recipients, @copy_recipients, @blind_copy_recipients"。
2020/5/18 上午 10:27:40：Web_SendMail：至少必須指定下列其中一個參數。"@recipients, @copy_recipients, @blind_copy_recipients"。
2020/5/18 上午 10:59:56：Web_ModifyApplication：無效的物件名稱 'dbo.Application_TestCase_Temporarily'。
2020/5/18 上午 11:04:38：Web_ModifyApplication：無效的物件名稱 'dbo.Application_TestCase_Temporarily'。
2020/5/18 下午 12:26:28：Web_ModifyApplication：無效的物件名稱 'dbo.Application_TestCase_Temporarily'。
2020/5/18 下午 12:30:52：Web_ModifyApplication：無效的物件名稱 'dbo.Application_TestCase_Temporarily'。
2020/5/18 下午 12:33:57：Web_ModifyApplication：無效的物件名稱 'dbo.Application_TestCase_Temporarily'。
2020/5/18 下午 01:13:29：Web_ProjectTask：無效的資料行名稱 'Pass'。
2020/5/18 下午 01:13:29：Web_ProjectTask：無效的資料行名稱 'Pass'。
2020/5/18 下午 01:13:29：Web_ProjectTask：無效的資料行名稱 'Pass'。
2020/5/18 下午 01:13:29：Web_ProjectTask：無效的資料行名稱 'Pass'。
2020/5/18 下午 01:13:29：Web_ProjectTask：無效的資料行名稱 'Pass'。
2020/5/18 下午 01:13:29：Web_ProjectTask：無效的資料行名稱 'Pass'。
2020/5/18 下午 01:13:29：Web_ProjectTask：無效的資料行名稱 'Pass'。
2020/5/18 下午 01:13:29：Web_ProjectTask：無效的資料行名稱 'Pass'。
2020/5/18 下午 01:13:29：Web_ProjectTask：無效的資料行名稱 'Pass'。
2020/5/18 下午 01:13:29：Web_ProjectTask：無效的資料行名稱 'Pass'。
2020/5/18 下午 01:13:29：Web_ProjectTask：無效的資料行名稱 'Pass'。
2020/5/18 下午 01:13:29：Web_ProjectTask：無效的資料行名稱 'Fail'。
2020/5/18 下午 01:13:29：Web_ProjectTask：無效的資料行名稱 'Fail'。
2020/5/18 下午 01:13:29：Web_ProjectTask：無效的資料行名稱 'Fail'。
2020/5/18 下午 01:13:29：Web_ProjectTask：無效的資料行名稱 'Fail'。
2020/5/18 下午 01:13:29：Web_ProjectTask：無效的資料行名稱 'Fail'。
2020/5/18 下午 01:13:29：Web_ProjectTask：無效的資料行名稱 'Fail'。
2020/5/18 下午 01:13:29：Web_ProjectTask：無效的資料行名稱 'Fail'。
2020/5/18 下午 01:13:29：Web_ProjectTask：無效的資料行名稱 'Pass'。
2020/5/18 下午 01:13:29：Web_ProjectTask：無效的資料行名稱 'Pass'。
2020/5/18 下午 01:13:29：Web_ProjectTask：無效的資料行名稱 'Pass'。
2020/5/18 下午 01:13:29：Web_ProjectTask：無效的資料行名稱 'Pass'。
2020/5/18 下午 01:13:29：Web_ProjectTask：無效的資料行名稱 'Pass'。
2020/5/18 下午 01:13:29：Web_ProjectTask：無效的資料行名稱 'Pass'。
2020/5/18 下午 01:13:29：Web_ProjectTask：無效的資料行名稱 'Pass'。
2020/5/18 下午 01:13:29：Web_ProjectTask：無效的資料行名稱 'Pass'。
2020/5/18 下午 01:13:29：Web_ProjectTask：無效的資料行名稱 'Pass'。
2020/5/18 下午 01:13:29：Web_ProjectTask：無效的資料行名稱 'Pass'。
2020/5/18 下午 01:13:29：Web_ProjectTask：無效的資料行名稱 'Pass'。
2020/5/18 下午 01:13:29：Web_ProjectTask：無效的資料行名稱 'Pass'。
2020/5/18 下午 01:13:29：Web_ProjectTask：無效的資料行名稱 'Fail'。
2020/5/18 下午 01:13:29：Web_ProjectTask：無效的資料行名稱 'Fail'。
2020/5/18 下午 01:13:29：Web_ProjectTask：無效的資料行名稱 'Fail'。
2020/5/18 下午 05:04:49：Web_SendMail：至少必須指定下列其中一個參數。"@recipients, @copy_recipients, @blind_copy_recipients"。
2020/5/18 下午 05:04:49：Web_SendMail：至少必須指定下列其中一個參數。"@recipients, @copy_recipients, @blind_copy_recipients"。
