2020/5/29 上午 10:05:33：Web_SendMail：至少必須指定下列其中一個參數。"@recipients, @copy_recipients, @blind_copy_recipients"。
2020/5/29 下午 02:34:34：Web_ModifyApplication：無效的物件名稱 'dbo.Application_TestCase_Temporarily'。
2020/5/29 下午 02:58:05：Web_SendMail：至少必須指定下列其中一個參數。"@recipients, @copy_recipients, @blind_copy_recipients"。
2020/5/29 下午 02:58:52：Web_ProjectTask：無效的資料行名稱 'Pass'。
2020/5/29 下午 02:58:52：Web_ProjectTask：無效的資料行名稱 'Pass'。
2020/5/29 下午 02:58:52：Web_ProjectTask：無效的資料行名稱 'Pass'。
2020/5/29 下午 02:58:52：Web_ProjectTask：無效的資料行名稱 'Pass'。
2020/5/29 下午 02:58:52：Web_ProjectTask：無效的資料行名稱 'Pass'。
2020/5/29 下午 02:58:52：Web_ProjectTask：無效的資料行名稱 'Pass'。
2020/5/29 下午 02:58:52：Web_ProjectTask：無效的資料行名稱 'Pass'。
2020/5/29 下午 02:58:52：Web_ProjectTask：無效的資料行名稱 'Pass'。
2020/5/29 下午 02:58:52：Web_ProjectTask：無效的資料行名稱 'Pass'。
2020/5/29 下午 02:58:52：Web_ProjectTask：無效的資料行名稱 'Pass'。
2020/5/29 下午 02:58:52：Web_ProjectTask：無效的資料行名稱 'Pass'。
2020/5/29 下午 02:58:52：Web_ProjectTask：無效的資料行名稱 'Pass'。
2020/5/29 下午 02:58:52：Web_ProjectTask：無效的資料行名稱 'Pass'。
2020/5/29 下午 02:58:52：Web_ProjectTask：無效的資料行名稱 'Pass'。
2020/5/29 下午 02:58:52：Web_ProjectTask：無效的資料行名稱 'Pass'。
2020/5/29 下午 02:58:52：Web_ProjectTask：無效的資料行名稱 'Pass'。
2020/5/29 下午 02:58:52：Web_ProjectTask：無效的資料行名稱 'Pass'。
2020/5/29 下午 02:58:52：Web_ProjectTask：無效的資料行名稱 'Pass'。
2020/5/29 下午 02:58:52：Web_ProjectTask：無效的資料行名稱 'Pass'。
2020/5/29 下午 02:58:52：Web_ProjectTask：無效的資料行名稱 'Pass'。
2020/5/29 下午 02:58:52：Web_ProjectTask：無效的資料行名稱 'Pass'。
2020/5/29 下午 02:58:52：Web_ProjectTask：無效的資料行名稱 'Pass'。
2020/5/29 下午 02:58:52：Web_ProjectTask：無效的資料行名稱 'Pass'。
2020/5/29 下午 02:58:52：Web_ProjectTask：無效的資料行名稱 'Pass'。
2020/5/29 下午 02:58:52：Web_ProjectTask：無效的資料行名稱 'Pass'。
2020/5/29 下午 02:58:52：Web_ProjectTask：無效的資料行名稱 'Pass'。
2020/5/29 下午 02:59:13：Web_SendMail：至少必須指定下列其中一個參數。"@recipients, @copy_recipients, @blind_copy_recipients"。
2020/5/29 下午 04:24:59：Web_Application_N：無效的物件名稱 'dbo.Application_TestCase_Temporarily'。
2020/5/29 下午 04:27:18：Web_ModifyApplication：無效的物件名稱 'dbo.Application_TestCase_Temporarily'。
2020/5/29 下午 05:52:23：Web_ProjectTask：無效的資料行名稱 'Pass'。
2020/5/29 下午 05:52:23：Web_ProjectTask：無效的資料行名稱 'Pass'。
2020/5/29 下午 05:52:23：Web_ProjectTask：無效的資料行名稱 'Pass'。
2020/5/29 下午 05:52:23：Web_ProjectTask：無效的資料行名稱 'Pass'。
2020/5/29 下午 05:52:23：Web_ProjectTask：無效的資料行名稱 'Pass'。
2020/5/29 下午 05:52:23：Web_ProjectTask：無效的資料行名稱 'Pass'。
2020/5/29 下午 05:52:23：Web_ProjectTask：無效的資料行名稱 'Pass'。
2020/5/29 下午 05:52:23：Web_ProjectTask：無效的資料行名稱 'Pass'。
2020/5/29 下午 05:52:23：Web_ProjectTask：無效的資料行名稱 'Pass'。
2020/5/29 下午 05:52:23：Web_ProjectTask：無效的資料行名稱 'Pass'。
2020/5/29 下午 05:52:23：Web_ProjectTask：無效的資料行名稱 'Pass'。
2020/5/29 下午 05:52:23：Web_ProjectTask：無效的資料行名稱 'Pass'。
2020/5/29 下午 05:52:23：Web_ProjectTask：無效的資料行名稱 'Pass'。
2020/5/29 下午 05:52:23：Web_ProjectTask：無效的資料行名稱 'Pass'。
2020/5/29 下午 05:52:23：Web_ProjectTask：無效的資料行名稱 'Pass'。
2020/5/29 下午 05:52:23：Web_ProjectTask：無效的資料行名稱 'Pass'。
2020/5/29 下午 05:52:23：Web_ProjectTask：無效的資料行名稱 'Pass'。
2020/5/29 下午 05:52:23：Web_ProjectTask：無效的資料行名稱 'Pass'。
2020/5/29 下午 05:52:23：Web_ProjectTask：無效的資料行名稱 'Pass'。
2020/5/29 下午 05:52:23：Web_ProjectTask：無效的資料行名稱 'Pass'。
2020/5/29 下午 05:52:23：Web_ProjectTask：無效的資料行名稱 'Pass'。
2020/5/29 下午 05:52:23：Web_ProjectTask：無效的資料行名稱 'Pass'。
2020/5/29 下午 05:52:23：Web_ProjectTask：無效的資料行名稱 'Pass'。
2020/5/29 下午 05:52:23：Web_ProjectTask：無效的資料行名稱 'Pass'。
2020/5/29 下午 05:52:23：Web_ProjectTask：無效的資料行名稱 'Pass'。
2020/5/29 下午 05:52:23：Web_ProjectTask：無效的資料行名稱 'Pass'。
2020/5/29 下午 05:52:23：Web_ProjectTask：無效的資料行名稱 'Pass'。
2020/5/29 下午 05:52:23：Web_ProjectTask：無效的資料行名稱 'Pass'。
2020/5/29 下午 05:52:23：Web_ProjectTask：無效的資料行名稱 'Pass'。
2020/5/29 下午 05:52:23：Web_ProjectTask：無效的資料行名稱 'Pass'。
2020/5/29 下午 05:52:23：Web_ProjectTask：無效的資料行名稱 'Pass'。
2020/5/29 下午 05:52:23：Web_ProjectTask：無效的資料行名稱 'Fail'。
2020/5/29 下午 05:52:23：Web_ProjectTask：無效的資料行名稱 'Pass'。
2020/5/29 下午 05:52:23：Web_ProjectTask：無效的資料行名稱 'Pass'。
2020/5/29 下午 05:52:23：Web_ProjectTask：無效的資料行名稱 'Pass'。
2020/5/29 下午 05:52:23：Web_ProjectTask：無效的資料行名稱 'Pass'。
2020/5/29 下午 05:52:23：Web_ProjectTask：無效的資料行名稱 'Pass'。
2020/5/29 下午 05:52:23：Web_ProjectTask：無效的資料行名稱 'Pass'。
2020/5/29 下午 05:52:23：Web_ProjectTask：無效的資料行名稱 'Pass'。
2020/5/29 下午 07:25:37：Web_SendMail：至少必須指定下列其中一個參數。"@recipients, @copy_recipients, @blind_copy_recipients"。
2020/5/29 下午 07:31:12：Web_ProjectTask：無效的資料行名稱 'Pass'。
2020/5/29 下午 07:31:12：Web_ProjectTask：無效的資料行名稱 'Pass'。
2020/5/29 下午 07:31:12：Web_ProjectTask：無效的資料行名稱 'Pass'。
2020/5/29 下午 07:31:12：Web_ProjectTask：無效的資料行名稱 'Pass'。
2020/5/29 下午 07:31:12：Web_ProjectTask：無效的資料行名稱 'Pass'。
2020/5/29 下午 07:31:12：Web_ProjectTask：無效的資料行名稱 'Pass'。
2020/5/29 下午 07:31:12：Web_ProjectTask：無效的資料行名稱 'Pass'。
2020/5/29 下午 07:31:12：Web_ProjectTask：無效的資料行名稱 'Pass'。
2020/5/29 下午 07:31:12：Web_ProjectTask：無效的資料行名稱 'Pass'。
2020/5/29 下午 07:31:12：Web_ProjectTask：無效的資料行名稱 'Pass'。
2020/5/29 下午 07:31:12：Web_ProjectTask：無效的資料行名稱 'Pass'。
2020/5/29 下午 07:31:12：Web_ProjectTask：無效的資料行名稱 'Pass'。
2020/5/29 下午 07:31:12：Web_ProjectTask：無效的資料行名稱 'Pass'。
2020/5/29 下午 07:31:12：Web_ProjectTask：無效的資料行名稱 'Pass'。
2020/5/29 下午 07:31:12：Web_ProjectTask：無效的資料行名稱 'Pass'。
2020/5/29 下午 07:31:12：Web_ProjectTask：無效的資料行名稱 'Pass'。
2020/5/29 下午 07:31:12：Web_ProjectTask：無效的資料行名稱 'Pass'。
2020/5/29 下午 07:31:12：Web_ProjectTask：無效的資料行名稱 'Pass'。
2020/5/29 下午 07:31:12：Web_ProjectTask：無效的資料行名稱 'Pass'。
2020/5/29 下午 07:31:12：Web_ProjectTask：無效的資料行名稱 'Pass'。
2020/5/29 下午 07:31:12：Web_ProjectTask：無效的資料行名稱 'Pass'。
2020/5/29 下午 07:31:12：Web_ProjectTask：無效的資料行名稱 'Pass'。
2020/5/29 下午 07:31:12：Web_ProjectTask：無效的資料行名稱 'Pass'。
2020/5/29 下午 07:31:12：Web_ProjectTask：無效的資料行名稱 'Pass'。
2020/5/29 下午 07:31:12：Web_ProjectTask：無效的資料行名稱 'Pass'。
2020/5/29 下午 07:31:12：Web_ProjectTask：無效的資料行名稱 'Pass'。
2020/5/29 下午 07:31:12：Web_ProjectTask：無效的資料行名稱 'Pass'。
2020/5/29 下午 07:31:12：Web_ProjectTask：無效的資料行名稱 'Pass'。
2020/5/29 下午 07:31:12：Web_ProjectTask：無效的資料行名稱 'Pass'。
2020/5/29 下午 07:31:12：Web_ProjectTask：無效的資料行名稱 'Pass'。
2020/5/29 下午 07:31:12：Web_ProjectTask：無效的資料行名稱 'Pass'。
2020/5/29 下午 07:31:12：Web_ProjectTask：無效的資料行名稱 'Fail'。
2020/5/29 下午 07:31:12：Web_ProjectTask：無效的資料行名稱 'Pass'。
2020/5/29 下午 07:31:12：Web_ProjectTask：無效的資料行名稱 'Pass'。
2020/5/29 下午 07:31:12：Web_ProjectTask：無效的資料行名稱 'Pass'。
2020/5/29 下午 07:31:12：Web_ProjectTask：無效的資料行名稱 'Pass'。
2020/5/29 下午 07:31:12：Web_ProjectTask：無效的資料行名稱 'Pass'。
2020/5/29 下午 07:31:12：Web_ProjectTask：無效的資料行名稱 'Pass'。
2020/5/29 下午 07:31:12：Web_ProjectTask：無效的資料行名稱 'Pass'。
2020/5/29 下午 07:31:36：Web_SendMail：至少必須指定下列其中一個參數。"@recipients, @copy_recipients, @blind_copy_recipients"。
2020/5/29 下午 07:42:27：Web_SendMail：至少必須指定下列其中一個參數。"@recipients, @copy_recipients, @blind_copy_recipients"。
2020/5/29 下午 07:42:40：Web_ProjectTask：無效的資料行名稱 'Pass'。
2020/5/29 下午 07:42:40：Web_ProjectTask：無效的資料行名稱 'Pass'。
2020/5/29 下午 07:42:40：Web_ProjectTask：無效的資料行名稱 'Pass'。
2020/5/29 下午 07:42:40：Web_ProjectTask：無效的資料行名稱 'Pass'。
2020/5/29 下午 07:42:40：Web_ProjectTask：無效的資料行名稱 'Pass'。
2020/5/29 下午 07:42:40：Web_ProjectTask：無效的資料行名稱 'Pass'。
2020/5/29 下午 07:42:40：Web_ProjectTask：無效的資料行名稱 'Pass'。
2020/5/29 下午 07:42:40：Web_ProjectTask：無效的資料行名稱 'Pass'。
2020/5/29 下午 07:42:40：Web_ProjectTask：無效的資料行名稱 'Pass'。
2020/5/29 下午 07:42:40：Web_ProjectTask：無效的資料行名稱 'Pass'。
2020/5/29 下午 07:42:40：Web_ProjectTask：無效的資料行名稱 'Pass'。
2020/5/29 下午 07:42:40：Web_ProjectTask：無效的資料行名稱 'Fail'。
2020/5/29 下午 07:42:40：Web_ProjectTask：無效的資料行名稱 'Fail'。
2020/5/29 下午 07:42:40：Web_ProjectTask：無效的資料行名稱 'Fail'。
2020/5/29 下午 07:42:40：Web_ProjectTask：無效的資料行名稱 'Fail'。
2020/5/29 下午 07:42:40：Web_ProjectTask：無效的資料行名稱 'Fail'。
2020/5/29 下午 07:42:40：Web_ProjectTask：無效的資料行名稱 'Fail'。
2020/5/29 下午 07:42:40：Web_ProjectTask：無效的資料行名稱 'Fail'。
2020/5/29 下午 07:42:40：Web_ProjectTask：無效的資料行名稱 'Pass'。
2020/5/29 下午 07:42:40：Web_ProjectTask：無效的資料行名稱 'Pass'。
2020/5/29 下午 07:42:40：Web_ProjectTask：無效的資料行名稱 'Pass'。
2020/5/29 下午 07:42:40：Web_ProjectTask：無效的資料行名稱 'Pass'。
2020/5/29 下午 07:42:40：Web_ProjectTask：無效的資料行名稱 'Pass'。
2020/5/29 下午 07:42:40：Web_ProjectTask：無效的資料行名稱 'Pass'。
2020/5/29 下午 07:42:40：Web_ProjectTask：無效的資料行名稱 'Pass'。
2020/5/29 下午 07:42:40：Web_ProjectTask：無效的資料行名稱 'Pass'。
2020/5/29 下午 07:42:40：Web_ProjectTask：無效的資料行名稱 'Pass'。
2020/5/29 下午 07:42:40：Web_ProjectTask：無效的資料行名稱 'Fail'。
2020/5/29 下午 07:42:40：Web_ProjectTask：無效的資料行名稱 'Fail'。
2020/5/29 下午 07:42:40：Web_ProjectTask：無效的資料行名稱 'Fail'。
2020/5/29 下午 07:42:40：Web_ProjectTask：無效的資料行名稱 'Fail'。
2020/5/29 下午 07:42:40：Web_ProjectTask：無效的資料行名稱 'Fail'。
2020/5/29 下午 07:42:40：Web_ProjectTask：無效的資料行名稱 'Fail'。
2020/5/29 下午 07:42:40：Web_ProjectTask：無效的資料行名稱 'Fail'。
2020/5/29 下午 07:42:40：Web_ProjectTask：無效的資料行名稱 'Fail'。
2020/5/29 下午 07:42:40：Web_ProjectTask：無效的資料行名稱 'Fail'。
2020/5/29 下午 07:42:40：Web_ProjectTask：無效的資料行名稱 'Fail'。
2020/5/29 下午 07:42:40：Web_ProjectTask：無效的資料行名稱 'Fail'。
2020/5/29 下午 07:42:40：Web_ProjectTask：無效的資料行名稱 'Fail'。
2020/5/29 下午 07:52:50：Web_SendMail：至少必須指定下列其中一個參數。"@recipients, @copy_recipients, @blind_copy_recipients"。
