2020/5/27 上午 09:41:57：Web_SendMail：至少必須指定下列其中一個參數。"@recipients, @copy_recipients, @blind_copy_recipients"。
2020/5/27 下午 05:01:58：Web_SendMail：至少必須指定下列其中一個參數。"@recipients, @copy_recipients, @blind_copy_recipients"。
2020/5/27 下午 05:18:32：Web_SendMail：至少必須指定下列其中一個參數。"@recipients, @copy_recipients, @blind_copy_recipients"。
2020/5/27 下午 05:18:32：Web_SendMail：至少必須指定下列其中一個參數。"@recipients, @copy_recipients, @blind_copy_recipients"。
2020/5/27 下午 05:23:40：Web_SendMail：至少必須指定下列其中一個參數。"@recipients, @copy_recipients, @blind_copy_recipients"。
2020/5/27 下午 05:23:40：Web_SendMail：至少必須指定下列其中一個參數。"@recipients, @copy_recipients, @blind_copy_recipients"。
2020/5/27 下午 05:48:52：Web_ModifyApplication：無效的物件名稱 'dbo.Application_TestCase_Temporarily'。
2020/5/27 下午 05:58:28：Web_SendMail：至少必須指定下列其中一個參數。"@recipients, @copy_recipients, @blind_copy_recipients"。
2020/5/27 下午 06:41:59：Web_ProjectTask：無效的資料行名稱 'Pass'。
2020/5/27 下午 06:41:59：Web_ProjectTask：無效的資料行名稱 'Pass'。
2020/5/27 下午 06:41:59：Web_ProjectTask：無效的資料行名稱 'Pass'。
2020/5/27 下午 06:41:59：Web_ProjectTask：無效的資料行名稱 'Pass'。
2020/5/27 下午 06:41:59：Web_ProjectTask：無效的資料行名稱 'Pass'。
2020/5/27 下午 06:41:59：Web_ProjectTask：無效的資料行名稱 'Pass'。
2020/5/27 下午 06:41:59：Web_ProjectTask：無效的資料行名稱 'Pass'。
2020/5/27 下午 06:41:59：Web_ProjectTask：無效的資料行名稱 'Pass'。
2020/5/27 下午 06:41:59：Web_ProjectTask：無效的資料行名稱 'Pass'。
2020/5/27 下午 06:41:59：Web_ProjectTask：無效的資料行名稱 'Pass'。
2020/5/27 下午 06:41:59：Web_ProjectTask：無效的資料行名稱 'Pass'。
2020/5/27 下午 06:41:59：Web_ProjectTask：無效的資料行名稱 'Fail'。
2020/5/27 下午 06:41:59：Web_ProjectTask：無效的資料行名稱 'Fail'。
2020/5/27 下午 06:41:59：Web_ProjectTask：無效的資料行名稱 'Fail'。
2020/5/27 下午 06:41:59：Web_ProjectTask：無效的資料行名稱 'Fail'。
2020/5/27 下午 06:41:59：Web_ProjectTask：無效的資料行名稱 'Fail'。
2020/5/27 下午 06:41:59：Web_ProjectTask：無效的資料行名稱 'Fail'。
2020/5/27 下午 06:41:59：Web_ProjectTask：無效的資料行名稱 'Fail'。
2020/5/27 下午 06:41:59：Web_ProjectTask：無效的資料行名稱 'Pass'。
2020/5/27 下午 06:41:59：Web_ProjectTask：無效的資料行名稱 'Pass'。
2020/5/27 下午 06:41:59：Web_ProjectTask：無效的資料行名稱 'Pass'。
2020/5/27 下午 06:41:59：Web_ProjectTask：無效的資料行名稱 'Pass'。
2020/5/27 下午 06:41:59：Web_ProjectTask：無效的資料行名稱 'Pass'。
2020/5/27 下午 06:41:59：Web_ProjectTask：無效的資料行名稱 'Pass'。
2020/5/27 下午 06:41:59：Web_ProjectTask：無效的資料行名稱 'Pass'。
2020/5/27 下午 06:41:59：Web_ProjectTask：無效的資料行名稱 'Pass'。
2020/5/27 下午 06:41:59：Web_ProjectTask：無效的資料行名稱 'Pass'。
2020/5/27 下午 06:42:00：Web_ProjectTask：無效的資料行名稱 'Fail'。
2020/5/27 下午 06:42:00：Web_ProjectTask：無效的資料行名稱 'Fail'。
2020/5/27 下午 06:42:00：Web_ProjectTask：無效的資料行名稱 'Fail'。
2020/5/27 下午 06:42:00：Web_ProjectTask：無效的資料行名稱 'Fail'。
2020/5/27 下午 06:42:00：Web_ProjectTask：無效的資料行名稱 'Fail'。
2020/5/27 下午 06:42:00：Web_ProjectTask：無效的資料行名稱 'Fail'。
2020/5/27 下午 06:42:00：Web_ProjectTask：無效的資料行名稱 'Fail'。
2020/5/27 下午 06:42:00：Web_ProjectTask：無效的資料行名稱 'Fail'。
2020/5/27 下午 06:42:00：Web_ProjectTask：無效的資料行名稱 'Fail'。
2020/5/27 下午 06:42:00：Web_ProjectTask：無效的資料行名稱 'Fail'。
2020/5/27 下午 06:42:00：Web_ProjectTask：無效的資料行名稱 'Fail'。
2020/5/27 下午 06:42:00：Web_ProjectTask：無效的資料行名稱 'Fail'。
