2021/1/26 上午 09:01:16：Web_SendMail：至少必須指定下列其中一個參數。"@recipients, @copy_recipients, @blind_copy_recipients"。
2021/1/26 上午 09:03:25：Web_ProjectTask：無效的資料行名稱 'Pass'。
2021/1/26 上午 09:03:25：Web_ProjectTask：無效的資料行名稱 'Pass'。
2021/1/26 上午 09:03:25：Web_ProjectTask：無效的資料行名稱 'Pass'。
2021/1/26 上午 09:03:25：Web_ProjectTask：無效的資料行名稱 '#N'。
無效的資料行名稱 'A'。
2021/1/26 上午 09:03:25：Web_ProjectTask：無效的資料行名稱 'Pass'。
2021/1/26 上午 09:03:25：Web_ProjectTask：無效的資料行名稱 'Pass'。
2021/1/26 上午 09:03:25：Web_ProjectTask：無效的資料行名稱 'Pass'。
2021/1/26 上午 09:03:25：Web_ProjectTask：無效的資料行名稱 'Pass'。
2021/1/26 上午 09:03:25：Web_ProjectTask：無效的資料行名稱 'Pass'。
2021/1/26 上午 09:03:25：Web_ProjectTask：無效的資料行名稱 'Pass'。
2021/1/26 上午 09:03:25：Web_ProjectTask：無效的資料行名稱 'Pass'。
2021/1/26 上午 09:03:25：Web_ProjectTask：無效的資料行名稱 'Pass'。
2021/1/26 上午 09:03:25：Web_ProjectTask：無效的資料行名稱 '#N'。
無效的資料行名稱 'A'。
2021/1/26 上午 09:03:25：Web_ProjectTask：無效的資料行名稱 '#N'。
無效的資料行名稱 'A'。
2021/1/26 上午 09:03:25：Web_ProjectTask：無效的資料行名稱 'Pass'。
2021/1/26 上午 09:03:25：Web_ProjectTask：無效的資料行名稱 'Pass'。
2021/1/26 上午 09:03:25：Web_ProjectTask：無效的資料行名稱 'Pass'。
2021/1/26 上午 09:03:25：Web_ProjectTask：無效的資料行名稱 'Pass'。
2021/1/26 上午 09:03:25：Web_ProjectTask：無效的資料行名稱 'Pass'。
2021/1/26 上午 09:03:25：Web_ProjectTask：無效的資料行名稱 'Pass'。
2021/1/26 上午 09:03:25：Web_ProjectTask：無效的資料行名稱 'Pass'。
2021/1/26 上午 09:03:25：Web_ProjectTask：無效的資料行名稱 'Pass'。
2021/1/26 上午 09:03:25：Web_ProjectTask：無效的資料行名稱 'Fail'。
2021/1/26 上午 09:03:25：Web_ProjectTask：無效的資料行名稱 'Pass'。
2021/1/26 上午 09:03:25：Web_ProjectTask：無效的資料行名稱 'Pass'。
2021/1/26 上午 09:03:25：Web_ProjectTask：無效的資料行名稱 'Pass'。
2021/1/26 上午 09:03:25：Web_ProjectTask：無效的資料行名稱 'Pass'。
2021/1/26 上午 09:03:25：Web_ProjectTask：無效的資料行名稱 'Pass'。
2021/1/26 上午 09:03:25：Web_ProjectTask：無效的資料行名稱 'Pass'。
2021/1/26 上午 09:03:25：Web_ProjectTask：無效的資料行名稱 'Pass'。
2021/1/26 上午 09:03:25：Web_ProjectTask：無效的資料行名稱 'Pass'。
2021/1/26 上午 09:03:25：Web_ProjectTask：無效的資料行名稱 'Pass'。
2021/1/26 上午 09:03:25：Web_ProjectTask：無效的資料行名稱 'Pass'。
2021/1/26 上午 09:03:25：Web_ProjectTask：無效的資料行名稱 'Pass'。
2021/1/26 上午 09:03:25：Web_ProjectTask：無效的資料行名稱 'Pass'。
2021/1/26 上午 09:03:25：Web_ProjectTask：無效的資料行名稱 'Pass'。
2021/1/26 上午 09:03:25：Web_ProjectTask：無效的資料行名稱 'Pass'。
2021/1/26 上午 09:03:25：Web_ProjectTask：無效的資料行名稱 'Pass'。
2021/1/26 上午 09:03:25：Web_ProjectTask：無效的資料行名稱 'Pass'。
2021/1/26 上午 09:03:25：Web_ProjectTask：無效的資料行名稱 'Pass'。
2021/1/26 上午 09:03:25：Web_ProjectTask：無效的資料行名稱 'Pass'。
2021/1/26 上午 09:03:25：Web_ProjectTask：無效的資料行名稱 'Pass'。
2021/1/26 上午 09:03:25：Web_ProjectTask：無效的資料行名稱 'Pass'。
2021/1/26 上午 09:03:25：Web_ProjectTask：無效的資料行名稱 'Pass'。
2021/1/26 上午 09:03:25：Web_ProjectTask：無效的資料行名稱 'Pass'。
2021/1/26 上午 09:03:25：Web_ProjectTask：無效的資料行名稱 'Pass'。
2021/1/26 上午 09:03:25：Web_ProjectTask：無效的資料行名稱 'Pass'。
2021/1/26 上午 09:03:25：Web_ProjectTask：無效的資料行名稱 '#N'。
無效的資料行名稱 'A'。
2021/1/26 上午 09:03:25：Web_ProjectTask：無效的資料行名稱 '#N'。
無效的資料行名稱 'A'。
2021/1/26 上午 09:03:25：Web_ProjectTask：無效的資料行名稱 '#N'。
無效的資料行名稱 'A'。
2021/1/26 上午 09:03:25：Web_ProjectTask：無效的資料行名稱 '#N'。
無效的資料行名稱 'A'。
2021/1/26 上午 09:03:25：Web_ProjectTask：無效的資料行名稱 '#N'。
無效的資料行名稱 'A'。
2021/1/26 上午 09:03:25：Web_ProjectTask：無效的資料行名稱 '#N'。
無效的資料行名稱 'A'。
2021/1/26 上午 09:04:01：Web_SendMail：至少必須指定下列其中一個參數。"@recipients, @copy_recipients, @blind_copy_recipients"。
