2021/5/4 上午 09:45:18：Web_ApparatusReservation：字串或二進位資料會被截斷。
陳述式已經結束。
2021/5/4 上午 09:45:18：Web_ApparatusReservation：字串或二進位資料會被截斷。
陳述式已經結束。
2021/5/4 上午 09:47:12：Web_ApparatusReservation：字串或二進位資料會被截斷。
陳述式已經結束。
2021/5/4 上午 09:47:12：Web_ApparatusReservation：字串或二進位資料會被截斷。
陳述式已經結束。
2021/5/4 上午 09:49:29：Web_ApparatusReservation：字串或二進位資料會被截斷。
陳述式已經結束。
2021/5/4 上午 09:49:29：Web_ApparatusReservation：字串或二進位資料會被截斷。
陳述式已經結束。
2021/5/4 上午 09:49:29：Web_ApparatusReservation：字串或二進位資料會被截斷。
陳述式已經結束。
2021/5/4 上午 09:49:29：Web_ApparatusReservation：字串或二進位資料會被截斷。
陳述式已經結束。
2021/5/4 上午 09:49:29：Web_ApparatusReservation：字串或二進位資料會被截斷。
陳述式已經結束。
2021/5/4 上午 09:49:29：Web_ApparatusReservation：字串或二進位資料會被截斷。
陳述式已經結束。
2021/5/4 上午 09:49:29：Web_ApparatusReservation：字串或二進位資料會被截斷。
陳述式已經結束。
2021/5/4 上午 09:49:29：Web_ApparatusReservation：字串或二進位資料會被截斷。
陳述式已經結束。
2021/5/4 上午 09:49:29：Web_ApparatusReservation：字串或二進位資料會被截斷。
陳述式已經結束。
2021/5/4 上午 11:30:50：Web_SendMail：至少必須指定下列其中一個參數。"@recipients, @copy_recipients, @blind_copy_recipients"。
2021/5/4 上午 11:30:50：Web_SendMail：至少必須指定下列其中一個參數。"@recipients, @copy_recipients, @blind_copy_recipients"。
2021/5/4 上午 11:31:13：Web_SendMail：至少必須指定下列其中一個參數。"@recipients, @copy_recipients, @blind_copy_recipients"。
2021/5/4 上午 11:31:13：Web_SendMail：至少必須指定下列其中一個參數。"@recipients, @copy_recipients, @blind_copy_recipients"。
2021/5/4 下午 03:23:50：Web_ApparatusReservation：將 varchar 資料類型轉換成 datetime 資料類型時，產生超出範圍的值。
陳述式已經結束。
2021/5/4 下午 03:23:50：Web_ApparatusReservation：將 varchar 資料類型轉換成 datetime 資料類型時，產生超出範圍的值。
陳述式已經結束。
2021/5/4 下午 03:23:50：Web_ApparatusReservation：將 varchar 資料類型轉換成 datetime 資料類型時，產生超出範圍的值。
陳述式已經結束。
2021/5/4 下午 03:58:27：Web_ApparatusReservation：字串或二進位資料會被截斷。
陳述式已經結束。
2021/5/4 下午 03:58:27：Web_ApparatusReservation：字串或二進位資料會被截斷。
陳述式已經結束。
2021/5/4 下午 03:58:27：Web_ApparatusReservation：字串或二進位資料會被截斷。
陳述式已經結束。
2021/5/4 下午 03:58:27：Web_ApparatusReservation：字串或二進位資料會被截斷。
陳述式已經結束。
2021/5/4 下午 03:58:27：Web_ApparatusReservation：字串或二進位資料會被截斷。
陳述式已經結束。
2021/5/4 下午 03:58:27：Web_ApparatusReservation：字串或二進位資料會被截斷。
陳述式已經結束。
2021/5/4 下午 03:58:27：Web_ApparatusReservation：字串或二進位資料會被截斷。
陳述式已經結束。
2021/5/4 下午 03:58:27：Web_ApparatusReservation：字串或二進位資料會被截斷。
陳述式已經結束。
2021/5/4 下午 03:58:27：Web_ApparatusReservation：字串或二進位資料會被截斷。
陳述式已經結束。
2021/5/4 下午 03:59:27：Web_ApparatusReservation：字串或二進位資料會被截斷。
陳述式已經結束。
2021/5/4 下午 03:59:27：Web_ApparatusReservation：字串或二進位資料會被截斷。
陳述式已經結束。
2021/5/4 下午 04:00:39：Web_ApparatusReservation：字串或二進位資料會被截斷。
陳述式已經結束。
2021/5/4 下午 04:00:40：Web_ApparatusReservation：字串或二進位資料會被截斷。
陳述式已經結束。
2021/5/4 下午 04:00:40：Web_ApparatusReservation：字串或二進位資料會被截斷。
陳述式已經結束。
2021/5/4 下午 04:00:40：Web_ApparatusReservation：字串或二進位資料會被截斷。
陳述式已經結束。
2021/5/4 下午 04:00:40：Web_ApparatusReservation：字串或二進位資料會被截斷。
陳述式已經結束。
2021/5/4 下午 04:00:40：Web_ApparatusReservation：字串或二進位資料會被截斷。
陳述式已經結束。
2021/5/4 下午 04:00:40：Web_ApparatusReservation：字串或二進位資料會被截斷。
陳述式已經結束。
