2021/2/1 上午 10:00:18：Web_SendMail：至少必須指定下列其中一個參數。"@recipients, @copy_recipients, @blind_copy_recipients"。
2021/2/1 上午 11:31:44：Web_ApparatusReservation：將 varchar 資料類型轉換成 datetime 資料類型時，產生超出範圍的值。
陳述式已經結束。
2021/2/1 上午 11:31:44：Web_ApparatusReservation：將 varchar 資料類型轉換成 datetime 資料類型時，產生超出範圍的值。
陳述式已經結束。
2021/2/1 上午 11:31:44：Web_ApparatusReservation：將 varchar 資料類型轉換成 datetime 資料類型時，產生超出範圍的值。
陳述式已經結束。
2021/2/1 上午 11:31:44：Web_UploadReservation：將 varchar 資料類型轉換成 datetime 資料類型時，產生超出範圍的值。
陳述式已經結束。
2021/2/1 上午 11:31:44：Web_ApparatusReservation：將 varchar 資料類型轉換成 datetime 資料類型時，產生超出範圍的值。
陳述式已經結束。
2021/2/1 上午 11:31:44：Web_ApparatusReservation：將 varchar 資料類型轉換成 datetime 資料類型時，產生超出範圍的值。
陳述式已經結束。
2021/2/1 上午 11:31:44：Web_UploadReservation：將 varchar 資料類型轉換成 datetime 資料類型時，產生超出範圍的值。
陳述式已經結束。
2021/2/1 上午 11:31:44：Web_ApparatusReservation：將 varchar 資料類型轉換成 datetime 資料類型時，產生超出範圍的值。
陳述式已經結束。
2021/2/1 上午 11:31:44：Web_ApparatusReservation：將 varchar 資料類型轉換成 datetime 資料類型時，產生超出範圍的值。
陳述式已經結束。
2021/2/1 上午 11:31:44：Web_UploadReservation：將 varchar 資料類型轉換成 datetime 資料類型時，產生超出範圍的值。
陳述式已經結束。
2021/2/1 上午 11:31:44：Web_ApparatusReservation：將 varchar 資料類型轉換成 datetime 資料類型時，產生超出範圍的值。
陳述式已經結束。
2021/2/1 上午 11:31:44：Web_ApparatusReservation：將 varchar 資料類型轉換成 datetime 資料類型時，產生超出範圍的值。
陳述式已經結束。
2021/2/1 上午 11:47:23：Web_ApparatusReservation：將 varchar 資料類型轉換成 datetime 資料類型時，產生超出範圍的值。
陳述式已經結束。
2021/2/1 上午 11:47:23：Web_ApparatusReservation：將 varchar 資料類型轉換成 datetime 資料類型時，產生超出範圍的值。
陳述式已經結束。
2021/2/1 上午 11:47:23：Web_ApparatusReservation：將 varchar 資料類型轉換成 datetime 資料類型時，產生超出範圍的值。
陳述式已經結束。
2021/2/1 上午 11:47:23：Web_UploadReservation：將 varchar 資料類型轉換成 datetime 資料類型時，產生超出範圍的值。
陳述式已經結束。
2021/2/1 上午 11:47:23：Web_ApparatusReservation：將 varchar 資料類型轉換成 datetime 資料類型時，產生超出範圍的值。
陳述式已經結束。
2021/2/1 上午 11:47:23：Web_ApparatusReservation：將 varchar 資料類型轉換成 datetime 資料類型時，產生超出範圍的值。
陳述式已經結束。
2021/2/1 上午 11:47:23：Web_UploadReservation：將 varchar 資料類型轉換成 datetime 資料類型時，產生超出範圍的值。
陳述式已經結束。
2021/2/1 上午 11:47:23：Web_ApparatusReservation：將 varchar 資料類型轉換成 datetime 資料類型時，產生超出範圍的值。
陳述式已經結束。
2021/2/1 上午 11:47:23：Web_ApparatusReservation：將 varchar 資料類型轉換成 datetime 資料類型時，產生超出範圍的值。
陳述式已經結束。
2021/2/1 上午 11:47:23：Web_UploadReservation：將 varchar 資料類型轉換成 datetime 資料類型時，產生超出範圍的值。
陳述式已經結束。
2021/2/1 上午 11:47:23：Web_ApparatusReservation：將 varchar 資料類型轉換成 datetime 資料類型時，產生超出範圍的值。
陳述式已經結束。
2021/2/1 上午 11:47:23：Web_ApparatusReservation：將 varchar 資料類型轉換成 datetime 資料類型時，產生超出範圍的值。
陳述式已經結束。
2021/2/1 上午 11:47:24：Web_ApparatusReservation：將 varchar 資料類型轉換成 datetime 資料類型時，產生超出範圍的值。
陳述式已經結束。
2021/2/1 上午 11:47:24：Web_ApparatusReservation：將 varchar 資料類型轉換成 datetime 資料類型時，產生超出範圍的值。
陳述式已經結束。
2021/2/1 上午 11:47:24：Web_ApparatusReservation：將 varchar 資料類型轉換成 datetime 資料類型時，產生超出範圍的值。
陳述式已經結束。
2021/2/1 上午 11:47:24：Web_UploadReservation：將 varchar 資料類型轉換成 datetime 資料類型時，產生超出範圍的值。
陳述式已經結束。
2021/2/1 上午 11:47:24：Web_ApparatusReservation：將 varchar 資料類型轉換成 datetime 資料類型時，產生超出範圍的值。
陳述式已經結束。
2021/2/1 上午 11:47:24：Web_ApparatusReservation：將 varchar 資料類型轉換成 datetime 資料類型時，產生超出範圍的值。
陳述式已經結束。
2021/2/1 上午 11:47:24：Web_UploadReservation：將 varchar 資料類型轉換成 datetime 資料類型時，產生超出範圍的值。
陳述式已經結束。
2021/2/1 上午 11:47:24：Web_ApparatusReservation：將 varchar 資料類型轉換成 datetime 資料類型時，產生超出範圍的值。
陳述式已經結束。
2021/2/1 上午 11:47:24：Web_ApparatusReservation：將 varchar 資料類型轉換成 datetime 資料類型時，產生超出範圍的值。
陳述式已經結束。
2021/2/1 上午 11:47:24：Web_UploadReservation：將 varchar 資料類型轉換成 datetime 資料類型時，產生超出範圍的值。
陳述式已經結束。
2021/2/1 上午 11:47:24：Web_ApparatusReservation：將 varchar 資料類型轉換成 datetime 資料類型時，產生超出範圍的值。
陳述式已經結束。
2021/2/1 上午 11:47:24：Web_ApparatusReservation：將 varchar 資料類型轉換成 datetime 資料類型時，產生超出範圍的值。
陳述式已經結束。
2021/2/1 下午 12:19:15：Web_ApparatusReservation：將 varchar 資料類型轉換成 datetime 資料類型時，產生超出範圍的值。
陳述式已經結束。
2021/2/1 下午 12:19:15：Web_ApparatusReservation：將 varchar 資料類型轉換成 datetime 資料類型時，產生超出範圍的值。
陳述式已經結束。
2021/2/1 下午 12:19:15：Web_ApparatusReservation：將 varchar 資料類型轉換成 datetime 資料類型時，產生超出範圍的值。
陳述式已經結束。
2021/2/1 下午 12:19:15：Web_UploadReservation：將 varchar 資料類型轉換成 datetime 資料類型時，產生超出範圍的值。
陳述式已經結束。
2021/2/1 下午 12:19:15：Web_ApparatusReservation：將 varchar 資料類型轉換成 datetime 資料類型時，產生超出範圍的值。
陳述式已經結束。
2021/2/1 下午 12:19:15：Web_ApparatusReservation：將 varchar 資料類型轉換成 datetime 資料類型時，產生超出範圍的值。
陳述式已經結束。
2021/2/1 下午 12:19:15：Web_UploadReservation：將 varchar 資料類型轉換成 datetime 資料類型時，產生超出範圍的值。
陳述式已經結束。
2021/2/1 下午 12:19:15：Web_ApparatusReservation：將 varchar 資料類型轉換成 datetime 資料類型時，產生超出範圍的值。
陳述式已經結束。
2021/2/1 下午 12:19:15：Web_ApparatusReservation：將 varchar 資料類型轉換成 datetime 資料類型時，產生超出範圍的值。
陳述式已經結束。
2021/2/1 下午 12:19:15：Web_UploadReservation：將 varchar 資料類型轉換成 datetime 資料類型時，產生超出範圍的值。
陳述式已經結束。
2021/2/1 下午 12:19:15：Web_ApparatusReservation：將 varchar 資料類型轉換成 datetime 資料類型時，產生超出範圍的值。
陳述式已經結束。
2021/2/1 下午 12:19:15：Web_ApparatusReservation：將 varchar 資料類型轉換成 datetime 資料類型時，產生超出範圍的值。
陳述式已經結束。
2021/2/1 下午 02:02:39：Web_ApparatusReservation：將 varchar 資料類型轉換成 datetime 資料類型時，產生超出範圍的值。
陳述式已經結束。
2021/2/1 下午 02:02:39：Web_ApparatusReservation：將 varchar 資料類型轉換成 datetime 資料類型時，產生超出範圍的值。
陳述式已經結束。
2021/2/1 下午 02:02:39：Web_ApparatusReservation：將 varchar 資料類型轉換成 datetime 資料類型時，產生超出範圍的值。
陳述式已經結束。
2021/2/1 下午 02:02:39：Web_UploadReservation：將 varchar 資料類型轉換成 datetime 資料類型時，產生超出範圍的值。
陳述式已經結束。
2021/2/1 下午 02:02:39：Web_ApparatusReservation：將 varchar 資料類型轉換成 datetime 資料類型時，產生超出範圍的值。
陳述式已經結束。
2021/2/1 下午 02:02:39：Web_ApparatusReservation：將 varchar 資料類型轉換成 datetime 資料類型時，產生超出範圍的值。
陳述式已經結束。
2021/2/1 下午 02:02:39：Web_UploadReservation：將 varchar 資料類型轉換成 datetime 資料類型時，產生超出範圍的值。
陳述式已經結束。
2021/2/1 下午 02:02:39：Web_ApparatusReservation：將 varchar 資料類型轉換成 datetime 資料類型時，產生超出範圍的值。
陳述式已經結束。
2021/2/1 下午 02:02:39：Web_ApparatusReservation：將 varchar 資料類型轉換成 datetime 資料類型時，產生超出範圍的值。
陳述式已經結束。
2021/2/1 下午 02:02:39：Web_UploadReservation：將 varchar 資料類型轉換成 datetime 資料類型時，產生超出範圍的值。
陳述式已經結束。
2021/2/1 下午 02:02:39：Web_ApparatusReservation：將 varchar 資料類型轉換成 datetime 資料類型時，產生超出範圍的值。
陳述式已經結束。
2021/2/1 下午 02:02:39：Web_ApparatusReservation：將 varchar 資料類型轉換成 datetime 資料類型時，產生超出範圍的值。
陳述式已經結束。
2021/2/1 下午 02:04:05：Web_ApparatusReservation：將 varchar 資料類型轉換成 datetime 資料類型時，產生超出範圍的值。
陳述式已經結束。
2021/2/1 下午 02:04:05：Web_ApparatusReservation：將 varchar 資料類型轉換成 datetime 資料類型時，產生超出範圍的值。
陳述式已經結束。
2021/2/1 下午 02:04:05：Web_ApparatusReservation：將 varchar 資料類型轉換成 datetime 資料類型時，產生超出範圍的值。
陳述式已經結束。
2021/2/1 下午 02:04:05：Web_UploadReservation：將 varchar 資料類型轉換成 datetime 資料類型時，產生超出範圍的值。
陳述式已經結束。
2021/2/1 下午 02:04:05：Web_ApparatusReservation：將 varchar 資料類型轉換成 datetime 資料類型時，產生超出範圍的值。
陳述式已經結束。
2021/2/1 下午 02:04:05：Web_ApparatusReservation：將 varchar 資料類型轉換成 datetime 資料類型時，產生超出範圍的值。
陳述式已經結束。
2021/2/1 下午 02:04:05：Web_UploadReservation：將 varchar 資料類型轉換成 datetime 資料類型時，產生超出範圍的值。
陳述式已經結束。
2021/2/1 下午 02:04:05：Web_ApparatusReservation：將 varchar 資料類型轉換成 datetime 資料類型時，產生超出範圍的值。
陳述式已經結束。
2021/2/1 下午 02:04:05：Web_ApparatusReservation：將 varchar 資料類型轉換成 datetime 資料類型時，產生超出範圍的值。
陳述式已經結束。
2021/2/1 下午 02:04:05：Web_UploadReservation：將 varchar 資料類型轉換成 datetime 資料類型時，產生超出範圍的值。
陳述式已經結束。
2021/2/1 下午 02:04:05：Web_ApparatusReservation：將 varchar 資料類型轉換成 datetime 資料類型時，產生超出範圍的值。
陳述式已經結束。
2021/2/1 下午 02:04:05：Web_ApparatusReservation：將 varchar 資料類型轉換成 datetime 資料類型時，產生超出範圍的值。
陳述式已經結束。
2021/2/1 下午 03:13:16：Web_ApparatusReservation：將 varchar 資料類型轉換成 datetime 資料類型時，產生超出範圍的值。
陳述式已經結束。
2021/2/1 下午 03:13:16：Web_ApparatusReservation：將 varchar 資料類型轉換成 datetime 資料類型時，產生超出範圍的值。
陳述式已經結束。
2021/2/1 下午 03:13:16：Web_ApparatusReservation：將 varchar 資料類型轉換成 datetime 資料類型時，產生超出範圍的值。
陳述式已經結束。
2021/2/1 下午 03:13:16：Web_UploadReservation：將 varchar 資料類型轉換成 datetime 資料類型時，產生超出範圍的值。
陳述式已經結束。
2021/2/1 下午 03:13:16：Web_ApparatusReservation：將 varchar 資料類型轉換成 datetime 資料類型時，產生超出範圍的值。
陳述式已經結束。
2021/2/1 下午 03:13:16：Web_ApparatusReservation：將 varchar 資料類型轉換成 datetime 資料類型時，產生超出範圍的值。
陳述式已經結束。
2021/2/1 下午 03:13:16：Web_UploadReservation：將 varchar 資料類型轉換成 datetime 資料類型時，產生超出範圍的值。
陳述式已經結束。
2021/2/1 下午 03:13:16：Web_ApparatusReservation：將 varchar 資料類型轉換成 datetime 資料類型時，產生超出範圍的值。
陳述式已經結束。
2021/2/1 下午 03:13:16：Web_ApparatusReservation：將 varchar 資料類型轉換成 datetime 資料類型時，產生超出範圍的值。
陳述式已經結束。
2021/2/1 下午 03:13:16：Web_UploadReservation：將 varchar 資料類型轉換成 datetime 資料類型時，產生超出範圍的值。
陳述式已經結束。
2021/2/1 下午 03:13:16：Web_ApparatusReservation：將 varchar 資料類型轉換成 datetime 資料類型時，產生超出範圍的值。
陳述式已經結束。
2021/2/1 下午 03:13:16：Web_ApparatusReservation：將 varchar 資料類型轉換成 datetime 資料類型時，產生超出範圍的值。
陳述式已經結束。
2021/2/1 下午 03:37:57：Web_ApparatusReservation：將 varchar 資料類型轉換成 datetime 資料類型時，產生超出範圍的值。
陳述式已經結束。
2021/2/1 下午 03:37:57：Web_ApparatusReservation：將 varchar 資料類型轉換成 datetime 資料類型時，產生超出範圍的值。
陳述式已經結束。
2021/2/1 下午 03:37:57：Web_ApparatusReservation：將 varchar 資料類型轉換成 datetime 資料類型時，產生超出範圍的值。
陳述式已經結束。
2021/2/1 下午 03:37:57：Web_ApparatusReservation：將 varchar 資料類型轉換成 datetime 資料類型時，產生超出範圍的值。
陳述式已經結束。
2021/2/1 下午 03:37:57：Web_ApparatusReservation：將 varchar 資料類型轉換成 datetime 資料類型時，產生超出範圍的值。
陳述式已經結束。
2021/2/1 下午 03:37:57：Web_ApparatusReservation：將 varchar 資料類型轉換成 datetime 資料類型時，產生超出範圍的值。
陳述式已經結束。
2021/2/1 下午 03:37:57：Web_ApparatusReservation：將 varchar 資料類型轉換成 datetime 資料類型時，產生超出範圍的值。
陳述式已經結束。
2021/2/1 下午 03:37:57：Web_ApparatusReservation：將 varchar 資料類型轉換成 datetime 資料類型時，產生超出範圍的值。
陳述式已經結束。
2021/2/1 下午 03:37:57：Web_ApparatusReservation：將 varchar 資料類型轉換成 datetime 資料類型時，產生超出範圍的值。
陳述式已經結束。
2021/2/1 下午 04:27:31：Web_ApparatusReservation：將 varchar 資料類型轉換成 datetime 資料類型時，產生超出範圍的值。
陳述式已經結束。
2021/2/1 下午 04:27:31：Web_ApparatusReservation：將 varchar 資料類型轉換成 datetime 資料類型時，產生超出範圍的值。
陳述式已經結束。
2021/2/1 下午 04:27:31：Web_ApparatusReservation：將 varchar 資料類型轉換成 datetime 資料類型時，產生超出範圍的值。
陳述式已經結束。
2021/2/1 下午 04:27:31：Web_ApparatusReservation：將 varchar 資料類型轉換成 datetime 資料類型時，產生超出範圍的值。
陳述式已經結束。
2021/2/1 下午 04:27:31：Web_ApparatusReservation：將 varchar 資料類型轉換成 datetime 資料類型時，產生超出範圍的值。
陳述式已經結束。
2021/2/1 下午 04:27:31：Web_ApparatusReservation：將 varchar 資料類型轉換成 datetime 資料類型時，產生超出範圍的值。
陳述式已經結束。
2021/2/1 下午 04:27:31：Web_ApparatusReservation：將 varchar 資料類型轉換成 datetime 資料類型時，產生超出範圍的值。
陳述式已經結束。
2021/2/1 下午 04:27:31：Web_ApparatusReservation：將 varchar 資料類型轉換成 datetime 資料類型時，產生超出範圍的值。
陳述式已經結束。
2021/2/1 下午 04:27:31：Web_ApparatusReservation：將 varchar 資料類型轉換成 datetime 資料類型時，產生超出範圍的值。
陳述式已經結束。
